Component: ARM Compiler 5.06 update 6 (build 750) Tool: armlink [4d35ed]

==============================================================================

Section Cross References

    spi_sample.o(.text) refers to thread.o(.text) for rt_thread_mdelay
    spi_sample.o(.text) refers to spi_core.o(.text) for rt_spi_transfer
    spi_sample.o(.text) refers to kservice.o(.text) for rt_kprintf
    spi_sample.o(.text) refers to drv_spi.o(.text) for rt_spi_device_attach
    spi_sample.o(.text) refers to device.o(.text) for rt_device_find
    spi_sample.o(.text) refers to spi_sample.o(.data) for .data
    spi_sample.o(FSymTab) refers to spi_sample.o(.rodata.name) for __fsym_spi_recv_sample_name
    spi_sample.o(FSymTab) refers to spi_sample.o(.rodata.name) for __fsym_spi_recv_sample_desc
    spi_sample.o(FSymTab) refers to spi_sample.o(.text) for spi_recv_sample
    main.o(.text) refers to gd32f30x_rcu.o(.text) for rcu_periph_clock_enable
    main.o(.text) refers to gd32f30x_gpio.o(.text) for gpio_init
    main.o(.text) refers to pin.o(.text) for rt_pin_mode
    main.o(.text) refers to thread.o(.text) for rt_thread_mdelay
    syscall_mem.o(.text) refers (Special) to hguard.o(.text) for __use_no_heap
    syscall_mem.o(.text) refers to kservice.o(.text) for rt_malloc
    syscalls.o(.text) refers (Special) to use_no_semi.o(.text) for __use_no_semihosting_swi
    syscalls.o(.text) refers to strcmpv7m.o(.text) for strcmp
    syscalls.o(.text) refers to kservice.o(.text) for rt_kprintf
    syscalls.o(.text) refers to device.o(.text) for rt_device_write
    syscalls.o(.text) refers to stdlib.o(.text) for __rt_libc_exit
    syscalls.o(.text) refers to syscalls.o(.constdata) for .constdata
    syscalls.o(.constdata) refers (Special) to use_no_semi.o(.text) for __use_no_semihosting_swi
    stdlib.o(.text) refers to thread.o(.text) for rt_thread_self
    stdlib.o(.text) refers to kservice.o(.text) for rt_kprintf
    stdlib.o(.text) refers to msh.o(.text) for msh_exec
    time.o(.text) refers to kservice.o(.text) for rt_strlen
    time.o(.text) refers to clock.o(.text) for rt_tick_get
    time.o(.text) refers to time.o(.constdata) for .constdata
    time.o(.text) refers to time.o(.bss) for .bss
    time.o(.text) refers to time.o(.data) for .data
    time.o(.text) refers to time.o(.conststring) for .conststring
    time.o(.text) refers to context_rvds.o(.text) for rt_hw_interrupt_disable
    time.o(.data) refers to time.o(.conststring) for .conststring
    showmem.o(.text) refers to kservice.o(.text) for rt_assert_handler
    showmem.o(.text) refers to showmem.o(.constdata) for .constdata
    context_rvds.o(.text) refers to cpuport.o(.text) for rt_hw_hard_fault_exception
    context_rvds.o(.text) refers to cpuport.o(.data) for rt_thread_switch_interrupt_flag
    context_rvds.o(.text) refers to cpuport.o(.data) for rt_interrupt_from_thread
    context_rvds.o(.text) refers to cpuport.o(.data) for rt_interrupt_to_thread
    cpuport.o(.text) refers to kservice.o(.text) for rt_kprintf
    cpuport.o(.text) refers to thread.o(.text) for rt_thread_self
    cpuport.o(.text) refers to cmd.o(.text) for list_thread
    cpuport.o(.text) refers to cpuport.o(.data) for .data
    cpuport.o(.text) refers to cpuport.o(.constdata) for .constdata
    can.o(.text) refers to kservice.o(.text) for rt_assert_handler
    can.o(.text) refers to context_rvds.o(.text) for rt_hw_interrupt_disable
    can.o(.text) refers to ipc.o(.text) for rt_sem_take
    can.o(.text) refers to completion.o(.text) for rt_completion_wait
    can.o(.text) refers to can.o(.constdata) for .constdata
    can.o(.text) refers to timer.o(.text) for rt_timer_start
    can.o(.text) refers to device.o(.text) for rt_device_control
    can.o(.text) refers to can.o(.conststring) for .conststring
    can.o(.text) refers to can.o(.data) for .data
    can.o(.data) refers to can.o(.conststring) for .conststring
    can.o(FSymTab) refers to can.o(.rodata.name) for __fsym_canstat_name
    can.o(FSymTab) refers to can.o(.rodata.name) for __fsym_canstat_desc
    can.o(FSymTab) refers to can.o(.text) for cmd_canstat
    completion.o(.text) refers to kservice.o(.text) for rt_assert_handler
    completion.o(.text) refers to context_rvds.o(.text) for rt_hw_interrupt_disable
    completion.o(.text) refers to scheduler.o(.text) for rt_critical_level
    completion.o(.text) refers to thread.o(.text) for rt_thread_self
    completion.o(.text) refers to irq.o(.text) for rt_interrupt_get_nest
    completion.o(.text) refers to timer.o(.text) for rt_timer_control
    completion.o(.text) refers to completion.o(.constdata) for .constdata
    dataqueue.o(.text) refers to kservice.o(.text) for rt_assert_handler
    dataqueue.o(.text) refers to context_rvds.o(.text) for rt_hw_interrupt_disable
    dataqueue.o(.text) refers to scheduler.o(.text) for rt_critical_level
    dataqueue.o(.text) refers to thread.o(.text) for rt_thread_self
    dataqueue.o(.text) refers to irq.o(.text) for rt_interrupt_get_nest
[...]
    rt_data_queue_reset                      0x0800243f   Thumb Code   168  dataqueue.o(.text)
    rt_data_queue_deinit                     0x080024e7   Thumb Code    74  dataqueue.o(.text)
    rt_work_init                             0x08002755   Thumb Code    54  workqueue.o(.text)
    rt_workqueue_create                      0x0800278b   Thumb Code    92  workqueue.o(.text)
    rt_workqueue_cancel_all_work             0x080027e7   Thumb Code    64  workqueue.o(.text)
    rt_workqueue_destroy                     0x08002827   Thumb Code    50  workqueue.o(.text)
    rt_workqueue_dowork                      0x08002859   Thumb Code    50  workqueue.o(.text)
    rt_workqueue_submit_work                 0x0800288b   Thumb Code    74  workqueue.o(.text)
    rt_workqueue_urgent_work                 0x080028d5   Thumb Code   216  workqueue.o(.text)
    rt_workqueue_cancel_work                 0x080029ad   Thumb Code    48  workqueue.o(.text)
    rt_workqueue_cancel_work_sync            0x080029dd   Thumb Code    74  workqueue.o(.text)
    rt_work_submit                           0x08002a27   Thumb Code    10  workqueue.o(.text)
    rt_work_urgent                           0x08002a31   Thumb Code     8  workqueue.o(.text)
    rt_work_cancel                           0x08002a39   Thumb Code     8  workqueue.o(.text)
    rt_device_pin_register                   0x08002b43   Thumb Code    52  pin.o(.text)
    rt_pin_attach_irq                        0x08002b77   Thumb Code    58  pin.o(.text)
    rt_pin_detach_irq                        0x08002bb1   Thumb Code    44  pin.o(.text)
    rt_pin_irq_enable                        0x08002bdd   Thumb Code    48  pin.o(.text)
    rt_pin_mode                              0x08002c0d   Thumb Code    40  pin.o(.text)
    rt_pin_write                             0x08002c35   Thumb Code    40  pin.o(.text)
    rt_pin_read                              0x08002c5d   Thumb Code    36  pin.o(.text)
    rt_pin_get                               0x08002c81   Thumb Code    60  pin.o(.text)
    rt_hw_serial_register                    0x08003443   Thumb Code    76  serial.o(.text)
    rt_hw_serial_isr                         0x0800348f   Thumb Code   424  serial.o(.text)
    rt_spi_bus_register                      0x08003875   Thumb Code    44  spi_core.o(.text)
    rt_spi_bus_attach_device                 0x080038a1   Thumb Code    60  spi_core.o(.text)
    rt_spi_configure                         0x080038dd   Thumb Code    82  spi_core.o(.text)
    rt_spi_send_then_send                    0x0800392f   Thumb Code   188  spi_core.o(.text)
    rt_spi_send_then_recv                    0x080039eb   Thumb Code   180  spi_core.o(.text)
    rt_spi_transfer                          0x08003a9f   Thumb Code   168  spi_core.o(.text)
    rt_spi_transfer_message                  0x08003b47   Thumb Code   124  spi_core.o(.text)
    rt_spi_take_bus                          0x08003bc3   Thumb Code   126  spi_core.o(.text)
    rt_spi_release_bus                       0x08003c41   Thumb Code    72  spi_core.o(.text)
    rt_spi_take                              0x08003c89   Thumb Code   156  spi_core.o(.text)
    rt_spi_release                           0x08003d25   Thumb Code    72  spi_core.o(.text)
    rt_spi_bus_device_init                   0x08003ddd   Thumb Code    58  spi_dev.o(.text)
    rt_spidev_device_init                    0x08003e87   Thumb Code    58  spi_dev.o(.text)
    Error_Handler                            0x08003f41   Thumb Code     2  board.o(.text)
    SystemClock_Config                       0x08003f43   Thumb Code    58  board.o(.text)
    SysTick_Handler                          0x08003f7d   Thumb Code    18  board.o(.text)
    rt_hw_board_init                         0x08003f8f   Thumb Code    36  board.o(.text)
    Reset_Handler                            0x08003fed   Thumb Code     8  startup_gd32f30x_hd.o(.text)
    NMI_Handler                              0x08003ff5   Thumb Code     2  startup_gd32f30x_hd.o(.text)
    MemManage_Handler                        0x08003ff9   Thumb Code     2  startup_gd32f30x_hd.o(.text)
    BusFault_Handler                         0x08003ffb   Thumb Code     2  startup_gd32f30x_hd.o(.text)
    UsageFault_Handler                       0x08003ffd   Thumb Code     2  startup_gd32f30x_hd.o(.text)
    SVC_Handler                              0x08003fff   Thumb Code     2  startup_gd32f30x_hd.o(.text)
    DebugMon_Handler                         0x08004001   Thumb Code     2  startup_gd32f30x_hd.o(.text)
    ADC0_1_IRQHandler                        0x08004007   Thumb Code     0  startup_gd32f30x_hd.o(.text)
    ADC2_IRQHandler                          0x08004007   Thumb Code     0  startup_gd32f30x_hd.o(.text)
    DMA0_Channel0_IRQHandler                 0x08004007   Thumb Code     0  startup_gd32f30x_hd.o(.text)
    DMA0_Channel1_IRQHandler                 0x08004007   Thumb Code     0  startup_gd32f30x_hd.o(.text)
    DMA0_Channel2_IRQHandler                 0x08004007   Thumb Code     0  startup_gd32f30x_hd.o(.text)
    DMA0_Channel3_IRQHandler                 0x08004007   Thumb Code     0  startup_gd32f30x_hd.o(.text)
    DMA0_Channel4_IRQHandler                 0x08004007   Thumb Code     0  startup_gd32f30x_hd.o(.text)
    DMA0_Channel5_IRQHandler                 0x08004007   Thumb Code     0  startup_gd32f30x_hd.o(.text)
    DMA0_Channel6_IRQHandler                 0x08004007   Thumb Code     0  startup_gd32f30x_hd.o(.text)
    DMA1_Channel0_IRQHandler                 0x08004007   Thumb Code     0  startup_gd32f30x_hd.o(.text)
    DMA1_Channel1_IRQHandler                 0x08004007   Thumb Code     0  startup_gd32f30x_hd.o(.text)
    DMA1_Channel2_IRQHandler                 0x08004007   Thumb Code     0  startup_gd32f30x_hd.o(.text)
    DMA1_Channel3_4_IRQHandler               0x08004007   Thumb Code     0  startup_gd32f30x_hd.o(.text)
    EXMC_IRQHandler                          0x08004007   Thumb Code     0  startup_gd32f30x_hd.o(.text)
    FMC_IRQHandler                           0x08004007   Thumb Code     0  startup_gd32f30x_hd.o(.text)
    I2C0_ER_IRQHandler                       0x08004007   Thumb Code     0  startup_gd32f30x_hd.o(.text)
    I2C0_EV_IRQHandler                       0x08004007   Thumb Code     0  startup_gd32f30x_hd.o(.text)
    I2C1_ER_IRQHandler                       0x08004007   Thumb Code     0  startup_gd32f30x_hd.o(.text)
    I2C1_EV_IRQHandler                       0x08004007   Thumb Code     0  startup_gd32f30x_hd.o(.text)
    LVD_IRQHandler                           0x08004007   Thumb Code     0  startup_gd32f30x_hd.o(.text)
    RCU_CTC_IRQHandler                       0x08004007   Thumb Code     0  startup_gd32f30x_hd.o(.text)
    RTC_Alarm_IRQHandler                     0x08004007   Thumb Code     0  startup_gd32f30x_hd.o(.text)
    RTC_IRQHandler                           0x08004007   Thumb Code     0  startup_gd32f30x_hd.o(.text)
    SDIO_IRQHandler                          0x08004007   Thumb Code     0  startup_gd32f30x_hd.o(.text)
    SPI0_IRQHandler                          0x08004007   Thumb Code     0  startup_gd32f30x_hd.o(.text)
    SPI1_IRQHandler                          0x08004007   Thumb Code     0  startup_gd32f30x_hd.o(.text)
    SPI2_IRQHandler                          0x08004007   Thumb Code     0  startup_gd32f30x_hd.o(.text)
    TAMPER_IRQHandler                        0x08004007   Thumb Code     0  startup_gd32f30x_hd.o(.text)
    TIMER0_BRK_IRQHandler                    0x08004007   Thumb Code     0  startup_gd32f30x_hd.o(.text)
    TIMER0_Channel_IRQHandler                0x08004007   Thumb Code     0  startup_gd32f30x_hd.o(.text)
    TIMER0_TRG_CMT_IRQHandler                0x08004007   Thumb Code     0  startup_gd32f30x_hd.o(.text)
    TIMER0_UP_IRQHandler                     0x08004007   Thumb Code     0  startup_gd32f30x_hd.o(.text)
    TIMER1_IRQHandler                        0x08004007   Thumb Code     0  startup_gd32f30x_hd.o(.text)
    TIMER2_IRQHandler                        0x08004007   Thumb Code     0  startup_gd32f30x_hd.o(.text)
    TIMER3_IRQHandler                        0x08004007   Thumb Code     0  startup_gd32f30x_hd.o(.text)
    TIMER4_IRQHandler                        0x08004007   Thumb Code     0  startup_gd32f30x_hd.o(.text)
    TIMER5_IRQHandler                        0x08004007   Thumb Code     0  startup_gd32f30x_hd.o(.text)
    TIMER6_IRQHandler                        0x08004007   Thumb Code     0  startup_gd32f30x_hd.o(.text)
    TIMER7_BRK_IRQHandler                    0x08004007   Thumb Code     0  startup_gd32f30x_hd.o(.text)
    TIMER7_Channel_IRQHandler                0x08004007   Thumb Code     0  startup_gd32f30x_hd.o(.text)
    TIMER7_TRG_CMT_IRQHandler                0x08004007   Thumb Code     0  startup_gd32f30x_hd.o(.text)
    TIMER7_UP_IRQHandler                     0x08004007   Thumb Code     0  startup_gd32f30x_hd.o(.text)
    UART3_IRQHandler                         0x08004007   Thumb Code     0  startup_gd32f30x_hd.o(.text)
    UART4_IRQHandler                         0x08004007   Thumb Code     0  startup_gd32f30x_hd.o(.text)
    USART0_IRQHandler                        0x08004007   Thumb Code     0  startup_gd32f30x_hd.o(.text)
    USART1_IRQHandler                        0x08004007   Thumb Code     0  startup_gd32f30x_hd.o(.text)
    USBD_WKUP_IRQHandler                     0x08004007   Thumb Code     0  startup_gd32f30x_hd.o(.text)
    WWDGT_IRQHandler                         0x08004007   Thumb Code     0  startup_gd32f30x_hd.o(.text)
    __user_initial_stackheap                 0x08004009   Thumb Code    10  startup_gd32f30x_hd.o(.text)
    gd32_can_gpio_init                       0x0800402d   Thumb Code    68  drv_can.o(.text)
    USBD_HP_CAN0_TX_IRQHandler               0x080048c5   Thumb Code    20  drv_can.o(.text)
    USBD_LP_CAN0_RX0_IRQHandler              0x080048d9   Thumb Code    22  drv_can.o(.text)
    CAN0_RX1_IRQHandler                      0x080048ef   Thumb Code    22  drv_can.o(.text)
    CAN0_EWMC_IRQHandler                     0x08004905   Thumb Code    20  drv_can.o(.text)
    rt_hw_can_init                           0x08004919   Thumb Code   134  drv_can.o(.text)
    get_pin                                  0x080049c1   Thumb Code    22  drv_gpio.o(.text)
    GD32_GPIO_EXTI_IRQHandler                0x08004be9   Thumb Code    48  drv_gpio.o(.text)
    EXTI0_IRQHandler                         0x08004c19   Thumb Code    20  drv_gpio.o(.text)
    EXTI1_IRQHandler                         0x08004c2d   Thumb Code    20  drv_gpio.o(.text)
    EXTI2_IRQHandler                         0x08004c41   Thumb Code    20  drv_gpio.o(.text)
    EXTI3_IRQHandler                         0x08004c55   Thumb Code    20  drv_gpio.o(.text)
    EXTI4_IRQHandler                         0x08004c69   Thumb Code    20  drv_gpio.o(.text)
    EXTI5_9_IRQHandler                       0x08004c7d   Thumb Code    44  drv_gpio.o(.text)
    EXTI10_15_IRQHandler                     0x08004ca9   Thumb Code    50  drv_gpio.o(.text)
    rt_hw_pin_init                           0x08004cdb   Thumb Code    34  drv_gpio.o(.text)
    rt_hw_spi_init                           0x08004f3b   Thumb Code    42  drv_spi.o(.text)
    rt_spi_device_attach                     0x08004f65   Thumb Code   132  drv_spi.o(.text)
    USART2_IRQHandler                        0x080050c1   Thumb Code    68  drv_usart.o(.text)
    gd32_uart_gpio_init                      0x08005105   Thumb Code    90  drv_usart.o(.text)
    gd32_hw_usart_init                       0x080052bd   Thumb Code    62  drv_usart.o(.text)
    finsh_set_prompt                         0x08005365   Thumb Code    46  shell.o(.text)
    finsh_get_prompt                         0x08005393   Thumb Code    56  shell.o(.text)
    finsh_get_prompt_mode                    0x080053cb   Thumb Code    30  shell.o(.text)
    finsh_set_prompt_mode                    0x080053e9   Thumb Code    36  shell.o(.text)
    finsh_getchar                            0x0800540d   Thumb Code    90  shell.o(.text)
    finsh_set_device                         0x08005485   Thumb Code   136  shell.o(.text)
    finsh_get_device                         0x0800550d   Thumb Code    28  shell.o(.text)
    finsh_set_echo                           0x08005529   Thumb Code    38  shell.o(.text)
    finsh_get_echo                           0x0800554f   Thumb Code    34  shell.o(.text)
    finsh_thread_entry                       0x08005625   Thumb Code   828  shell.o(.text)
    finsh_system_function_init               0x08005961   Thumb Code     8  shell.o(.text)
    finsh_system_init                        0x08005969   Thumb Code    94  shell.o(.text)
    msh_help                                 0x08005a41   Thumb Code    44  msh.o(.text)
    cmd_ps                                   0x08005a6d   Thumb Code    10  msh.o(.text)
    cmd_free                                 0x08005a77   Thumb Code    48  msh.o(.text)
    msh_exec                                 0x08005aa7   Thumb Code    74  msh.o(.text)
    msh_auto_complete                        0x08005af1   Thumb Code   134  msh.o(.text)
    version                                  0x08005d75   Thumb Code    10  cmd.o(.text)
    list_thread                              0x08005de5   Thumb Code   248  cmd.o(.text)
    list_sem                                 0x08005edd   Thumb Code   186  cmd.o(.text)
    list_event                               0x08005f97   Thumb Code   180  cmd.o(.text)
    list_mutex                               0x0800604b   Thumb Code   146  cmd.o(.text)
    list_mailbox                             0x080060dd   Thumb Code   794  cmd.o(.text)
    list_msgqueue                            0x080063f7   Thumb Code   184  cmd.o(.text)
    list_mempool                             0x080064af   Thumb Code   200  cmd.o(.text)
    list_timer                               0x08006577   Thumb Code   176  cmd.o(.text)
    list_device                              0x08006627   Thumb Code   150  cmd.o(.text)
    rt_tick_sethook                          0x080069a9   Thumb Code     6  clock.o(.text)
    rt_tick_get                              0x080069af   Thumb Code     6  clock.o(.text)
    rt_tick_set                              0x080069b5   Thumb Code    20  clock.o(.text)
    rt_tick_increase                         0x080069c9   Thumb Code    74  clock.o(.text)
    rt_tick_from_millisecond                 0x08006a13   Thumb Code    52  clock.o(.text)
    rt_tick_get_millisecond                  0x08006a47   Thumb Code    12  clock.o(.text)
    rt_components_board_init                 0x08006a69   Thumb Code    20  components.o(.text)
    rt_components_init                       0x08006a7d   Thumb Code    20  components.o(.text)
    main_thread_entry                        0x08006a91   Thumb Code    14  components.o(.text)
    rt_application_init                      0x08006a9f   Thumb Code    50  components.o(.text)
    rtthread_startup                         0x08006ad1   Thumb Code    42  components.o(.text)
    main                                     0x08006afb   Thumb Code    10  components.o(.text)
    rt_device_find                           0x08006b2d   Thumb Code     6  device.o(.text)
    rt_device_register                       0x08006b33   Thumb Code    50  device.o(.text)
    rt_device_unregister                     0x08006b65   Thumb Code    64  device.o(.text)
    rt_device_create                         0x08006ba5   Thumb Code    34  device.o(.text)
    rt_device_destroy                        0x08006bc7   Thumb Code    76  device.o(.text)
    rt_device_init                           0x08006c13   Thumb Code    64  device.o(.text)
    rt_device_open                           0x08006c53   Thumb Code   166  device.o(.text)
    rt_device_close                          0x08006cf9   Thumb Code    96  device.o(.text)
    rt_device_read                           0x08006d59   Thumb Code    98  device.o(.text)
    rt_device_write                          0x08006dbb   Thumb Code    98  device.o(.text)
    rt_device_control                        0x08006e1d   Thumb Code    70  device.o(.text)
    rt_device_set_rx_indicate                0x08006e63   Thumb Code    52  device.o(.text)
    rt_device_set_tx_complete                0x08006e97   Thumb Code    52  device.o(.text)
    rt_thread_idle_sethook                   0x08006fc5   Thumb Code    50  idle.o(.text)
    rt_thread_idle_delhook                   0x08006ff7   Thumb Code    52  idle.o(.text)
    rt_thread_defunct_enqueue                0x0800702b   Thumb Code    18  idle.o(.text)
    rt_thread_defunct_dequeue                0x0800703d   Thumb Code    44  idle.o(.text)
    rt_thread_idle_init                      0x080070af   Thumb Code    52  idle.o(.text)
    rt_thread_idle_gethandler                0x080070e3   Thumb Code     6  idle.o(.text)
    rt_sem_init                              0x0800715f   Thumb Code    94  ipc.o(.text)
    rt_sem_detach                            0x080071bd   Thumb Code    84  ipc.o(.text)
    rt_sem_create                            0x08007211   Thumb Code   118  ipc.o(.text)
    rt_sem_delete                            0x08007287   Thumb Code   126  ipc.o(.text)
    rt_sem_take                              0x08007305   Thumb Code   300  ipc.o(.text)
    rt_sem_trytake                           0x08007431   Thumb Code     4  ipc.o(.text)
    rt_sem_release                           0x08007435   Thumb Code   122  ipc.o(.text)
    rt_sem_control                           0x080074af   Thumb Code   458  ipc.o(.text)
    rt_mutex_init                            0x08007679   Thumb Code    58  ipc.o(.text)
    rt_mutex_detach                          0x080076b3   Thumb Code    84  ipc.o(.text)
    rt_mutex_create                          0x08007707   Thumb Code    88  ipc.o(.text)
    rt_mutex_delete                          0x0800775f   Thumb Code   130  ipc.o(.text)
    rt_mutex_take                            0x080077e1   Thumb Code   384  ipc.o(.text)
    rt_mutex_trytake                         0x08007961   Thumb Code     4  ipc.o(.text)
    rt_mutex_release                         0x08007965   Thumb Code   468  ipc.o(.text)
    rt_mutex_control                         0x08007b39   Thumb Code    48  ipc.o(.text)
    rt_event_init                            0x08007b69   Thumb Code    72  ipc.o(.text)
    rt_event_detach                          0x08007bb1   Thumb Code    84  ipc.o(.text)
    rt_event_create                          0x08007c05   Thumb Code   102  ipc.o(.text)
    rt_event_delete                          0x08007c6b   Thumb Code   130  ipc.o(.text)
    rt_event_send                            0x08007ced   Thumb Code   196  ipc.o(.text)
    rt_event_recv                            0x08007db1   Thumb Code   588  ipc.o(.text)
    rt_event_control                         0x08007ffd   Thumb Code    86  ipc.o(.text)
    rt_mb_init                               0x08008053   Thumb Code    92  ipc.o(.text)
    rt_mb_detach                             0x080080af   Thumb Code    92  ipc.o(.text)
    rt_mb_create                             0x0800810b   Thumb Code   144  ipc.o(.text)
    rt_mb_delete                             0x0800819b   Thumb Code   144  ipc.o(.text)
    rt_mb_send_wait                          0x0800822b   Thumb Code   432  ipc.o(.text)
    rt_mb_send                               0x080083db   Thumb Code     4  ipc.o(.text)
    rt_mb_urgent                             0x080083df   Thumb Code   286  ipc.o(.text)
    rt_mb_recv                               0x080084fd   Thumb Code   450  ipc.o(.text)
    rt_mb_control                            0x080086bf   Thumb Code   102  ipc.o(.text)
    rt_mq_init                               0x08008725   Thumb Code   142  ipc.o(.text)
    rt_mq_detach                             0x080087b3   Thumb Code    92  ipc.o(.text)
    rt_mq_create                             0x0800880f   Thumb Code   282  ipc.o(.text)
    rt_mq_delete                             0x08008929   Thumb Code   134  ipc.o(.text)
    rt_mq_send_wait                          0x080089af   Thumb Code   506  ipc.o(.text)
    rt_mq_send                               0x08008ba9   Thumb Code     4  ipc.o(.text)
    rt_mq_urgent                             0x08008bad   Thumb Code   222  ipc.o(.text)
    rt_mq_recv                               0x08008c8b   Thumb Code   622  ipc.o(.text)
    rt_mq_control                            0x08008ef9   Thumb Code   124  ipc.o(.text)
    rt_interrupt_enter_sethook               0x08008fd1   Thumb Code     6  irq.o(.text)
    rt_interrupt_leave_sethook               0x08008fd7   Thumb Code     6  irq.o(.text)
    rt_interrupt_enter                       0x08008fdd   Thumb Code    32  irq.o(.text)
    rt_interrupt_leave                       0x08008ffd   Thumb Code    32  irq.o(.text)
    rt_interrupt_get_nest                    0x0800901d   Thumb Code    18  irq.o(.text)
    rt_hw_console_output                     0x08009035   Thumb Code     2  kservice.o(.text)
    rt_vsnprintf                             0x08009165   Thumb Code   632  kservice.o(.text)
    rt_kprintf                               0x080093dd   Thumb Code    56  kservice.o(.text)
    rt_hw_us_delay                           0x08009415   Thumb Code    10  kservice.o(.text)
    rt_get_errno                             0x0800941f   Thumb Code    24  kservice.o(.text)
    rt_set_errno                             0x08009437   Thumb Code    26  kservice.o(.text)
    _rt_errno                                0x08009451   Thumb Code    24  kservice.o(.text)
    rt_memset                                0x08009469   Thumb Code    70  kservice.o(.text)
    rt_memcpy                                0x080094af   Thumb Code    76  kservice.o(.text)
    rt_memmove                               0x080094fb   Thumb Code    48  kservice.o(.text)
    rt_memcmp                                0x0800952b   Thumb Code    28  kservice.o(.text)
    rt_strlen                                0x08009547   Thumb Code    16  kservice.o(.text)
    rt_strstr                                0x08009557   Thumb Code    54  kservice.o(.text)
    rt_strcasecmp                            0x0800958d   Thumb Code    44  kservice.o(.text)
    rt_strncpy                               0x080095b9   Thumb Code    38  kservice.o(.text)
    rt_strcpy                                0x080095df   Thumb Code    26  kservice.o(.text)
    rt_strncmp                               0x080095f9   Thumb Code    32  kservice.o(.text)
    rt_strcmp                                0x08009619   Thumb Code    24  kservice.o(.text)
    rt_strnlen                               0x08009631   Thumb Code    20  kservice.o(.text)
    strnlen                                  0x08009631   Thumb Code     0  kservice.o(.text)
    rt_assert_handler                        0x08009645   Thumb Code    46  kservice.o(.text)
    rt_malloc                                0x08009673   Thumb Code    46  kservice.o(.text)
    rt_strdup                                0x080096a1   Thumb Code   116  kservice.o(.text)
    strdup                                   0x080096a1   Thumb Code     0  kservice.o(.text)
    rt_show_version                          0x08009715   Thumb Code    42  kservice.o(.text)
    rt_snprintf                              0x0800973f   Thumb Code    14  kservice.o(.text)
    rt_vsprintf                              0x0800974d   Thumb Code    16  kservice.o(.text)
    rt_sprintf                               0x0800975d   Thumb Code    14  kservice.o(.text)
    rt_console_get_device                    0x0800976b   Thumb Code     6  kservice.o(.text)
    rt_console_set_device                    0x08009771   Thumb Code    44  kservice.o(.text)
    rt_kputs                                 0x0800979d   Thumb Code    42  kservice.o(.text)
    rt_malloc_sethook                        0x080097c7   Thumb Code     6  kservice.o(.text)
    rt_free_sethook                          0x080097cd   Thumb Code     6  kservice.o(.text)
    rt_system_heap_init                      0x080097d3   Thumb Code    58  kservice.o(.text)
    rt_realloc                               0x0800980d   Thumb Code    36  kservice.o(.text)
    rt_calloc                                0x08009831   Thumb Code    26  kservice.o(.text)
    rt_free                                  0x0800984b   Thumb Code    36  kservice.o(.text)
    rt_memory_info                           0x0800986f   Thumb Code    50  kservice.o(.text)
    rt_malloc_align                          0x080098a1   Thumb Code    50  kservice.o(.text)
    rt_free_align                            0x080098d3   Thumb Code    12  kservice.o(.text)
    __rt_ffs                                 0x080098df   Thumb Code    64  kservice.o(.text)
    rt_assert_set_hook                       0x0800991f   Thumb Code     6  kservice.o(.text)
    rt_smem_init                             0x08009aed   Thumb Code   144  mem.o(.text)
    rt_smem_detach                           0x08009b7d   Thumb Code    72  mem.o(.text)
    rt_smem_alloc                            0x08009bc5   Thumb Code   332  mem.o(.text)
    rt_smem_free                             0x08009d11   Thumb Code   210  mem.o(.text)
    rt_smem_realloc                          0x08009de3   Thumb Code   844  mem.o(.text)
    rt_object_attach_sethook                 0x0800a1a5   Thumb Code     6  object.o(.text)
    rt_object_detach_sethook                 0x0800a1ab   Thumb Code     6  object.o(.text)
    rt_object_trytake_sethook                0x0800a1b1   Thumb Code     6  object.o(.text)
    rt_object_take_sethook                   0x0800a1b7   Thumb Code     6  object.o(.text)
    rt_object_put_sethook                    0x0800a1bd   Thumb Code     6  object.o(.text)
    rt_object_get_information                0x0800a1c3   Thumb Code    32  object.o(.text)
    rt_object_get_length                     0x0800a1e3   Thumb Code    46  object.o(.text)
    rt_object_get_pointers                   0x0800a211   Thumb Code    70  object.o(.text)
    rt_object_init                           0x0800a257   Thumb Code   128  object.o(.text)
    rt_object_detach                         0x0800a2d7   Thumb Code    58  object.o(.text)
    rt_object_allocate                       0x0800a311   Thumb Code   148  object.o(.text)
    rt_object_delete                         0x0800a3a5   Thumb Code    84  object.o(.text)
    rt_object_is_systemobject                0x0800a3f9   Thumb Code    34  object.o(.text)
    rt_object_get_type                       0x0800a41b   Thumb Code    28  object.o(.text)
    rt_object_find                           0x0800a437   Thumb Code   110  object.o(.text)
    rt_scheduler_sethook                     0x0800a561   Thumb Code     6  scheduler.o(.text)
    rt_scheduler_switch_sethook              0x0800a567   Thumb Code     6  scheduler.o(.text)
    rt_system_scheduler_init                 0x0800a56d   Thumb Code    30  scheduler.o(.text)
    rt_schedule_remove_thread                0x0800a58b   Thumb Code    78  scheduler.o(.text)
    rt_system_scheduler_start                0x0800a5d9   Thumb Code    36  scheduler.o(.text)
    rt_schedule_insert_thread                0x0800a5fd   Thumb Code   106  scheduler.o(.text)
    rt_schedule                              0x0800a667   Thumb Code   212  scheduler.o(.text)
    rt_enter_critical                        0x0800a73b   Thumb Code    22  scheduler.o(.text)
    rt_exit_critical                         0x0800a751   Thumb Code    50  scheduler.o(.text)
    rt_critical_level                        0x0800a783   Thumb Code     8  scheduler.o(.text)
    rt_thread_suspend_sethook                0x0800a881   Thumb Code     6  thread.o(.text)
    rt_thread_resume_sethook                 0x0800a887   Thumb Code     6  thread.o(.text)
    rt_thread_inited_sethook                 0x0800a88d   Thumb Code     6  thread.o(.text)
    rt_thread_self                           0x0800a893   Thumb Code     6  thread.o(.text)
    rt_thread_init                           0x0800a9b9   Thumb Code    88  thread.o(.text)
    rt_thread_resume                         0x0800aa11   Thumb Code   110  thread.o(.text)
    rt_thread_startup                        0x0800aa7f   Thumb Code   102  thread.o(.text)
    rt_thread_detach                         0x0800aae5   Thumb Code   124  thread.o(.text)
    rt_thread_create                         0x0800ab61   Thumb Code    72  thread.o(.text)
    rt_thread_delete                         0x0800aba9   Thumb Code   124  thread.o(.text)
    rt_thread_yield                          0x0800ac25   Thumb Code    40  thread.o(.text)
    rt_thread_suspend                        0x0800ac4d   Thumb Code   472  thread.o(.text)
    rt_thread_sleep                          0x0800ae25   Thumb Code   106  thread.o(.text)
    rt_thread_delay                          0x0800ae8f   Thumb Code     2  thread.o(.text)
    rt_thread_delay_until                    0x0800ae91   Thumb Code   162  thread.o(.text)
    rt_thread_mdelay                         0x0800af33   Thumb Code    12  thread.o(.text)
    rt_thread_control                        0x0800af3f   Thumb Code   168  thread.o(.text)
    rt_thread_find                           0x0800afe7   Thumb Code     6  thread.o(.text)
    rt_timer_enter_sethook                   0x0800b03d   Thumb Code     6  timer.o(.text)
    rt_timer_exit_sethook                    0x0800b043   Thumb Code     6  timer.o(.text)
    rt_timer_init                            0x0800b049   Thumb Code    92  timer.o(.text)
    rt_timer_detach                          0x0800b0a5   Thumb Code   102  timer.o(.text)
    rt_timer_create                          0x0800b10b   Thumb Code    84  timer.o(.text)
    rt_timer_delete                          0x0800b15f   Thumb Code   102  timer.o(.text)
    rt_timer_start                           0x0800b1c5   Thumb Code   174  timer.o(.text)
    rt_timer_stop                            0x0800b273   Thumb Code    96  timer.o(.text)
    rt_timer_control                         0x0800b2d3   Thumb Code   148  timer.o(.text)
    rt_timer_check                           0x0800b367   Thumb Code   156  timer.o(.text)
    rt_timer_next_timeout_tick               0x0800b403   Thumb Code   310  timer.o(.text)
    rt_system_timer_init                     0x0800b539   Thumb Code     8  timer.o(.text)
    rt_system_timer_thread_init              0x0800b541   Thumb Code     2  timer.o(.text)
    SystemInit                               0x0800b633   Thumb Code    78  system_gd32f30x.o(.text)
    SystemCoreClockUpdate                    0x0800b681   Thumb Code   144  system_gd32f30x.o(.text)
    rcu_flag_get                             0x0800b745   Thumb Code    28  gd32f30x_rcu.o(.text)
    rcu_osci_stab_wait                       0x0800b761   Thumb Code   206  gd32f30x_rcu.o(.text)
    rcu_deinit                               0x0800b82f   Thumb Code    58  gd32f30x_rcu.o(.text)
    rcu_periph_clock_enable                  0x0800b869   Thumb Code    22  gd32f30x_rcu.o(.text)
    rcu_periph_clock_disable                 0x0800b87f   Thumb Code    22  gd32f30x_rcu.o(.text)
    rcu_periph_clock_sleep_enable            0x0800b895   Thumb Code    22  gd32f30x_rcu.o(.text)
    rcu_periph_clock_sleep_disable           0x0800b8ab   Thumb Code    22  gd32f30x_rcu.o(.text)
    rcu_periph_reset_enable                  0x0800b8c1   Thumb Code    22  gd32f30x_rcu.o(.text)
    rcu_periph_reset_disable                 0x0800b8d7   Thumb Code    22  gd32f30x_rcu.o(.text)
    rcu_bkp_reset_enable                     0x0800b8ed   Thumb Code    12  gd32f30x_rcu.o(.text)
    rcu_bkp_reset_disable                    0x0800b8f9   Thumb Code    12  gd32f30x_rcu.o(.text)
    rcu_system_clock_source_config           0x0800b905   Thumb Code    14  gd32f30x_rcu.o(.text)
    rcu_system_clock_source_get              0x0800b913   Thumb Code    10  gd32f30x_rcu.o(.text)
    rcu_ahb_clock_config                     0x0800b91d   Thumb Code    14  gd32f30x_rcu.o(.text)
    rcu_apb1_clock_config                    0x0800b92b   Thumb Code    14  gd32f30x_rcu.o(.text)
    rcu_apb2_clock_config                    0x0800b939   Thumb Code    14  gd32f30x_rcu.o(.text)
    rcu_ckout0_config                        0x0800b947   Thumb Code    14  gd32f30x_rcu.o(.text)
    rcu_pll_config                           0x0800b955   Thumb Code    18  gd32f30x_rcu.o(.text)
    rcu_pllpresel_config                     0x0800b967   Thumb Code    14  gd32f30x_rcu.o(.text)
    rcu_predv0_config                        0x0800b975   Thumb Code    20  gd32f30x_rcu.o(.text)
    rcu_adc_clock_config                     0x0800b989   Thumb Code    74  gd32f30x_rcu.o(.text)
    rcu_usb_clock_config                     0x0800b9d3   Thumb Code    14  gd32f30x_rcu.o(.text)
    rcu_rtc_clock_config                     0x0800b9e1   Thumb Code    14  gd32f30x_rcu.o(.text)
    rcu_ck48m_clock_config                   0x0800b9ef   Thumb Code    16  gd32f30x_rcu.o(.text)
    rcu_all_reset_flag_clear                 0x0800b9ff   Thumb Code    12  gd32f30x_rcu.o(.text)
    rcu_interrupt_flag_get                   0x0800ba0b   Thumb Code    28  gd32f30x_rcu.o(.text)
    rcu_interrupt_flag_clear                 0x0800ba27   Thumb Code    22  gd32f30x_rcu.o(.text)
    rcu_interrupt_enable                     0x0800ba3d   Thumb Code    22  gd32f30x_rcu.o(.text)
    rcu_interrupt_disable                    0x0800ba53   Thumb Code    22  gd32f30x_rcu.o(.text)
    rcu_lxtal_drive_capability_config        0x0800ba69   Thumb Code    14  gd32f30x_rcu.o(.text)
    rcu_osci_on                              0x0800ba77   Thumb Code    22  gd32f30x_rcu.o(.text)
    rcu_osci_off                             0x0800ba8d   Thumb Code    22  gd32f30x_rcu.o(.text)
    rcu_osci_bypass_mode_enable              0x0800baa3   Thumb Code    54  gd32f30x_rcu.o(.text)
    rcu_osci_bypass_mode_disable             0x0800bad9   Thumb Code    54  gd32f30x_rcu.o(.text)
    rcu_hxtal_clock_monitor_enable           0x0800bb0f   Thumb Code    12  gd32f30x_rcu.o(.text)
    rcu_hxtal_clock_monitor_disable          0x0800bb1b   Thumb Code    38  gd32f30x_rcu.o(.text)
    rcu_irc8m_adjust_value_set               0x0800bb41   Thumb Code    20  gd32f30x_rcu.o(.text)
    rcu_deepsleep_voltage_set                0x0800bb55   Thumb Code    10  gd32f30x_rcu.o(.text)
    rcu_clock_freq_get                       0x0800bb5f   Thumb Code   230  gd32f30x_rcu.o(.text)
    usart_deinit                             0x0800bc65   Thumb Code    80  gd32f30x_usart.o(.text)
    usart_baudrate_set                       0x0800bcb5   Thumb Code    78  gd32f30x_usart.o(.text)
    usart_parity_config                      0x0800bd03   Thumb Code    16  gd32f30x_usart.o(.text)
    usart_word_length_set                    0x0800bd13   Thumb Code    16  gd32f30x_usart.o(.text)
    usart_stop_bit_set                       0x0800bd23   Thumb Code    16  gd32f30x_usart.o(.text)
    usart_enable                             0x0800bd33   Thumb Code    10  gd32f30x_usart.o(.text)
    usart_disable                            0x0800bd3d   Thumb Code    10  gd32f30x_usart.o(.text)
    usart_transmit_config                    0x0800bd47   Thumb Code    12  gd32f30x_usart.o(.text)
    usart_receive_config                     0x0800bd53   Thumb Code    12  gd32f30x_usart.o(.text)
    usart_data_first_config                  0x0800bd5f   Thumb Code    18  gd32f30x_usart.o(.text)
    usart_invert_config                      0x0800bd71   Thumb Code    76  gd32f30x_usart.o(.text)
    usart_receiver_timeout_enable            0x0800bdbd   Thumb Code    12  gd32f30x_usart.o(.text)
    usart_receiver_timeout_disable           0x0800bdc9   Thumb Code    12  gd32f30x_usart.o(.text)
    usart_receiver_timeout_threshold_config  0x0800bdd5   Thumb Code    18  gd32f30x_usart.o(.text)
    usart_data_transmit                      0x0800bde7   Thumb Code     8  gd32f30x_usart.o(.text)
    usart_data_receive                       0x0800bdef   Thumb Code     8  gd32f30x_usart.o(.text)
    usart_address_config                     0x0800bdf7   Thumb Code    20  gd32f30x_usart.o(.text)
    usart_mute_mode_enable                   0x0800be0b   Thumb Code    10  gd32f30x_usart.o(.text)
    usart_mute_mode_disable                  0x0800be15   Thumb Code    10  gd32f30x_usart.o(.text)
    usart_mute_mode_wakeup_config            0x0800be1f   Thumb Code    16  gd32f30x_usart.o(.text)
    usart_lin_mode_enable                    0x0800be2f   Thumb Code    10  gd32f30x_usart.o(.text)
    usart_lin_mode_disable                   0x0800be39   Thumb Code    10  gd32f30x_usart.o(.text)
    usart_lin_break_detection_length_config  0x0800be43   Thumb Code    20  gd32f30x_usart.o(.text)
    usart_send_break                         0x0800be57   Thumb Code    10  gd32f30x_usart.o(.text)
    usart_halfduplex_enable                  0x0800be61   Thumb Code    10  gd32f30x_usart.o(.text)
    usart_halfduplex_disable                 0x0800be6b   Thumb Code    10  gd32f30x_usart.o(.text)
    usart_synchronous_clock_enable           0x0800be75   Thumb Code    10  gd32f30x_usart.o(.text)
    usart_synchronous_clock_disable          0x0800be7f   Thumb Code    10  gd32f30x_usart.o(.text)
    usart_synchronous_clock_config           0x0800be89   Thumb Code    30  gd32f30x_usart.o(.text)
    usart_guard_time_config                  0x0800bea7   Thumb Code    24  gd32f30x_usart.o(.text)
    usart_smartcard_mode_enable              0x0800bebf   Thumb Code    10  gd32f30x_usart.o(.text)
    usart_smartcard_mode_disable             0x0800bec9   Thumb Code    10  gd32f30x_usart.o(.text)
    usart_smartcard_mode_nack_enable         0x0800bed3   Thumb Code    10  gd32f30x_usart.o(.text)
    usart_smartcard_mode_nack_disable        0x0800bedd   Thumb Code    10  gd32f30x_usart.o(.text)
    usart_smartcard_autoretry_config         0x0800bee7   Thumb Code    24  gd32f30x_usart.o(.text)
    usart_block_length_config                0x0800beff   Thumb Code    20  gd32f30x_usart.o(.text)
    usart_irda_mode_enable                   0x0800bf13   Thumb Code    10  gd32f30x_usart.o(.text)
    usart_irda_mode_disable                  0x0800bf1d   Thumb Code    10  gd32f30x_usart.o(.text)
    usart_prescaler_config                   0x0800bf27   Thumb Code    16  gd32f30x_usart.o(.text)
    usart_irda_lowpower_config               0x0800bf37   Thumb Code    20  gd32f30x_usart.o(.text)
    usart_hardware_flow_rts_config           0x0800bf4b   Thumb Code    12  gd32f30x_usart.o(.text)
    usart_hardware_flow_cts_config           0x0800bf57   Thumb Code    12  gd32f30x_usart.o(.text)
    usart_dma_receive_config                 0x0800bf63   Thumb Code    12  gd32f30x_usart.o(.text)
    usart_dma_transmit_config                0x0800bf6f   Thumb Code    12  gd32f30x_usart.o(.text)
    usart_flag_get                           0x0800bf7b   Thumb Code    22  gd32f30x_usart.o(.text)
    usart_flag_clear                         0x0800bf91   Thumb Code    20  gd32f30x_usart.o(.text)
    usart_interrupt_enable                   0x0800bfa5   Thumb Code    20  gd32f30x_usart.o(.text)
    usart_interrupt_disable                  0x0800bfb9   Thumb Code    20  gd32f30x_usart.o(.text)
    usart_interrupt_flag_get                 0x0800bfcd   Thumb Code    46  gd32f30x_usart.o(.text)
    usart_interrupt_flag_clear               0x0800bffb   Thumb Code    20  gd32f30x_usart.o(.text)
    exti_deinit                              0x0800c019   Thumb Code    24  gd32f30x_exti.o(.text)
    exti_init                                0x0800c031   Thumb Code    98  gd32f30x_exti.o(.text)
    exti_interrupt_enable                    0x0800c093   Thumb Code    10  gd32f30x_exti.o(.text)
    exti_event_enable                        0x0800c09d   Thumb Code    12  gd32f30x_exti.o(.text)
    exti_interrupt_disable                   0x0800c0a9   Thumb Code    10  gd32f30x_exti.o(.text)
    exti_event_disable                       0x0800c0b3   Thumb Code    12  gd32f30x_exti.o(.text)
    exti_flag_get                            0x0800c0bf   Thumb Code    18  gd32f30x_exti.o(.text)
    exti_flag_clear                          0x0800c0d1   Thumb Code     8  gd32f30x_exti.o(.text)
    exti_interrupt_flag_get                  0x0800c0d9   Thumb Code    28  gd32f30x_exti.o(.text)
    exti_interrupt_flag_clear                0x0800c0f5   Thumb Code     8  gd32f30x_exti.o(.text)
    exti_software_interrupt_enable           0x0800c0fd   Thumb Code    12  gd32f30x_exti.o(.text)
    exti_software_interrupt_disable          0x0800c109   Thumb Code    12  gd32f30x_exti.o(.text)
    gpio_deinit                              0x0800c119   Thumb Code   102  gd32f30x_gpio.o(.text)
    gpio_afio_deinit                         0x0800c17f   Thumb Code    22  gd32f30x_gpio.o(.text)
    gpio_init                                0x0800c195   Thumb Code   166  gd32f30x_gpio.o(.text)
    gpio_bit_set                             0x0800c23b   Thumb Code     4  gd32f30x_gpio.o(.text)
    gpio_bit_reset                           0x0800c23f   Thumb Code     4  gd32f30x_gpio.o(.text)
    gpio_bit_write                           0x0800c243   Thumb Code    10  gd32f30x_gpio.o(.text)
    gpio_port_write                          0x0800c24d   Thumb Code     4  gd32f30x_gpio.o(.text)
    gpio_input_bit_get                       0x0800c251   Thumb Code    10  gd32f30x_gpio.o(.text)
    gpio_input_port_get                      0x0800c25b   Thumb Code     6  gd32f30x_gpio.o(.text)
    gpio_output_bit_get                      0x0800c261   Thumb Code    10  gd32f30x_gpio.o(.text)
    gpio_output_port_get                     0x0800c26b   Thumb Code     6  gd32f30x_gpio.o(.text)
    gpio_pin_remap_config                    0x0800c271   Thumb Code    82  gd32f30x_gpio.o(.text)
    gpio_exti_source_select                  0x0800c2c3   Thumb Code    82  gd32f30x_gpio.o(.text)
    gpio_event_output_config                 0x0800c315   Thumb Code    18  gd32f30x_gpio.o(.text)
    gpio_event_output_enable                 0x0800c327   Thumb Code    12  gd32f30x_gpio.o(.text)
    gpio_event_output_disable                0x0800c333   Thumb Code    12  gd32f30x_gpio.o(.text)
    gpio_pin_lock                            0x0800c33f   Thumb Code    16  gd32f30x_gpio.o(.text)
    gpio_compensation_config                 0x0800c34f   Thumb Code    14  gd32f30x_gpio.o(.text)
    gpio_compensation_flag_get               0x0800c35d   Thumb Code    16  gd32f30x_gpio.o(.text)
    nvic_priority_group_set                  0x0800c379   Thumb Code    10  gd32f30x_misc.o(.text)
    nvic_irq_enable                          0x0800c383   Thumb Code   144  gd32f30x_misc.o(.text)
    nvic_irq_disable                         0x0800c413   Thumb Code    22  gd32f30x_misc.o(.text)
    nvic_vector_table_set                    0x0800c429   Thumb Code    14  gd32f30x_misc.o(.text)
    system_lowpower_set                      0x0800c437   Thumb Code    12  gd32f30x_misc.o(.text)
    system_lowpower_reset                    0x0800c443   Thumb Code    12  gd32f30x_misc.o(.text)
    systick_clksource_set                    0x0800c44f   Thumb Code    24  gd32f30x_misc.o(.text)
    dbg_deinit                               0x0800c475   Thumb Code     8  gd32f30x_dbg.o(.text)
    dbg_id_get                               0x0800c47d   Thumb Code     6  gd32f30x_dbg.o(.text)
    dbg_low_power_enable                     0x0800c483   Thumb Code    10  gd32f30x_dbg.o(.text)
    dbg_low_power_disable                    0x0800c48d   Thumb Code    10  gd32f30x_dbg.o(.text)
    dbg_periph_enable                        0x0800c497   Thumb Code    22  gd32f30x_dbg.o(.text)
    dbg_periph_disable                       0x0800c4ad   Thumb Code    22  gd32f30x_dbg.o(.text)
    dbg_trace_pin_enable                     0x0800c4c3   Thumb Code    12  gd32f30x_dbg.o(.text)
    dbg_trace_pin_disable                    0x0800c4cf   Thumb Code    12  gd32f30x_dbg.o(.text)
    dbg_trace_pin_mode_set                   0x0800c4db   Thumb Code    18  gd32f30x_dbg.o(.text)
    spi_i2s_deinit                           0x0800c4f1   Thumb Code    54  gd32f30x_spi.o(.text)
    spi_struct_para_init                     0x0800c527   Thumb Code    18  gd32f30x_spi.o(.text)
    spi_init                                 0x0800c539   Thumb Code    46  gd32f30x_spi.o(.text)
    spi_enable                               0x0800c567   Thumb Code    10  gd32f30x_spi.o(.text)
    spi_disable                              0x0800c571   Thumb Code    10  gd32f30x_spi.o(.text)
    i2s_init                                 0x0800c57b   Thumb Code    24  gd32f30x_spi.o(.text)
    i2s_psc_config                           0x0800c593   Thumb Code   106  gd32f30x_spi.o(.text)
    i2s_enable                               0x0800c5fd   Thumb Code    10  gd32f30x_spi.o(.text)
    i2s_disable                              0x0800c607   Thumb Code    10  gd32f30x_spi.o(.text)
    spi_nss_output_enable                    0x0800c611   Thumb Code    10  gd32f30x_spi.o(.text)
    spi_nss_output_disable                   0x0800c61b   Thumb Code    10  gd32f30x_spi.o(.text)
    spi_nss_internal_high                    0x0800c625   Thumb Code    10  gd32f30x_spi.o(.text)
    spi_nss_internal_low                     0x0800c62f   Thumb Code    10  gd32f30x_spi.o(.text)
    spi_dma_enable                           0x0800c639   Thumb Code    20  gd32f30x_spi.o(.text)
    spi_dma_disable                          0x0800c64d   Thumb Code    20  gd32f30x_spi.o(.text)
    spi_i2s_data_frame_format_config         0x0800c661   Thumb Code    16  gd32f30x_spi.o(.text)
    spi_i2s_data_transmit                    0x0800c671   Thumb Code     4  gd32f30x_spi.o(.text)
    spi_i2s_data_receive                     0x0800c675   Thumb Code     6  gd32f30x_spi.o(.text)
    spi_bidirectional_transfer_config        0x0800c67b   Thumb Code    22  gd32f30x_spi.o(.text)
    spi_crc_polynomial_set                   0x0800c691   Thumb Code     4  gd32f30x_spi.o(.text)
    spi_crc_polynomial_get                   0x0800c695   Thumb Code     6  gd32f30x_spi.o(.text)
    spi_crc_on                               0x0800c69b   Thumb Code    10  gd32f30x_spi.o(.text)
    spi_crc_off                              0x0800c6a5   Thumb Code    10  gd32f30x_spi.o(.text)
    spi_crc_next                             0x0800c6af   Thumb Code    10  gd32f30x_spi.o(.text)
    spi_crc_get                              0x0800c6b9   Thumb Code    12  gd32f30x_spi.o(.text)
    spi_ti_mode_enable                       0x0800c6c5   Thumb Code    10  gd32f30x_spi.o(.text)
    spi_ti_mode_disable                      0x0800c6cf   Thumb Code    10  gd32f30x_spi.o(.text)
    spi_nssp_mode_enable                     0x0800c6d9   Thumb Code    10  gd32f30x_spi.o(.text)
    spi_nssp_mode_disable                    0x0800c6e3   Thumb Code    10  gd32f30x_spi.o(.text)
    qspi_enable                              0x0800c6ed   Thumb Code    12  gd32f30x_spi.o(.text)
    qspi_disable                             0x0800c6f9   Thumb Code    12  gd32f30x_spi.o(.text)
    qspi_write_enable                        0x0800c705   Thumb Code    12  gd32f30x_spi.o(.text)
    qspi_read_enable                         0x0800c711   Thumb Code    12  gd32f30x_spi.o(.text)
    qspi_io23_output_enable                  0x0800c71d   Thumb Code    12  gd32f30x_spi.o(.text)
    qspi_io23_output_disable                 0x0800c729   Thumb Code    12  gd32f30x_spi.o(.text)
    spi_i2s_interrupt_enable                 0x0800c735   Thumb Code    36  gd32f30x_spi.o(.text)
    spi_i2s_interrupt_disable                0x0800c759   Thumb Code    36  gd32f30x_spi.o(.text)
    spi_i2s_interrupt_flag_get               0x0800c77d   Thumb Code    84  gd32f30x_spi.o(.text)
    spi_i2s_flag_get                         0x0800c7d1   Thumb Code    10  gd32f30x_spi.o(.text)
    spi_crc_error_clear                      0x0800c7db   Thumb Code    10  gd32f30x_spi.o(.text)
    can_deinit                               0x0800c7e9   Thumb Code    30  gd32f30x_can.o(.text)
    can_struct_para_init                     0x0800c807   Thumb Code   124  gd32f30x_can.o(.text)
    can_init                                 0x0800c883   Thumb Code   254  gd32f30x_can.o(.text)
    can_filter_init                          0x0800c981   Thumb Code   200  gd32f30x_can.o(.text)
    can1_filter_start_bank                   0x0800ca49   Thumb Code    42  gd32f30x_can.o(.text)
    can_debug_freeze_enable                  0x0800ca73   Thumb Code    24  gd32f30x_can.o(.text)
    can_debug_freeze_disable                 0x0800ca8b   Thumb Code    24  gd32f30x_can.o(.text)
    can_time_trigger_mode_enable             0x0800caa3   Thumb Code    36  gd32f30x_can.o(.text)
    can_time_trigger_mode_disable            0x0800cac7   Thumb Code    36  gd32f30x_can.o(.text)
    can_message_transmit                     0x0800caeb   Thumb Code   156  gd32f30x_can.o(.text)
    can_transmit_states                      0x0800cb87   Thumb Code    98  gd32f30x_can.o(.text)
    can_transmission_stop                    0x0800cbe9   Thumb Code    58  gd32f30x_can.o(.text)
    can_message_receive                      0x0800cc23   Thumb Code   142  gd32f30x_can.o(.text)
    can_fifo_release                         0x0800ccb1   Thumb Code    28  gd32f30x_can.o(.text)
    can_receive_message_length_get           0x0800cccd   Thumb Code    22  gd32f30x_can.o(.text)
    can_working_mode_set                     0x0800cce3   Thumb Code   134  gd32f30x_can.o(.text)
    can_wakeup                               0x0800cd69   Thumb Code    40  gd32f30x_can.o(.text)
    can_error_get                            0x0800cd91   Thumb Code     8  gd32f30x_can.o(.text)
    can_receive_error_number_get             0x0800cd99   Thumb Code     6  gd32f30x_can.o(.text)
    can_transmit_error_number_get            0x0800cd9f   Thumb Code     8  gd32f30x_can.o(.text)
    can_interrupt_enable                     0x0800cda7   Thumb Code     8  gd32f30x_can.o(.text)
    can_interrupt_disable                    0x0800cdaf   Thumb Code     8  gd32f30x_can.o(.text)
    can_flag_get                             0x0800cdb7   Thumb Code    22  gd32f30x_can.o(.text)
    can_flag_clear                           0x0800cdcd   Thumb Code    16  gd32f30x_can.o(.text)
    can_interrupt_flag_get                   0x0800cddd   Thumb Code    92  gd32f30x_can.o(.text)
    can_interrupt_flag_clear                 0x0800ce39   Thumb Code    16  gd32f30x_can.o(.text)
    __semihosting$guard                      0x0800ce49   Thumb Code     0  use_no_semi.o(.text)
    __use_no_semihosting_swi                 0x0800ce49   Thumb Code     2  use_no_semi.o(.text)
    memcmp                                   0x0800ce4b   Thumb Code    88  memcmp.o(.text)
    strcpy                                   0x0800cea3   Thumb Code    72  strcpy.o(.text)
    strlen                                   0x0800ceeb   Thumb Code    62  strlen.o(.text)
    strncmp                                  0x0800cf29   Thumb Code   150  strncmp.o(.text)
    strcat                                   0x0800cfbf   Thumb Code    24  strcat.o(.text)
    __aeabi_memcpy4                          0x0800cfd7   Thumb Code     0  rt_memcpy_w.o(.text)
    __aeabi_memcpy8                          0x0800cfd7   Thumb Code     0  rt_memcpy_w.o(.text)
    __rt_memcpy_w                            0x0800cfd7   Thumb Code   100  rt_memcpy_w.o(.text)
    _memcpy_lastbytes_aligned                0x0800d01f   Thumb Code     0  rt_memcpy_w.o(.text)
    __aeabi_memclr4                          0x0800d03b   Thumb Code     0  rt_memclr_w.o(.text)
    __aeabi_memclr8                          0x0800d03b   Thumb Code     0  rt_memclr_w.o(.text)
    __rt_memclr_w                            0x0800d03b   Thumb Code    78  rt_memclr_w.o(.text)
    _memset_w                                0x0800d03f   Thumb Code     0  rt_memclr_w.o(.text)
    strncpy                                  0x0800d089   Thumb Code    86  strncpy.o(.text)
    strcmp                                   0x0800d0e1   Thumb Code   128  strcmpv7m.o(.text)
    __use_two_region_memory                  0x0800d161   Thumb Code     2  heapauxi.o(.text)
    __rt_heap_escrow$2region                 0x0800d163   Thumb Code     2  heapauxi.o(.text)
    __rt_heap_expand$2region                 0x0800d165   Thumb Code     2  heapauxi.o(.text)
    __aeabi_memclr                           0x0800d167   Thumb Code     0  rt_memclr.o(.text)
    __rt_memclr                              0x0800d167   Thumb Code    68  rt_memclr.o(.text)
    _memset                                  0x0800d16b   Thumb Code     0  rt_memclr.o(.text)
    __user_setup_stackheap                   0x0800d1ab   Thumb Code    74  sys_stackheap_outer.o(.text)
    exit                                     0x0800d1f5   Thumb Code    18  exit.o(.text)
    __user_libspace                          0x0800d209   Thumb Code     8  libspace.o(.text)
    __user_perproc_libspace                  0x0800d209   Thumb Code     0  libspace.o(.text)
    __user_perthread_libspace                0x0800d209   Thumb Code     0  libspace.o(.text)
    _fp_init                                 0x0800d211   Thumb Code    10  fpinit.o(x$fpl$fpinit)
    __fplib_config_fpu_vfp                   0x0800d219   Thumb Code     0  fpinit.o(x$fpl$fpinit)
    __fplib_config_pureend_doubles           0x0800d219   Thumb Code     0  fpinit.o(x$fpl$fpinit)
    __stdin_name                             0x0800d21a   Data           6  syscalls.o(.constdata)
    __stdout_name                            0x0800d220   Data           7  syscalls.o(.constdata)
    __stderr_name                            0x0800d227   Data           7  syscalls.o(.constdata)
    __lowest_bit_bitmap                      0x0800e349   Data         256  kservice.o(.constdata)
    __fsym_spi_recv_sample_name              0x0800eeb6   Data          16  spi_sample.o(.rodata.name)
    __fsym_spi_recv_sample_desc              0x0800eec6   Data          16  spi_sample.o(.rodata.name)
    __fsym_canstat_name                      0x0800eed6   Data           8  can.o(.rodata.name)
    __fsym_canstat_desc                      0x0800eede   Data          23  can.o(.rodata.name)
    __fsym_help_name                         0x0800eef5   Data           5  msh.o(.rodata.name)
    __fsym_help_desc                         0x0800eefa   Data          22  msh.o(.rodata.name)
    __fsym_ps_name                           0x0800ef10   Data           3  msh.o(.rodata.name)
    __fsym_ps_desc                           0x0800ef13   Data          28  msh.o(.rodata.name)
    __fsym_free_name                         0x0800ef2f   Data           5  msh.o(.rodata.name)
    __fsym_free_desc                         0x0800ef34   Data          37  msh.o(.rodata.name)
    __fsym_clear_name                        0x0800ef59   Data           6  cmd.o(.rodata.name)
    __fsym_clear_desc                        0x0800ef5f   Data          26  cmd.o(.rodata.name)
    __fsym_version_name                      0x0800ef79   Data           8  cmd.o(.rodata.name)
    __fsym_version_desc                      0x0800ef81   Data          35  cmd.o(.rodata.name)
    __fsym_list_thread_name                  0x0800efa4   Data          12  cmd.o(.rodata.name)
    __fsym_list_thread_desc                  0x0800efb0   Data          12  cmd.o(.rodata.name)
    __fsym_list_sem_name                     0x0800efbc   Data           9  cmd.o(.rodata.name)
    __fsym_list_sem_desc                     0x0800efc5   Data          25  cmd.o(.rodata.name)
    __fsym_list_event_name                   0x0800efde   Data          11  cmd.o(.rodata.name)
    __fsym_list_event_desc                   0x0800efe9   Data          21  cmd.o(.rodata.name)
    __fsym_list_mutex_name                   0x0800effe   Data          11  cmd.o(.rodata.name)
    __fsym_list_mutex_desc                   0x0800f009   Data          21  cmd.o(.rodata.name)
    __fsym_list_mailbox_name                 0x0800f01e   Data          13  cmd.o(.rodata.name)
    __fsym_list_mailbox_desc                 0x0800f02b   Data          24  cmd.o(.rodata.name)
    __fsym_list_msgqueue_name                0x0800f043   Data          14  cmd.o(.rodata.name)
    __fsym_list_msgqueue_desc                0x0800f051   Data          29  cmd.o(.rodata.name)
    __fsym_list_mempool_name                 0x0800f06e   Data          13  cmd.o(.rodata.name)
    __fsym_list_mempool_desc                 0x0800f07b   Data          27  cmd.o(.rodata.name)
    __fsym_list_timer_name                   0x0800f096   Data          11  cmd.o(.rodata.name)
    __fsym_list_timer_desc                   0x0800f0a1   Data          21  cmd.o(.rodata.name)
    __fsym_list_device_name                  0x0800f0b6   Data          12  cmd.o(.rodata.name)
    __fsym_list_device_desc                  0x0800f0c2   Data          22  cmd.o(.rodata.name)
    __rt_init_rti_start                      0x0800f0d8   Data           4  components.o(.rti_fn.0)
    __rt_init_rti_board_start                0x0800f0dc   Data           4  components.o(.rti_fn.0.end)
    __rt_init_rt_hw_can_init                 0x0800f0e0   Data           4  drv_can.o(.rti_fn.1)
    __rt_init_rt_hw_pin_init                 0x0800f0e4   Data           4  drv_gpio.o(.rti_fn.1)
    __rt_init_rt_hw_spi_init                 0x0800f0e8   Data           4  drv_spi.o(.rti_fn.1)
    __rt_init_gd32_hw_usart_init             0x0800f0ec   Data           4  drv_usart.o(.rti_fn.1)
    __rt_init_rti_board_end                  0x0800f0f0   Data           4  components.o(.rti_fn.1.end)
    __rt_init_rt_work_sys_workqueue_init     0x0800f0f4   Data           4  workqueue.o(.rti_fn.2)
    __rt_init_finsh_system_init              0x0800f0f8   Data           4  shell.o(.rti_fn.6)
    __rt_init_rti_end                        0x0800f0fc   Data           4  components.o(.rti_fn.6.end)
    FSymTab$$Base                            0x0800f100   Number         0  spi_sample.o(FSymTab)
    __fsym_spi_recv_sample                   0x0800f100   Data          12  spi_sample.o(FSymTab)
    __fsym_canstat                           0x0800f10c   Data          12  can.o(FSymTab)
    __fsym_help                              0x0800f118   Data          12  msh.o(FSymTab)
    __fsym_ps                                0x0800f124   Data          12  msh.o(FSymTab)
    __fsym_free                              0x0800f130   Data          12  msh.o(FSymTab)
    __fsym_clear                             0x0800f13c   Data          12  cmd.o(FSymTab)
    __fsym_version                           0x0800f148   Data          12  cmd.o(FSymTab)
    __fsym_list_thread                       0x0800f154   Data          12  cmd.o(FSymTab)
    __fsym_list_sem                          0x0800f160   Data          12  cmd.o(FSymTab)
    __fsym_list_event                        0x0800f16c   Data          12  cmd.o(FSymTab)
    __fsym_list_mutex                        0x0800f178   Data          12  cmd.o(FSymTab)
    __fsym_list_mailbox                      0x0800f184   Data          12  cmd.o(FSymTab)
    __fsym_list_msgqueue                     0x0800f190   Data          12  cmd.o(FSymTab)
    __fsym_list_mempool                      0x0800f19c   Data          12  cmd.o(FSymTab)
    __fsym_list_timer                        0x0800f1a8   Data          12  cmd.o(FSymTab)
    __fsym_list_device                       0x0800f1b4   Data          12  cmd.o(FSymTab)
    FSymTab$$Limit                           0x0800f1c0   Number         0  cmd.o(FSymTab)
    Region$$Table$$Base                      0x0800f1c0   Number         0  anon$$obj.o(Region$$Table)
    Region$$Table$$Limit                     0x0800f1e0   Number         0  anon$$obj.o(Region$$Table)
    recv                                     0x20000000   Data           3  spi_sample.o(.data)
    send                                     0x20000003   Data           3  spi_sample.o(.data)
    spi_dev_recv                             0x20000008   Data           4  spi_sample.o(.data)
    rt_interrupt_from_thread                 0x20000010   Data           4  cpuport.o(.data)
    rt_interrupt_to_thread                   0x20000014   Data           4  cpuport.o(.data)
    rt_thread_switch_interrupt_flag          0x20000018   Data           4  cpuport.o(.data)
    pin_irq_hdr_tab                          0x2000004c   Data         192  drv_gpio.o(.data)
    _syscall_table_begin                     0x2000011c   Data           4  shell.o(.data)
    _syscall_table_end                       0x20000120   Data           4  shell.o(.data)
    shell                                    0x20000128   Data           4  shell.o(.data)
    rt_interrupt_nest                        0x2000013c   Data           1  irq.o(.data)
    rt_assert_hook                           0x2000015c   Data           4  kservice.o(.data)
    rt_object_trytake_hook                   0x20000168   Data           4  object.o(.data)
    rt_object_take_hook                      0x2000016c   Data           4  object.o(.data)
    rt_object_put_hook                       0x20000170   Data           4  object.o(.data)
    rt_current_priority                      0x20000214   Data           1  scheduler.o(.data)
    rt_current_thread                        0x20000218   Data           4  scheduler.o(.data)
    rt_thread_ready_priority_group           0x2000021c   Data           4  scheduler.o(.data)
    SystemCoreClock                          0x20000248   Data           4  system_gd32f30x.o(.data)
    serial2                                  0x20000454   Data          84  drv_usart.o(.bss)
    rt_thread_priority_table                 0x20000760   Data         256  scheduler.o(.bss)
    __libspace_start                         0x20000860   Data          96  libspace.o(.bss)
    __temporary_stack_top$libspace           0x200008c0   Data           0  libspace.o(.bss)
    Image$$RW_IRAM1$$ZI$$Limit               0x200010c0   Number         0  anon$$obj.o ABSOLUTE



==============================================================================

Memory Map of the image

  Image Entry point : 0x08000131

  Load Region LR_IROM1 (Base: 0x08000000, Size: 0x0000f42c, Max: 0x00020000, ABSOLUTE, COMPRESSED[0x0000f278])

    Execution Region ER_IROM1 (Exec base: 0x08000000, Load base: 0x08000000, Size: 0x0000f1e0, Max: 0x00020000, ABSOLUTE)

    Exec Addr    Load Addr    Size         Type   Attr      Idx    E Section Name        Object

    0x08000000   0x08000000   0x00000130   Data   RO          707    RESET               startup_gd32f30x_hd.o
    0x08000130   0x08000130   0x00000008   Code   RO         1391  * !!!main             c_w.l(__main.o)
    0x08000138   0x08000138   0x00000034   Code   RO         1543    !!!scatter          c_w.l(__scatter.o)
    0x0800016c   0x0800016c   0x0000005a   Code   RO         1541    !!dczerorl2         c_w.l(__dczerorl2.o)
    0x080001c6   0x080001c6   0x00000002   PAD
    0x080001c8   0x080001c8   0x0000001c   Code   RO         1545    !!handler_zi        c_w.l(__scatter_zi.o)
    0x080001e4   0x080001e4   0x00000002   Code   RO         1420    .ARM.Collect$$libinit$$00000000  c_w.l(libinit.o)
    0x080001e6   0x080001e6   0x00000004   Code   RO         1426    .ARM.Collect$$libinit$$00000001  c_w.l(libinit2.o)
    0x080001ea   0x080001ea   0x00000000   Code   RO         1429    .ARM.Collect$$libinit$$00000004  c_w.l(libinit2.o)
    0x080001ea   0x080001ea   0x00000000   Code   RO         1432    .ARM.Collect$$libinit$$0000000A  c_w.l(libinit2.o)
    0x080001ea   0x080001ea   0x00000000   Code   RO         1434    .ARM.Collect$$libinit$$0000000C  c_w.l(libinit2.o)
    0x080001ea   0x080001ea   0x00000000   Code   RO         1436    .ARM.Collect$$libinit$$0000000E  c_w.l(libinit2.o)
    0x080001ea   0x080001ea   0x00000000   Code   RO         1439    .ARM.Collect$$libinit$$00000011  c_w.l(libinit2.o)
    0x080001ea   0x080001ea   0x00000000   Code   RO         1441    .ARM.Collect$$libinit$$00000013  c_w.l(libinit2.o)
    0x080001ea   0x080001ea   0x00000000   Code   RO         1443    .ARM.Collect$$libinit$$00000015  c_w.l(libinit2.o)
    0x080001ea   0x080001ea   0x00000000   Code   RO         1445    .ARM.Collect$$libinit$$00000017  c_w.l(libinit2.o)
    0x080001ea   0x080001ea   0x00000000   Code   RO         1447    .ARM.Collect$$libinit$$00000019  c_w.l(libinit2.o)
    0x080001ea   0x080001ea   0x00000000   Code   RO         1449    .ARM.Collect$$libinit$$0000001B  c_w.l(libinit2.o)
    0x080001ea   0x080001ea   0x00000000   Code   RO         1451    .ARM.Collect$$libinit$$0000001D  c_w.l(libinit2.o)
    0x080001ea   0x080001ea   0x00000000   Code   RO         1453    .ARM.Collect$$libinit$$0000001F  c_w.l(libinit2.o)
    0x080001ea   0x080001ea   0x00000000   Code   RO         1455    .ARM.Collect$$libinit$$00000021  c_w.l(libinit2.o)
    0x080001ea   0x080001ea   0x00000000   Code   RO         1457    .ARM.Collect$$libinit$$00000023  c_w.l(libinit2.o)
    0x080001ea   0x080001ea   0x00000000   Code   RO         1459    .ARM.Collect$$libinit$$00000025  c_w.l(libinit2.o)
    0x080001ea   0x080001ea   0x00000000   Code   RO         1463    .ARM.Collect$$libinit$$0000002C  c_w.l(libinit2.o)
    0x080001ea   0x080001ea   0x00000000   Code   RO         1465    .ARM.Collect$$libinit$$0000002E  c_w.l(libinit2.o)
    0x080001ea   0x080001ea   0x00000000   Code   RO         1467    .ARM.Collect$$libinit$$00000030  c_w.l(libinit2.o)
    0x080001ea   0x080001ea   0x00000000   Code   RO         1469    .ARM.Collect$$libinit$$00000032  c_w.l(libinit2.o)
    0x080001ea   0x080001ea   0x00000002   Code   RO         1470    .ARM.Collect$$libinit$$00000033  c_w.l(libinit2.o)
    0x080001ec   0x080001ec   0x00000002   Code   RO         1488    .ARM.Collect$$libshutdown$$00000000  c_w.l(libshutdown.o)
    0x080001ee   0x080001ee   0x00000000   Code   RO         1496    .ARM.Collect$$libshutdown$$00000002  c_w.l(libshutdown2.o)
    0x080001ee   0x080001ee   0x00000000   Code   RO         1498    .ARM.Collect$$libshutdown$$00000004  c_w.l(libshutdown2.o)
    0x080001ee   0x080001ee   0x00000000   Code   RO         1501    .ARM.Collect$$libshutdown$$00000007  c_w.l(libshutdown2.o)
    0x080001ee   0x080001ee   0x00000000   Code   RO         1504    .ARM.Collect$$libshutdown$$0000000A  c_w.l(libshutdown2.o)
    0x080001ee   0x080001ee   0x00000000   Code   RO         1506    .ARM.Collect$$libshutdown$$0000000C  c_w.l(libshutdown2.o)
    0x080001ee   0x080001ee   0x00000000   Code   RO         1509    .ARM.Collect$$libshutdown$$0000000F  c_w.l(libshutdown2.o)
    0x080001ee   0x080001ee   0x00000002   Code   RO         1510    .ARM.Collect$$libshutdown$$00000010  c_w.l(libshutdown2.o)
    0x080001f0   0x080001f0   0x00000000   Code   RO         1393    .ARM.Collect$$rtentry$$00000000  c_w.l(__rtentry.o)
    0x080001f0   0x080001f0   0x00000000   Code   RO         1397    .ARM.Collect$$rtentry$$00000002  c_w.l(__rtentry2.o)
    0x080001f0   0x080001f0   0x00000006   Code   RO         1409    .ARM.Collect$$rtentry$$00000004  c_w.l(__rtentry4.o)
    0x080001f6   0x080001f6   0x00000000   Code   RO         1399    .ARM.Collect$$rtentry$$00000009  c_w.l(__rtentry2.o)
    0x080001f6   0x080001f6   0x00000004   Code   RO         1400    .ARM.Collect$$rtentry$$0000000A  c_w.l(__rtentry2.o)
    0x080001fa   0x080001fa   0x00000000   Code   RO         1402    .ARM.Collect$$rtentry$$0000000C  c_w.l(__rtentry2.o)
    0x080001fa   0x080001fa   0x00000008   Code   RO         1403    .ARM.Collect$$rtentry$$0000000D  c_w.l(__rtentry2.o)
    0x08000202   0x08000202   0x00000002   Code   RO         1424    .ARM.Collect$$rtexit$$00000000  c_w.l(rtexit.o)
    0x08000204   0x08000204   0x00000000   Code   RO         1472    .ARM.Collect$$rtexit$$00000002  c_w.l(rtexit2.o)
    0x08000204   0x08000204   0x00000004   Code   RO         1473    .ARM.Collect$$rtexit$$00000003  c_w.l(rtexit2.o)
    0x08000208   0x08000208   0x00000006   Code   RO         1474    .ARM.Collect$$rtexit$$00000004  c_w.l(rtexit2.o)
    0x0800020e   0x0800020e   0x00000002   PAD
    0x08000210   0x08000210   0x00000150   Code   RO            3    .text               spi_sample.o
    0x08000360   0x08000360   0x00000080   Code   RO          214    .text               main.o
    0x080003e0   0x080003e0   0x000001b4   Code   RO          306    .text               syscalls.o
    0x08000594   0x08000594   0x00000078   Code   RO          354    .text               stdlib.o
    0x0800060c   0x0800060c   0x0000013c   Code   RO          434    .text               context_rvds.o
    0x08000748   0x08000748   0x0000058c   Code   RO          438    .text               cpuport.o
    0x08000cd4   0x08000cd4   0x00000f50   Code   RO          457    .text               can.o
    0x08001c24   0x08001c24   0x00000264   Code   RO          483    .text               completion.o
    0x08001e88   0x08001e88   0x000006c0   Code   RO          499    .text               dataqueue.o
    0x08002548   0x08002548   0x00000570   Code   RO          583    .text               workqueue.o
    0x08002ab8   0x08002ab8   0x00000250   Code   RO          603    .text               pin.o
    0x08002d08   0x08002d08   0x00000b6c   Code   RO          618    .text               serial.o
    0x08003874   0x08003874   0x000004fc   Code   RO          633    .text               spi_core.o
    0x08003d70   0x08003d70   0x000001d0   Code   RO          665    .text               spi_dev.o
    0x08003f40   0x08003f40   0x000000ac   Code   RO          680    .text               board.o
    0x08003fec   0x08003fec   0x00000040   Code   RO          708    .text               startup_gd32f30x_hd.o
    0x0800402c   0x0800402c   0x00000994   Code   RO          714    .text               drv_can.o
    0x080049c0   0x080049c0   0x00000370   Code   RO          770    .text               drv_gpio.o
    0x08004d30   0x08004d30   0x00000390   Code   RO          796    .text               drv_spi.o
    0x080050c0   0x080050c0   0x000002a4   Code   RO          830    .text               drv_usart.o
    0x08005364   0x08005364   0x000006dc   Code   RO          858    .text               shell.o
    0x08005a40   0x08005a40   0x00000328   Code   RO          891    .text               msh.o
    0x08005d68   0x08005d68   0x00000c40   Code   RO          913    .text               cmd.o
    0x080069a8   0x080069a8   0x000000b0   Code   RO          955    .text               clock.o
    0x08006a58   0x08006a58   0x000000d4   Code   RO          969    .text               components.o
    0x08006b2c   0x08006b2c   0x00000498   Code   RO          989    .text               device.o
    0x08006fc4   0x08006fc4   0x0000013c   Code   RO         1003    .text               idle.o
    0x08007100   0x08007100   0x00001ed0   Code   RO         1021    .text               ipc.o
    0x08008fd0   0x08008fd0   0x00000064   Code   RO         1036    .text               irq.o
    0x08009034   0x08009034   0x00000a38   Code   RO         1051    .text               kservice.o
    0x08009a6c   0x08009a6c   0x00000738   Code   RO         1073    .text               mem.o
    0x0800a1a4   0x0800a1a4   0x000003bc   Code   RO         1105    .text               object.o
    0x0800a560   0x0800a560   0x00000320   Code   RO         1122    .text               scheduler.o
    0x0800a880   0x0800a880   0x000007bc   Code   RO         1140    .text               thread.o
    0x0800b03c   0x0800b03c   0x0000054c   Code   RO         1160    .text               timer.o
    0x0800b588   0x0800b588   0x000001bc   Code   RO         1178    .text               system_gd32f30x.o
    0x0800b744   0x0800b744   0x00000520   Code   RO         1204    .text               gd32f30x_rcu.o
    0x0800bc64   0x0800bc64   0x000003b4   Code   RO         1225    .text               gd32f30x_usart.o
    0x0800c018   0x0800c018   0x00000100   Code   RO         1245    .text               gd32f30x_exti.o
    0x0800c118   0x0800c118   0x00000260   Code   RO         1265    .text               gd32f30x_gpio.o
    0x0800c378   0x0800c378   0x000000fc   Code   RO         1285    .text               gd32f30x_misc.o
    0x0800c474   0x0800c474   0x0000007c   Code   RO         1306    .text               gd32f30x_dbg.o
    0x0800c4f0   0x0800c4f0   0x000002f8   Code   RO         1326    .text               gd32f30x_spi.o
    0x0800c7e8   0x0800c7e8   0x00000660   Code   RO         1346    .text               gd32f30x_can.o
    0x0800ce48   0x0800ce48   0x00000002   Code   RO         1367    .text               c_w.l(use_no_semi.o)
    0x0800ce4a   0x0800ce4a   0x00000058   Code   RO         1371    .text               c_w.l(memcmp.o)
    0x0800cea2   0x0800cea2   0x00000048   Code   RO         1373    .text               c_w.l(strcpy.o)
    0x0800ceea   0x0800ceea   0x0000003e   Code   RO         1375    .text               c_w.l(strlen.o)
    0x0800cf28   0x0800cf28   0x00000096   Code   RO         1377    .text               c_w.l(strncmp.o)
    0x0800cfbe   0x0800cfbe   0x00000018   Code   RO         1379    .text               c_w.l(strcat.o)
    0x0800cfd6   0x0800cfd6   0x00000064   Code   RO         1381    .text               c_w.l(rt_memcpy_w.o)
    0x0800d03a   0x0800d03a   0x0000004e   Code   RO         1383    .text               c_w.l(rt_memclr_w.o)
    0x0800d088   0x0800d088   0x00000056   Code   RO         1385    .text               c_w.l(strncpy.o)
    0x0800d0de   0x0800d0de   0x00000002   PAD
    0x0800d0e0   0x0800d0e0   0x00000080   Code   RO         1387    .text               c_w.l(strcmpv7m.o)
    0x0800d160   0x0800d160   0x00000006   Code   RO         1389    .text               c_w.l(heapauxi.o)
    0x0800d166   0x0800d166   0x00000044   Code   RO         1394    .text               c_w.l(rt_memclr.o)
    0x0800d1aa   0x0800d1aa   0x0000004a   Code   RO         1411    .text               c_w.l(sys_stackheap_outer.o)
    0x0800d1f4   0x0800d1f4   0x00000012   Code   RO         1413    .text               c_w.l(exit.o)
    0x0800d206   0x0800d206   0x00000002   PAD
    0x0800d208   0x0800d208   0x00000008   Code   RO         1421    .text               c_w.l(libspace.o)
    0x0800d210   0x0800d210   0x0000000a   Code   RO         1480    x$fpl$fpinit        fz_wm.l(fpinit.o)
    0x0800d21a   0x0800d21a   0x00000059   Data   RO          307    .constdata          syscalls.o
    0x0800d273   0x0800d273   0x00000013   Data   RO          439    .constdata          cpuport.o
    0x0800d286   0x0800d286   0x000000a2   Data   RO          458    .constdata          can.o
    0x0800d328   0x0800d328   0x00000039   Data   RO          484    .constdata          completion.o
    0x0800d361   0x0800d361   0x00000086   Data   RO          500    .constdata          dataqueue.o
    0x0800d3e7   0x0800d3e7   0x0000010d   Data   RO          584    .constdata          workqueue.o
    0x0800d4f4   0x0800d4f4   0x00000088   Data   RO          605    .constdata          pin.o
    0x0800d57c   0x0800d57c   0x0000012a   Data   RO          619    .constdata          serial.o
    0x0800d6a6   0x0800d6a6   0x000000a3   Data   RO          634    .constdata          spi_core.o
    0x0800d749   0x0800d749   0x00000081   Data   RO          666    .constdata          spi_dev.o
    0x0800d7ca   0x0800d7ca   0x00000002   PAD
    0x0800d7cc   0x0800d7cc   0x00000144   Data   RO          716    .constdata          drv_can.o
    0x0800d910   0x0800d910   0x0000053c   Data   RO          771    .constdata          drv_gpio.o
    0x0800de4c   0x0800de4c   0x00000056   Data   RO          799    .constdata          drv_spi.o
    0x0800dea2   0x0800dea2   0x00000002   PAD
    0x0800dea4   0x0800dea4   0x000000ac   Data   RO          832    .constdata          drv_usart.o
    0x0800df50   0x0800df50   0x00000087   Data   RO          860    .constdata          shell.o
    0x0800dfd7   0x0800dfd7   0x0000000e   Data   RO          892    .constdata          msh.o
    0x0800dfe5   0x0800dfe5   0x00000003   PAD
    0x0800dfe8   0x0800dfe8   0x00000078   Data   RO          914    .constdata          cmd.o
    0x0800e060   0x0800e060   0x00000014   Data   RO          970    .constdata          components.o
    0x0800e074   0x0800e074   0x000000ba   Data   RO          990    .constdata          device.o
    0x0800e12e   0x0800e12e   0x0000021b   Data   RO         1022    .constdata          ipc.o
    0x0800e349   0x0800e349   0x00000143   Data   RO         1053    .constdata          kservice.o
    0x0800e48c   0x0800e48c   0x00000045   Data   RO         1074    .constdata          mem.o
    0x0800e4d1   0x0800e4d1   0x00000080   Data   RO         1106    .constdata          object.o
    0x0800e551   0x0800e551   0x0000004b   Data   RO         1124    .constdata          scheduler.o
    0x0800e59c   0x0800e59c   0x000000bb   Data   RO         1141    .constdata          thread.o
    0x0800e657   0x0800e657   0x0000006c   Data   RO         1161    .constdata          timer.o
    0x0800e6c3   0x0800e6c3   0x00000001   PAD
    0x0800e6c4   0x0800e6c4   0x000001d6   Data   RO          459    .conststring        can.o
    0x0800e89a   0x0800e89a   0x00000002   PAD
    0x0800e89c   0x0800e89c   0x00000063   Data   RO          620    .conststring        serial.o
    0x0800e8ff   0x0800e8ff   0x00000001   PAD
    0x0800e900   0x0800e900   0x00000005   Data   RO          717    .conststring        drv_can.o
    0x0800e905   0x0800e905   0x00000003   PAD
    0x0800e908   0x0800e908   0x00000005   Data   RO          800    .conststring        drv_spi.o
    0x0800e90d   0x0800e90d   0x00000003   PAD
    0x0800e910   0x0800e910   0x00000006   Data   RO          833    .conststring        drv_usart.o
    0x0800e916   0x0800e916   0x00000002   PAD
    0x0800e918   0x0800e918   0x000001e5   Data   RO          915    .conststring        cmd.o
    0x0800eafd   0x0800eafd   0x00000003   PAD
    0x0800eb00   0x0800eb00   0x0000015a   Data   RO         1023    .conststring        ipc.o
    0x0800ec5a   0x0800ec5a   0x00000002   PAD
    0x0800ec5c   0x0800ec5c   0x0000006f   Data   RO         1054    .conststring        kservice.o
    0x0800eccb   0x0800eccb   0x00000001   PAD
    0x0800eccc   0x0800eccc   0x000001a8   Data   RO         1075    .conststring        mem.o
    0x0800ee74   0x0800ee74   0x00000042   Data   RO         1142    .conststring        thread.o
    0x0800eeb6   0x0800eeb6   0x00000010   Data   RO            5    .rodata.name        spi_sample.o
    0x0800eec6   0x0800eec6   0x00000010   Data   RO            6    .rodata.name        spi_sample.o
    0x0800eed6   0x0800eed6   0x00000008   Data   RO          461    .rodata.name        can.o
    0x0800eede   0x0800eede   0x00000017   Data   RO          462    .rodata.name        can.o
    0x0800eef5   0x0800eef5   0x00000005   Data   RO          893    .rodata.name        msh.o
    0x0800eefa   0x0800eefa   0x00000016   Data   RO          894    .rodata.name        msh.o
    0x0800ef10   0x0800ef10   0x00000003   Data   RO          895    .rodata.name        msh.o
    0x0800ef13   0x0800ef13   0x0000001c   Data   RO          896    .rodata.name        msh.o
    0x0800ef2f   0x0800ef2f   0x00000005   Data   RO          897    .rodata.name        msh.o
    0x0800ef34   0x0800ef34   0x00000025   Data   RO          898    .rodata.name        msh.o
    0x0800ef59   0x0800ef59   0x00000006   Data   RO          916    .rodata.name        cmd.o
    0x0800ef5f   0x0800ef5f   0x0000001a   Data   RO          917    .rodata.name        cmd.o
    0x0800ef79   0x0800ef79   0x00000008   Data   RO          918    .rodata.name        cmd.o
    0x0800ef81   0x0800ef81   0x00000023   Data   RO          919    .rodata.name        cmd.o
    0x0800efa4   0x0800efa4   0x0000000c   Data   RO          920    .rodata.name        cmd.o
    0x0800efb0   0x0800efb0   0x0000000c   Data   RO          921    .rodata.name        cmd.o
    0x0800efbc   0x0800efbc   0x00000009   Data   RO          922    .rodata.name        cmd.o
    0x0800efc5   0x0800efc5   0x00000019   Data   RO          923    .rodata.name        cmd.o
    0x0800efde   0x0800efde   0x0000000b   Data   RO          924    .rodata.name        cmd.o
    0x0800efe9   0x0800efe9   0x00000015   Data   RO          925    .rodata.name        cmd.o
    0x0800effe   0x0800effe   0x0000000b   Data   RO          926    .rodata.name        cmd.o
    0x0800f009   0x0800f009   0x00000015   Data   RO          927    .rodata.name        cmd.o
    0x0800f01e   0x0800f01e   0x0000000d   Data   RO          928    .rodata.name        cmd.o
    0x0800f02b   0x0800f02b   0x00000018   Data   RO          929    .rodata.name        cmd.o
    0x0800f043   0x0800f043   0x0000000e   Data   RO          930    .rodata.name        cmd.o
    0x0800f051   0x0800f051   0x0000001d   Data   RO          931    .rodata.name        cmd.o
    0x0800f06e   0x0800f06e   0x0000000d   Data   RO          932    .rodata.name        cmd.o
    0x0800f07b   0x0800f07b   0x0000001b   Data   RO          933    .rodata.name        cmd.o
    0x0800f096   0x0800f096   0x0000000b   Data   RO          934    .rodata.name        cmd.o
    0x0800f0a1   0x0800f0a1   0x00000015   Data   RO          935    .rodata.name        cmd.o
    0x0800f0b6   0x0800f0b6   0x0000000c   Data   RO          936    .rodata.name        cmd.o
    0x0800f0c2   0x0800f0c2   0x00000016   Data   RO          937    .rodata.name        cmd.o
    0x0800f0d8   0x0800f0d8   0x00000004   Data   RO          971    .rti_fn.0           components.o
    0x0800f0dc   0x0800f0dc   0x00000004   Data   RO          972    .rti_fn.0.end       components.o
    0x0800f0e0   0x0800f0e0   0x00000004   Data   RO          719    .rti_fn.1           drv_can.o
    0x0800f0e4   0x0800f0e4   0x00000004   Data   RO          773    .rti_fn.1           drv_gpio.o
    0x0800f0e8   0x0800f0e8   0x00000004   Data   RO          802    .rti_fn.1           drv_spi.o
    0x0800f0ec   0x0800f0ec   0x00000004   Data   RO          834    .rti_fn.1           drv_usart.o
    0x0800f0f0   0x0800f0f0   0x00000004   Data   RO          973    .rti_fn.1.end       components.o
    0x0800f0f4   0x0800f0f4   0x00000004   Data   RO          586    .rti_fn.2           workqueue.o
    0x0800f0f8   0x0800f0f8   0x00000004   Data   RO          862    .rti_fn.6           shell.o
    0x0800f0fc   0x0800f0fc   0x00000004   Data   RO          974    .rti_fn.6.end       components.o
    0x0800f100   0x0800f100   0x0000000c   Data   RO            7    FSymTab             spi_sample.o
    0x0800f10c   0x0800f10c   0x0000000c   Data   RO          463    FSymTab             can.o
    0x0800f118   0x0800f118   0x00000024   Data   RO          899    FSymTab             msh.o
    0x0800f13c   0x0800f13c   0x00000084   Data   RO          938    FSymTab             cmd.o
    0x0800f1c0   0x0800f1c0   0x00000020   Data   RO         1539    Region$$Table       anon$$obj.o


    Execution Region RW_IRAM1 (Exec base: 0x20000000, Load base: 0x0800f1e0, Size: 0x000010c0, Max: 0x00008000, ABSOLUTE, COMPRESSED[0x00000098])

    Exec Addr    Load Addr    Size         Type   Attr      Idx    E Section Name        Object

    0x20000000   COMPRESSED   0x0000000c   Data   RW            4    .data               spi_sample.o
    0x2000000c   COMPRESSED   0x00000004   Data   RW          440    .data               cpuport.o
    0x20000010   COMPRESSED   0x00000004   Data   RW          441    .data               cpuport.o
    0x20000014   COMPRESSED   0x00000004   Data   RW          442    .data               cpuport.o
    0x20000018   COMPRESSED   0x00000004   Data   RW          443    .data               cpuport.o
    0x2000001c   COMPRESSED   0x00000010   Data   RW          460    .data               can.o
    0x2000002c   COMPRESSED   0x00000004   Data   RW          585    .data               workqueue.o
    0x20000030   COMPRESSED   0x00000004   Data   RW          621    .data               serial.o
    0x20000034   COMPRESSED   0x00000018   Data   RW          718    .data               drv_can.o
    0x2000004c   COMPRESSED   0x000000c0   Data   RW          772    .data               drv_gpio.o
    0x2000010c   COMPRESSED   0x00000010   Data   RW          801    .data               drv_spi.o
    0x2000011c   COMPRESSED   0x00000010   Data   RW          861    .data               shell.o
    0x2000012c   COMPRESSED   0x00000008   Data   RW          956    .data               clock.o
    0x20000134   COMPRESSED   0x00000008   Data   RW         1005    .data               idle.o
    0x2000013c   COMPRESSED   0x0000000c   Data   RW         1037    .data               irq.o
    0x20000148   COMPRESSED   0x00000018   Data   RW         1055    .data               kservice.o
    0x20000160   COMPRESSED   0x000000b4   Data   RW         1107    .data               object.o
    0x20000214   COMPRESSED   0x00000014   Data   RW         1125    .data               scheduler.o
    0x20000228   COMPRESSED   0x0000000c   Data   RW         1143    .data               thread.o
    0x20000234   COMPRESSED   0x00000014   Data   RW         1162    .data               timer.o
    0x20000248   COMPRESSED   0x00000004   Data   RW         1179    .data               system_gd32f30x.o
    0x2000024c        -       0x00000044   Zero   RW          604    .bss                pin.o
    0x20000290        -       0x00000104   Zero   RW          715    .bss                drv_can.o
    0x20000394        -       0x00000050   Zero   RW          797    .bss                drv_spi.o
    0x200003e4        -       0x00000070   Zero   RW          798    .bss                drv_spi.o
    0x20000454        -       0x00000054   Zero   RW          831    .bss                drv_usart.o
    0x200004a8        -       0x00000081   Zero   RW          859    .bss                shell.o
    0x20000529   COMPRESSED   0x00000003   PAD
    0x2000052c        -       0x00000190   Zero   RW         1004    .bss                idle.o
    0x200006bc        -       0x000000a4   Zero   RW         1052    .bss                kservice.o
    0x20000760        -       0x00000100   Zero   RW         1123    .bss                scheduler.o
    0x20000860        -       0x00000060   Zero   RW         1422    .bss                c_w.l(libspace.o)
    0x200008c0        -       0x00000400   Zero   RW          706    HEAP                startup_gd32f30x_hd.o
    0x20000cc0        -       0x00000400   Zero   RW          705    STACK               startup_gd32f30x_hd.o


==============================================================================

Image component sizes


      Code (inc. data)   RO Data    RW Data    ZI Data      Debug   Object Name

       172         26          0          0          0      27771   board.o
      3920        546        675         16          0      15848   can.o
       176          6          0          8          0       2392   clock.o
      3136       1222       1120          0          0      13431   cmd.o
       612        222         57          0          0       4843   completion.o
       212         40         36          0          0       2624   components.o
       316         28          0          0          0        828   context_rvds.o
      1420        740         19         16          0       5259   cpuport.o
      1728        262        134          0          0       5828   dataqueue.o
      1176        250        186          0          0       5281   device.o
      2452        190        333         24        260       7763   drv_can.o
       880         28       1344        192          0       6081   drv_gpio.o
       912        216         95         16        192       4389   drv_spi.o
       676         84        182          0         84      30053   drv_usart.o
      1632         34          0          0          0       8687   gd32f30x_can.o
       124          4          0          0          0       2002   gd32f30x_dbg.o
       256          4          0          0          0       2853   gd32f30x_exti.o
       608         12          0          0          0       5212   gd32f30x_gpio.o
       252         14          0          0          0       2715   gd32f30x_misc.o
      1312         70          0          0          0       9334   gd32f30x_rcu.o
       760         12          0          0          0       9282   gd32f30x_spi.o
       948         16          0          0          0      10940   gd32f30x_usart.o
       316         24          0          8        400       5950   idle.o
      7888       1050        885          0          0      22609   ipc.o
       100          6          0         12          0       2128   irq.o
      2616        304        434         24        164      17279   kservice.o
       128          6          0          0          0        619   main.o
      1848        660        493          0          0       4977   mem.o
       808        176        150          0          0       4884   msh.o
       956        156        128        180          0       7387   object.o
       592         76        136          0         68       4891   pin.o
       800        142         75         20        256       5175   scheduler.o
      2924        374        397          4          0      10733   serial.o
      1756        176        139         16        129       7919   shell.o
      1276         86        163          0          0      20754   spi_core.o
       464        128        129          0          0       3319   spi_dev.o
       336        156         44         12          0     102278   spi_sample.o
        64         26        304          0       2048        996   startup_gd32f30x_hd.o
       120         48          0          0          0        888   stdlib.o
       436         94         89          0          0       4796   syscalls.o
       444         52          0          4          0       2673   system_gd32f30x.o
      1980        390        253         12          0      11052   thread.o
      1356        292        108         20          0       6991   timer.o
         0          0          0          0          0       2532   waitqueue.o
      1392        160        273          4          0       9738   workqueue.o

    ----------------------------------------------------------------------
     52280       8608       8438        588       3604     443984   Object Totals
         0          0         32          0          0          0   (incl. Generated)
         0          0         25          0          3          0   (incl. Padding)

    ----------------------------------------------------------------------

      Code (inc. data)   RO Data    RW Data    ZI Data      Debug   Library Member Name

        90          0          0          0          0          0   __dczerorl2.o
         8          0          0          0          0         68   __main.o
         0          0          0          0          0          0   __rtentry.o
        12          0          0          0          0          0   __rtentry2.o
         6          0          0          0          0          0   __rtentry4.o
        52          8          0          0          0          0   __scatter.o
        28          0          0          0          0          0   __scatter_zi.o
        18          0          0          0          0         80   exit.o
         6          0          0          0          0        152   heapauxi.o
         2          0          0          0          0          0   libinit.o
         6          0          0          0          0          0   libinit2.o
         2          0          0          0          0          0   libshutdown.o
         2          0          0          0          0          0   libshutdown2.o
         8          4          0          0         96         68   libspace.o
        88          0          0          0          0         76   memcmp.o
        68          0          0          0          0         68   rt_memclr.o
        78          0          0          0          0         80   rt_memclr_w.o
       100          0          0          0          0         80   rt_memcpy_w.o
         2          0          0          0          0          0   rtexit.o
        10          0          0          0          0          0   rtexit2.o
        24          0          0          0          0         68   strcat.o
       128          0          0          0          0         68   strcmpv7m.o
        72          0          0          0          0         80   strcpy.o
        62          0          0          0          0         76   strlen.o
       150          0          0          0          0         80   strncmp.o
        86          0          0          0          0         76   strncpy.o
        74          0          0          0          0         80   sys_stackheap_outer.o
         2          0          0          0          0         68   use_no_semi.o
        10          0          0          0          0        116   fpinit.o

    ----------------------------------------------------------------------
      1202         12          0          0         96       1384   Library Totals
         8          0          0          0          0          0   (incl. Padding)

    ----------------------------------------------------------------------

      Code (inc. data)   RO Data    RW Data    ZI Data      Debug   Library Name

      1184         12          0          0         96       1268   c_w.l
        10          0          0          0          0        116   fz_wm.l

    ----------------------------------------------------------------------
      1202         12          0          0         96       1384   Library Totals

    ----------------------------------------------------------------------

==============================================================================


      Code (inc. data)   RO Data    RW Data    ZI Data      Debug   

     53482       8620       8438        588       3700     435644   Grand Totals
     53482       8620       8438        152       3700     435644   ELF Image Totals (compressed)
     53482       8620       8438        152          0          0   ROM Totals

==============================================================================

    Total RO  Size (Code + RO Data)                61920 (  60.47kB)
    Total RW  Size (RW Data + ZI Data)              4288 (   4.19kB)
    Total ROM Size (Code + RO Data + RW Data)      62072 (  60.62kB)

==============================================================================

