<html>
<body>
<pre>
<h1>µVision Build Log</h1>
<h2>Tool Versions:</h2>
IDE-Version: ¦ÌVision V5.30.0.0
Copyright (C) 2020 ARM Ltd and ARM Germany GmbH. All rights reserved.
License Information: RAIL RAIL, HUST, LIC=AK1BF-64GXJ-QIV5M-XGKEW-6RJ7D-4EXKI
 
Tool Versions:
Toolchain:       MDK-ARM Professional  Version: 5.30.0.0
Toolchain Path:  F:\keil_mdk530\ARM\ARMCC\Bin
C Compiler:      Armcc.exe V5.06 update 6 (build 750)
Assembler:       Armasm.exe V5.06 update 6 (build 750)
Linker/Locator:  ArmLink.exe V5.06 update 6 (build 750)
Library Manager: ArmAr.exe V5.06 update 6 (build 750)
Hex Converter:   FromElf.exe V5.06 update 6 (build 750)
CPU DLL:         SARMCM3.DLL V5.30.0.0
Dialog DLL:      DCM.DLL V1.17.3.0
Target DLL:      CMSIS_AGDI.dll V1.32.5.0
Dialog DLL:      TCM.DLL V1.42.0.0
 
<h2>Project:</h2>
D:\Encoder_reader\bsp\gd32\arm\gd32303e-eval\project.uvprojx
Project File Date:  10/28/2022

<h2>Output:</h2>
*** Using Compiler 'V5.06 update 6 (build 750)', folder: 'F:\keil_mdk530\ARM\ARMCC\Bin'
Rebuild target 'rt-thread'
compiling stdlib.c...
compiling syscall_mem.c...
compiling syscalls.c...
compiling time.c...
assembling context_rvds.S...
compiling div0.c...
compiling backtrace.c...
compiling main.c...
compiling showmem.c...
compiling cpuport.c...
compiling completion.c...
compiling pipe.c...
compiling dataqueue.c...
compiling ringblk_buf.c...
compiling waitqueue.c...
compiling ringbuffer.c...
compiling pin.c...
compiling workqueue.c...
assembling startup_gd32f30x_hd.s...
compiling serial.c...
compiling spi_dev.c...
compiling spi_core.c...
compiling board.c...
compiling shell.c...
compiling drv_spi.c...
compiling drv_gpio.c...
compiling drv_usart.c...
compiling msh.c...
compiling clock.c...
compiling components.c...
compiling cmd.c...
compiling idle.c...
compiling device.c...
compiling irq.c...
compiling mempool.c...
compiling mem.c...
compiling kservice.c...
compiling object.c...
compiling ipc.c...
compiling scheduler.c...
compiling thread.c...
compiling timer.c...
compiling system_gd32f30x.c...
compiling gd32f30x_rcu.c...
compiling gd32f30x_exti.c...
compiling gd32f30x_usart.c...
compiling gd32f30x_gpio.c...
compiling gd32f30x_misc.c...
compiling gd32f30x_spi.c...
linking...
Program Size: Code=44670 RO-data=7902 RW-data=528 ZI-data=3360  
After Build - User command #1: fromelf --bin .\build\rtthread.axf --output rtthread.bin
".\build\rtthread.axf" - 0 Error(s), 0 Warning(s).

<h2>Software Packages used:</h2>

Package Vendor: ARM
                http://www.keil.com/pack/ARM.CMSIS.5.7.0.pack
                ARM.CMSIS.5.7.0
                CMSIS (Cortex Microcontroller Software Interface Standard)
   * Component: CORE Version: 5.4.0

Package Vendor: GigaDevice
                https://gd32mcu.com/data/documents/pack/GigaDevice.GD32F30x_DFP.2.2.1.pack
                GigaDevice.GD32F30x_DFP.2.2.1
                GigaDevice GD32F30x Series Device Support and Examples

<h2>Collection of Component include folders:</h2>
  .\RTE\_rt-thread
  F:\keil_mdk530\ARM\CMSIS\5.7.0\CMSIS\Core\Include
  F:\keil_mdk530\GigaDevice\GD32F30x_DFP\2.2.1\Device\Include

<h2>Collection of Component Files used:</h2>

   * Component: ARM::CMSIS:CORE:5.4.0
Build Time Elapsed:  00:00:03
</pre>
</body>
</html>
