Component: ARM Compiler 5.06 update 6 (build 750) Tool: armlink [4d35ed]

==============================================================================

Section Cross References

    main.o(.text) refers to pin.o(.text) for rt_pin_mode
    main.o(.text) refers to thread.o(.text) for rt_thread_mdelay
    spi_sample.o(.text) refers to pin.o(.text) for rt_pin_write
    spi_sample.o(.text) refers to spi_core.o(.text) for rt_spi_transfer_message
    spi_sample.o(.text) refers to thread.o(.text) for rt_thread_mdelay
    spi_sample.o(.text) refers to uart_sample.o(.text) for uart_sample
    spi_sample.o(.text) refers to ipc.o(.text) for rt_sem_take
    spi_sample.o(.text) refers to spi_sample.o(.bss) for .bss
    spi_sample.o(.text) refers to spi_sample.o(.data) for .data
    spi_sample.o(.text) refers to uart_sample.o(.data) for position_offset
    spi_sample.o(.text) refers to uart_sample.o(.bss) for spi_sem
    spi_sample.o(.text) refers to kservice.o(.text) for rt_strncpy
    spi_sample.o(.text) refers to drv_spi.o(.text) for rt_spi_device_attach
    spi_sample.o(.text) refers to device.o(.text) for rt_device_find
    spi_sample.o(.rti_fn.6) refers to spi_sample.o(.text) for spi_recv_sample
    uart_sample.o(.text) refers to ipc.o(.text) for rt_sem_release
    uart_sample.o(.text) refers to device.o(.text) for rt_device_read
    uart_sample.o(.text) refers to kservice.o(.text) for rt_strncpy
    uart_sample.o(.text) refers to spi_sample.o(.text) for error_handling
    uart_sample.o(.text) refers to thread.o(.text) for rt_thread_create
    uart_sample.o(.text) refers to uart_sample.o(.bss) for .bss
    uart_sample.o(.text) refers to spi_sample.o(.data) for Factory_Position_Offset
    uart_sample.o(.text) refers to spi_sample.o(.data) for Factory_Baud_Rate
    uart_sample.o(.text) refers to uart_sample.o(.constdata) for .constdata
    uart_sample.o(.text) refers to uart_sample.o(.data) for .data
    syscall_mem.o(.text) refers (Special) to hguard.o(.text) for __use_no_heap
    syscall_mem.o(.text) refers to kservice.o(.text) for rt_malloc
    syscalls.o(.text) refers (Special) to use_no_semi.o(.text) for __use_no_semihosting_swi
    syscalls.o(.text) refers to strcmpv7m.o(.text) for strcmp
    syscalls.o(.text) refers to kservice.o(.text) for rt_kprintf
    syscalls.o(.text) refers to device.o(.text) for rt_device_write
    syscalls.o(.text) refers to stdlib.o(.text) for __rt_libc_exit
    syscalls.o(.text) refers to syscalls.o(.constdata) for .constdata
    syscalls.o(.constdata) refers (Special) to use_no_semi.o(.text) for __use_no_semihosting_swi
    stdlib.o(.text) refers to thread.o(.text) for rt_thread_self
    stdlib.o(.text) refers to kservice.o(.text) for rt_kprintf
    stdlib.o(.text) refers to msh.o(.text) for msh_exec
    time.o(.text) refers to kservice.o(.text) for rt_strlen
    time.o(.text) refers to clock.o(.text) for rt_tick_get
    time.o(.text) refers to time.o(.constdata) for .constdata
    time.o(.text) refers to time.o(.bss) for .bss
    time.o(.text) refers to time.o(.data) for .data
    time.o(.text) refers to time.o(.conststring) for .conststring
    time.o(.text) refers to context_rvds.o(.text) for rt_hw_interrupt_disable
    time.o(.data) refers to time.o(.conststring) for .conststring
    showmem.o(.text) refers to kservice.o(.text) for rt_assert_handler
    showmem.o(.text) refers to showmem.o(.constdata) for .constdata
    context_rvds.o(.text) refers to cpuport.o(.text) for rt_hw_hard_fault_exception
    context_rvds.o(.text) refers to cpuport.o(.data) for rt_thread_switch_interrupt_flag
    context_rvds.o(.text) refers to cpuport.o(.data) for rt_interrupt_from_thread
    context_rvds.o(.text) refers to cpuport.o(.data) for rt_interrupt_to_thread
    cpuport.o(.text) refers to kservice.o(.text) for rt_kprintf
    cpuport.o(.text) refers to thread.o(.text) for rt_thread_self
    cpuport.o(.text) refers to cmd.o(.text) for list_thread
    cpuport.o(.text) refers to cpuport.o(.data) for .data
    cpuport.o(.text) refers to cpuport.o(.constdata) for .constdata
    can.o(.text) refers to kservice.o(.text) for rt_assert_handler
    can.o(.text) refers to context_rvds.o(.text) for rt_hw_interrupt_disable
    can.o(.text) refers to ipc.o(.text) for rt_sem_take
    can.o(.text) refers to completion.o(.text) for rt_completion_wait
    can.o(.text) refers to can.o(.constdata) for .constdata
    can.o(.text) refers to timer.o(.text) for rt_timer_start
    can.o(.text) refers to device.o(.text) for rt_device_control
    can.o(.text) refers to can.o(.conststring) for .conststring
    can.o(.text) refers to can.o(.data) for .data
    can.o(.data) refers to can.o(.conststring) for .conststring
    can.o(FSymTab) refers to can.o(.rodata.name) for __fsym_canstat_name
    can.o(FSymTab) refers to can.o(.rodata.name) for __fsym_canstat_desc
    can.o(FSymTab) refers to can.o(.text) for cmd_canstat
    completion.o(.text) refers to kservice.o(.text) for rt_assert_handler
[...]
    Error_Handler                            0x08004739   Thumb Code     2  board.o(.text)
    SystemClock_Config                       0x0800473b   Thumb Code    58  board.o(.text)
    SysTick_Handler                          0x08004775   Thumb Code    18  board.o(.text)
    rt_hw_board_init                         0x08004787   Thumb Code    36  board.o(.text)
    Reset_Handler                            0x080047e5   Thumb Code     8  startup_gd32f30x_hd.o(.text)
    NMI_Handler                              0x080047ed   Thumb Code     2  startup_gd32f30x_hd.o(.text)
    MemManage_Handler                        0x080047f1   Thumb Code     2  startup_gd32f30x_hd.o(.text)
    BusFault_Handler                         0x080047f3   Thumb Code     2  startup_gd32f30x_hd.o(.text)
    UsageFault_Handler                       0x080047f5   Thumb Code     2  startup_gd32f30x_hd.o(.text)
    SVC_Handler                              0x080047f7   Thumb Code     2  startup_gd32f30x_hd.o(.text)
    DebugMon_Handler                         0x080047f9   Thumb Code     2  startup_gd32f30x_hd.o(.text)
    ADC0_1_IRQHandler                        0x080047ff   Thumb Code     0  startup_gd32f30x_hd.o(.text)
    ADC2_IRQHandler                          0x080047ff   Thumb Code     0  startup_gd32f30x_hd.o(.text)
    DMA0_Channel0_IRQHandler                 0x080047ff   Thumb Code     0  startup_gd32f30x_hd.o(.text)
    DMA0_Channel1_IRQHandler                 0x080047ff   Thumb Code     0  startup_gd32f30x_hd.o(.text)
    DMA0_Channel2_IRQHandler                 0x080047ff   Thumb Code     0  startup_gd32f30x_hd.o(.text)
    DMA0_Channel3_IRQHandler                 0x080047ff   Thumb Code     0  startup_gd32f30x_hd.o(.text)
    DMA0_Channel4_IRQHandler                 0x080047ff   Thumb Code     0  startup_gd32f30x_hd.o(.text)
    DMA0_Channel5_IRQHandler                 0x080047ff   Thumb Code     0  startup_gd32f30x_hd.o(.text)
    DMA0_Channel6_IRQHandler                 0x080047ff   Thumb Code     0  startup_gd32f30x_hd.o(.text)
    DMA1_Channel0_IRQHandler                 0x080047ff   Thumb Code     0  startup_gd32f30x_hd.o(.text)
    DMA1_Channel1_IRQHandler                 0x080047ff   Thumb Code     0  startup_gd32f30x_hd.o(.text)
    DMA1_Channel2_IRQHandler                 0x080047ff   Thumb Code     0  startup_gd32f30x_hd.o(.text)
    DMA1_Channel3_4_IRQHandler               0x080047ff   Thumb Code     0  startup_gd32f30x_hd.o(.text)
    EXMC_IRQHandler                          0x080047ff   Thumb Code     0  startup_gd32f30x_hd.o(.text)
    FMC_IRQHandler                           0x080047ff   Thumb Code     0  startup_gd32f30x_hd.o(.text)
    I2C0_ER_IRQHandler                       0x080047ff   Thumb Code     0  startup_gd32f30x_hd.o(.text)
    I2C0_EV_IRQHandler                       0x080047ff   Thumb Code     0  startup_gd32f30x_hd.o(.text)
    I2C1_ER_IRQHandler                       0x080047ff   Thumb Code     0  startup_gd32f30x_hd.o(.text)
    I2C1_EV_IRQHandler                       0x080047ff   Thumb Code     0  startup_gd32f30x_hd.o(.text)
    LVD_IRQHandler                           0x080047ff   Thumb Code     0  startup_gd32f30x_hd.o(.text)
    RCU_CTC_IRQHandler                       0x080047ff   Thumb Code     0  startup_gd32f30x_hd.o(.text)
    RTC_Alarm_IRQHandler                     0x080047ff   Thumb Code     0  startup_gd32f30x_hd.o(.text)
    RTC_IRQHandler                           0x080047ff   Thumb Code     0  startup_gd32f30x_hd.o(.text)
    SDIO_IRQHandler                          0x080047ff   Thumb Code     0  startup_gd32f30x_hd.o(.text)
    SPI0_IRQHandler                          0x080047ff   Thumb Code     0  startup_gd32f30x_hd.o(.text)
    SPI1_IRQHandler                          0x080047ff   Thumb Code     0  startup_gd32f30x_hd.o(.text)
    SPI2_IRQHandler                          0x080047ff   Thumb Code     0  startup_gd32f30x_hd.o(.text)
    TAMPER_IRQHandler                        0x080047ff   Thumb Code     0  startup_gd32f30x_hd.o(.text)
    TIMER0_BRK_IRQHandler                    0x080047ff   Thumb Code     0  startup_gd32f30x_hd.o(.text)
    TIMER0_Channel_IRQHandler                0x080047ff   Thumb Code     0  startup_gd32f30x_hd.o(.text)
    TIMER0_TRG_CMT_IRQHandler                0x080047ff   Thumb Code     0  startup_gd32f30x_hd.o(.text)
    TIMER0_UP_IRQHandler                     0x080047ff   Thumb Code     0  startup_gd32f30x_hd.o(.text)
    TIMER1_IRQHandler                        0x080047ff   Thumb Code     0  startup_gd32f30x_hd.o(.text)
    TIMER2_IRQHandler                        0x080047ff   Thumb Code     0  startup_gd32f30x_hd.o(.text)
    TIMER3_IRQHandler                        0x080047ff   Thumb Code     0  startup_gd32f30x_hd.o(.text)
    TIMER4_IRQHandler                        0x080047ff   Thumb Code     0  startup_gd32f30x_hd.o(.text)
    TIMER5_IRQHandler                        0x080047ff   Thumb Code     0  startup_gd32f30x_hd.o(.text)
    TIMER6_IRQHandler                        0x080047ff   Thumb Code     0  startup_gd32f30x_hd.o(.text)
    TIMER7_BRK_IRQHandler                    0x080047ff   Thumb Code     0  startup_gd32f30x_hd.o(.text)
    TIMER7_Channel_IRQHandler                0x080047ff   Thumb Code     0  startup_gd32f30x_hd.o(.text)
    TIMER7_TRG_CMT_IRQHandler                0x080047ff   Thumb Code     0  startup_gd32f30x_hd.o(.text)
    TIMER7_UP_IRQHandler                     0x080047ff   Thumb Code     0  startup_gd32f30x_hd.o(.text)
    UART3_IRQHandler                         0x080047ff   Thumb Code     0  startup_gd32f30x_hd.o(.text)
    UART4_IRQHandler                         0x080047ff   Thumb Code     0  startup_gd32f30x_hd.o(.text)
    USART0_IRQHandler                        0x080047ff   Thumb Code     0  startup_gd32f30x_hd.o(.text)
    USBD_WKUP_IRQHandler                     0x080047ff   Thumb Code     0  startup_gd32f30x_hd.o(.text)
    WWDGT_IRQHandler                         0x080047ff   Thumb Code     0  startup_gd32f30x_hd.o(.text)
    __user_initial_stackheap                 0x08004801   Thumb Code    10  startup_gd32f30x_hd.o(.text)
    gd32_can_gpio_init                       0x08004825   Thumb Code    68  drv_can.o(.text)
    USBD_HP_CAN0_TX_IRQHandler               0x080050bd   Thumb Code    20  drv_can.o(.text)
    USBD_LP_CAN0_RX0_IRQHandler              0x080050d1   Thumb Code    22  drv_can.o(.text)
    CAN0_RX1_IRQHandler                      0x080050e7   Thumb Code    22  drv_can.o(.text)
    CAN0_EWMC_IRQHandler                     0x080050fd   Thumb Code    20  drv_can.o(.text)
    rt_hw_can_init                           0x08005111   Thumb Code   134  drv_can.o(.text)
    get_pin                                  0x080051b9   Thumb Code    22  drv_gpio.o(.text)
    GD32_GPIO_EXTI_IRQHandler                0x080053e1   Thumb Code    48  drv_gpio.o(.text)
    EXTI0_IRQHandler                         0x08005411   Thumb Code    20  drv_gpio.o(.text)
    EXTI1_IRQHandler                         0x08005425   Thumb Code    20  drv_gpio.o(.text)
    EXTI2_IRQHandler                         0x08005439   Thumb Code    20  drv_gpio.o(.text)
    EXTI3_IRQHandler                         0x0800544d   Thumb Code    20  drv_gpio.o(.text)
    EXTI4_IRQHandler                         0x08005461   Thumb Code    20  drv_gpio.o(.text)
    EXTI5_9_IRQHandler                       0x08005475   Thumb Code    44  drv_gpio.o(.text)
    EXTI10_15_IRQHandler                     0x080054a1   Thumb Code    50  drv_gpio.o(.text)
    rt_hw_pin_init                           0x080054d3   Thumb Code    34  drv_gpio.o(.text)
    rt_hw_spi_init                           0x08005733   Thumb Code    42  drv_spi.o(.text)
    rt_spi_device_attach                     0x0800575d   Thumb Code   132  drv_spi.o(.text)
    USART1_IRQHandler                        0x080058fb   Thumb Code    20  drv_usart.o(.text)
    USART2_IRQHandler                        0x0800590f   Thumb Code    22  drv_usart.o(.text)
    gd32_uart_gpio_init                      0x08005925   Thumb Code    90  drv_usart.o(.text)
    gd32_hw_usart_init                       0x08005add   Thumb Code    88  drv_usart.o(.text)
    finsh_set_prompt                         0x08005ba1   Thumb Code    46  shell.o(.text)
    finsh_get_prompt                         0x08005bcf   Thumb Code    56  shell.o(.text)
    finsh_get_prompt_mode                    0x08005c07   Thumb Code    30  shell.o(.text)
    finsh_set_prompt_mode                    0x08005c25   Thumb Code    36  shell.o(.text)
    finsh_getchar                            0x08005c49   Thumb Code    90  shell.o(.text)
    finsh_set_device                         0x08005cc1   Thumb Code   136  shell.o(.text)
    finsh_get_device                         0x08005d49   Thumb Code    28  shell.o(.text)
    finsh_set_echo                           0x08005d65   Thumb Code    38  shell.o(.text)
    finsh_get_echo                           0x08005d8b   Thumb Code    34  shell.o(.text)
    finsh_thread_entry                       0x08005e61   Thumb Code   828  shell.o(.text)
    finsh_system_function_init               0x0800619d   Thumb Code     8  shell.o(.text)
    finsh_system_init                        0x080061a5   Thumb Code    94  shell.o(.text)
    msh_help                                 0x0800627d   Thumb Code    44  msh.o(.text)
    cmd_ps                                   0x080062a9   Thumb Code    10  msh.o(.text)
    cmd_free                                 0x080062b3   Thumb Code    48  msh.o(.text)
    msh_exec                                 0x080062e3   Thumb Code    74  msh.o(.text)
    msh_auto_complete                        0x0800632d   Thumb Code   134  msh.o(.text)
    version                                  0x080065b1   Thumb Code    10  cmd.o(.text)
    list_thread                              0x08006621   Thumb Code   248  cmd.o(.text)
    list_sem                                 0x08006719   Thumb Code   186  cmd.o(.text)
    list_event                               0x080067d3   Thumb Code   180  cmd.o(.text)
    list_mutex                               0x08006887   Thumb Code   146  cmd.o(.text)
    list_mailbox                             0x08006919   Thumb Code   794  cmd.o(.text)
    list_msgqueue                            0x08006c33   Thumb Code   184  cmd.o(.text)
    list_mempool                             0x08006ceb   Thumb Code   200  cmd.o(.text)
    list_timer                               0x08006db3   Thumb Code   176  cmd.o(.text)
    list_device                              0x08006e63   Thumb Code   150  cmd.o(.text)
    rt_tick_sethook                          0x080071e5   Thumb Code     6  clock.o(.text)
    rt_tick_get                              0x080071eb   Thumb Code     6  clock.o(.text)
    rt_tick_set                              0x080071f1   Thumb Code    20  clock.o(.text)
    rt_tick_increase                         0x08007205   Thumb Code    74  clock.o(.text)
    rt_tick_from_millisecond                 0x0800724f   Thumb Code    52  clock.o(.text)
    rt_tick_get_millisecond                  0x08007283   Thumb Code    12  clock.o(.text)
    rt_components_board_init                 0x080072a5   Thumb Code    20  components.o(.text)
    rt_components_init                       0x080072b9   Thumb Code    20  components.o(.text)
    main_thread_entry                        0x080072cd   Thumb Code    14  components.o(.text)
    rt_application_init                      0x080072db   Thumb Code    50  components.o(.text)
    rtthread_startup                         0x0800730d   Thumb Code    42  components.o(.text)
    main                                     0x08007337   Thumb Code    10  components.o(.text)
    rt_device_find                           0x08007369   Thumb Code     6  device.o(.text)
    rt_device_register                       0x0800736f   Thumb Code    50  device.o(.text)
    rt_device_unregister                     0x080073a1   Thumb Code    64  device.o(.text)
    rt_device_create                         0x080073e1   Thumb Code    34  device.o(.text)
    rt_device_destroy                        0x08007403   Thumb Code    76  device.o(.text)
    rt_device_init                           0x0800744f   Thumb Code    64  device.o(.text)
    rt_device_open                           0x0800748f   Thumb Code   166  device.o(.text)
    rt_device_close                          0x08007535   Thumb Code    96  device.o(.text)
    rt_device_read                           0x08007595   Thumb Code    98  device.o(.text)
    rt_device_write                          0x080075f7   Thumb Code    98  device.o(.text)
    rt_device_control                        0x08007659   Thumb Code    70  device.o(.text)
    rt_device_set_rx_indicate                0x0800769f   Thumb Code    52  device.o(.text)
    rt_device_set_tx_complete                0x080076d3   Thumb Code    52  device.o(.text)
    rt_thread_idle_sethook                   0x08007801   Thumb Code    50  idle.o(.text)
    rt_thread_idle_delhook                   0x08007833   Thumb Code    52  idle.o(.text)
    rt_thread_defunct_enqueue                0x08007867   Thumb Code    18  idle.o(.text)
    rt_thread_defunct_dequeue                0x08007879   Thumb Code    44  idle.o(.text)
    rt_thread_idle_init                      0x080078eb   Thumb Code    52  idle.o(.text)
    rt_thread_idle_gethandler                0x0800791f   Thumb Code     6  idle.o(.text)
    rt_sem_init                              0x0800799b   Thumb Code    94  ipc.o(.text)
    rt_sem_detach                            0x080079f9   Thumb Code    84  ipc.o(.text)
    rt_sem_create                            0x08007a4d   Thumb Code   118  ipc.o(.text)
    rt_sem_delete                            0x08007ac3   Thumb Code   126  ipc.o(.text)
    rt_sem_take                              0x08007b41   Thumb Code   300  ipc.o(.text)
    rt_sem_trytake                           0x08007c6d   Thumb Code     4  ipc.o(.text)
    rt_sem_release                           0x08007c71   Thumb Code   122  ipc.o(.text)
    rt_sem_control                           0x08007ceb   Thumb Code   458  ipc.o(.text)
    rt_mutex_init                            0x08007eb5   Thumb Code    58  ipc.o(.text)
    rt_mutex_detach                          0x08007eef   Thumb Code    84  ipc.o(.text)
    rt_mutex_create                          0x08007f43   Thumb Code    88  ipc.o(.text)
    rt_mutex_delete                          0x08007f9b   Thumb Code   130  ipc.o(.text)
    rt_mutex_take                            0x0800801d   Thumb Code   384  ipc.o(.text)
    rt_mutex_trytake                         0x0800819d   Thumb Code     4  ipc.o(.text)
    rt_mutex_release                         0x080081a1   Thumb Code   468  ipc.o(.text)
    rt_mutex_control                         0x08008375   Thumb Code    48  ipc.o(.text)
    rt_event_init                            0x080083a5   Thumb Code    72  ipc.o(.text)
    rt_event_detach                          0x080083ed   Thumb Code    84  ipc.o(.text)
    rt_event_create                          0x08008441   Thumb Code   102  ipc.o(.text)
    rt_event_delete                          0x080084a7   Thumb Code   130  ipc.o(.text)
    rt_event_send                            0x08008529   Thumb Code   196  ipc.o(.text)
    rt_event_recv                            0x080085ed   Thumb Code   588  ipc.o(.text)
    rt_event_control                         0x08008839   Thumb Code    86  ipc.o(.text)
    rt_mb_init                               0x0800888f   Thumb Code    92  ipc.o(.text)
    rt_mb_detach                             0x080088eb   Thumb Code    92  ipc.o(.text)
    rt_mb_create                             0x08008947   Thumb Code   144  ipc.o(.text)
    rt_mb_delete                             0x080089d7   Thumb Code   144  ipc.o(.text)
    rt_mb_send_wait                          0x08008a67   Thumb Code   432  ipc.o(.text)
    rt_mb_send                               0x08008c17   Thumb Code     4  ipc.o(.text)
    rt_mb_urgent                             0x08008c1b   Thumb Code   286  ipc.o(.text)
    rt_mb_recv                               0x08008d39   Thumb Code   450  ipc.o(.text)
    rt_mb_control                            0x08008efb   Thumb Code   102  ipc.o(.text)
    rt_mq_init                               0x08008f61   Thumb Code   142  ipc.o(.text)
    rt_mq_detach                             0x08008fef   Thumb Code    92  ipc.o(.text)
    rt_mq_create                             0x0800904b   Thumb Code   282  ipc.o(.text)
    rt_mq_delete                             0x08009165   Thumb Code   134  ipc.o(.text)
    rt_mq_send_wait                          0x080091eb   Thumb Code   506  ipc.o(.text)
    rt_mq_send                               0x080093e5   Thumb Code     4  ipc.o(.text)
    rt_mq_urgent                             0x080093e9   Thumb Code   222  ipc.o(.text)
    rt_mq_recv                               0x080094c7   Thumb Code   622  ipc.o(.text)
    rt_mq_control                            0x08009735   Thumb Code   124  ipc.o(.text)
    rt_interrupt_enter_sethook               0x0800980d   Thumb Code     6  irq.o(.text)
    rt_interrupt_leave_sethook               0x08009813   Thumb Code     6  irq.o(.text)
    rt_interrupt_enter                       0x08009819   Thumb Code    32  irq.o(.text)
    rt_interrupt_leave                       0x08009839   Thumb Code    32  irq.o(.text)
    rt_interrupt_get_nest                    0x08009859   Thumb Code    18  irq.o(.text)
    rt_hw_console_output                     0x08009871   Thumb Code     2  kservice.o(.text)
    rt_vsnprintf                             0x080099a1   Thumb Code   632  kservice.o(.text)
    rt_kprintf                               0x08009c19   Thumb Code    56  kservice.o(.text)
    rt_hw_us_delay                           0x08009c51   Thumb Code    10  kservice.o(.text)
    rt_get_errno                             0x08009c5b   Thumb Code    24  kservice.o(.text)
    rt_set_errno                             0x08009c73   Thumb Code    26  kservice.o(.text)
    _rt_errno                                0x08009c8d   Thumb Code    24  kservice.o(.text)
    rt_memset                                0x08009ca5   Thumb Code    70  kservice.o(.text)
    rt_memcpy                                0x08009ceb   Thumb Code    76  kservice.o(.text)
    rt_memmove                               0x08009d37   Thumb Code    48  kservice.o(.text)
    rt_memcmp                                0x08009d67   Thumb Code    28  kservice.o(.text)
    rt_strlen                                0x08009d83   Thumb Code    16  kservice.o(.text)
    rt_strstr                                0x08009d93   Thumb Code    54  kservice.o(.text)
    rt_strcasecmp                            0x08009dc9   Thumb Code    44  kservice.o(.text)
    rt_strncpy                               0x08009df5   Thumb Code    38  kservice.o(.text)
    rt_strcpy                                0x08009e1b   Thumb Code    26  kservice.o(.text)
    rt_strncmp                               0x08009e35   Thumb Code    32  kservice.o(.text)
    rt_strcmp                                0x08009e55   Thumb Code    24  kservice.o(.text)
    rt_strnlen                               0x08009e6d   Thumb Code    20  kservice.o(.text)
    strnlen                                  0x08009e6d   Thumb Code     0  kservice.o(.text)
    rt_assert_handler                        0x08009e81   Thumb Code    46  kservice.o(.text)
    rt_malloc                                0x08009eaf   Thumb Code    46  kservice.o(.text)
    rt_strdup                                0x08009edd   Thumb Code   116  kservice.o(.text)
    strdup                                   0x08009edd   Thumb Code     0  kservice.o(.text)
    rt_show_version                          0x08009f51   Thumb Code    42  kservice.o(.text)
    rt_snprintf                              0x08009f7b   Thumb Code    14  kservice.o(.text)
    rt_vsprintf                              0x08009f89   Thumb Code    16  kservice.o(.text)
    rt_sprintf                               0x08009f99   Thumb Code    14  kservice.o(.text)
    rt_console_get_device                    0x08009fa7   Thumb Code     6  kservice.o(.text)
    rt_console_set_device                    0x08009fad   Thumb Code    44  kservice.o(.text)
    rt_kputs                                 0x08009fd9   Thumb Code    42  kservice.o(.text)
    rt_malloc_sethook                        0x0800a003   Thumb Code     6  kservice.o(.text)
    rt_free_sethook                          0x0800a009   Thumb Code     6  kservice.o(.text)
    rt_system_heap_init                      0x0800a00f   Thumb Code    58  kservice.o(.text)
    rt_realloc                               0x0800a049   Thumb Code    36  kservice.o(.text)
    rt_calloc                                0x0800a06d   Thumb Code    26  kservice.o(.text)
    rt_free                                  0x0800a087   Thumb Code    36  kservice.o(.text)
    rt_memory_info                           0x0800a0ab   Thumb Code    50  kservice.o(.text)
    rt_malloc_align                          0x0800a0dd   Thumb Code    50  kservice.o(.text)
    rt_free_align                            0x0800a10f   Thumb Code    12  kservice.o(.text)
    __rt_ffs                                 0x0800a11b   Thumb Code    64  kservice.o(.text)
    rt_assert_set_hook                       0x0800a15b   Thumb Code     6  kservice.o(.text)
    rt_smem_init                             0x0800a329   Thumb Code   144  mem.o(.text)
    rt_smem_detach                           0x0800a3b9   Thumb Code    72  mem.o(.text)
    rt_smem_alloc                            0x0800a401   Thumb Code   332  mem.o(.text)
    rt_smem_free                             0x0800a54d   Thumb Code   210  mem.o(.text)
    rt_smem_realloc                          0x0800a61f   Thumb Code   844  mem.o(.text)
    rt_object_attach_sethook                 0x0800a9e1   Thumb Code     6  object.o(.text)
    rt_object_detach_sethook                 0x0800a9e7   Thumb Code     6  object.o(.text)
    rt_object_trytake_sethook                0x0800a9ed   Thumb Code     6  object.o(.text)
    rt_object_take_sethook                   0x0800a9f3   Thumb Code     6  object.o(.text)
    rt_object_put_sethook                    0x0800a9f9   Thumb Code     6  object.o(.text)
    rt_object_get_information                0x0800a9ff   Thumb Code    32  object.o(.text)
    rt_object_get_length                     0x0800aa1f   Thumb Code    46  object.o(.text)
    rt_object_get_pointers                   0x0800aa4d   Thumb Code    70  object.o(.text)
    rt_object_init                           0x0800aa93   Thumb Code   128  object.o(.text)
    rt_object_detach                         0x0800ab13   Thumb Code    58  object.o(.text)
    rt_object_allocate                       0x0800ab4d   Thumb Code   148  object.o(.text)
    rt_object_delete                         0x0800abe1   Thumb Code    84  object.o(.text)
    rt_object_is_systemobject                0x0800ac35   Thumb Code    34  object.o(.text)
    rt_object_get_type                       0x0800ac57   Thumb Code    28  object.o(.text)
    rt_object_find                           0x0800ac73   Thumb Code   110  object.o(.text)
    rt_scheduler_sethook                     0x0800ad9d   Thumb Code     6  scheduler.o(.text)
    rt_scheduler_switch_sethook              0x0800ada3   Thumb Code     6  scheduler.o(.text)
    rt_system_scheduler_init                 0x0800ada9   Thumb Code    30  scheduler.o(.text)
    rt_schedule_remove_thread                0x0800adc7   Thumb Code    78  scheduler.o(.text)
    rt_system_scheduler_start                0x0800ae15   Thumb Code    36  scheduler.o(.text)
    rt_schedule_insert_thread                0x0800ae39   Thumb Code   106  scheduler.o(.text)
    rt_schedule                              0x0800aea3   Thumb Code   212  scheduler.o(.text)
    rt_enter_critical                        0x0800af77   Thumb Code    22  scheduler.o(.text)
    rt_exit_critical                         0x0800af8d   Thumb Code    50  scheduler.o(.text)
    rt_critical_level                        0x0800afbf   Thumb Code     8  scheduler.o(.text)
    rt_thread_suspend_sethook                0x0800b0bd   Thumb Code     6  thread.o(.text)
    rt_thread_resume_sethook                 0x0800b0c3   Thumb Code     6  thread.o(.text)
    rt_thread_inited_sethook                 0x0800b0c9   Thumb Code     6  thread.o(.text)
    rt_thread_self                           0x0800b0cf   Thumb Code     6  thread.o(.text)
    rt_thread_init                           0x0800b1f5   Thumb Code    88  thread.o(.text)
    rt_thread_resume                         0x0800b24d   Thumb Code   110  thread.o(.text)
    rt_thread_startup                        0x0800b2bb   Thumb Code   102  thread.o(.text)
    rt_thread_detach                         0x0800b321   Thumb Code   124  thread.o(.text)
    rt_thread_create                         0x0800b39d   Thumb Code    72  thread.o(.text)
    rt_thread_delete                         0x0800b3e5   Thumb Code   124  thread.o(.text)
    rt_thread_yield                          0x0800b461   Thumb Code    40  thread.o(.text)
    rt_thread_suspend                        0x0800b489   Thumb Code   472  thread.o(.text)
    rt_thread_sleep                          0x0800b661   Thumb Code   106  thread.o(.text)
    rt_thread_delay                          0x0800b6cb   Thumb Code     2  thread.o(.text)
    rt_thread_delay_until                    0x0800b6cd   Thumb Code   162  thread.o(.text)
    rt_thread_mdelay                         0x0800b76f   Thumb Code    12  thread.o(.text)
    rt_thread_control                        0x0800b77b   Thumb Code   168  thread.o(.text)
    rt_thread_find                           0x0800b823   Thumb Code     6  thread.o(.text)
    rt_timer_enter_sethook                   0x0800b879   Thumb Code     6  timer.o(.text)
    rt_timer_exit_sethook                    0x0800b87f   Thumb Code     6  timer.o(.text)
    rt_timer_init                            0x0800b885   Thumb Code    92  timer.o(.text)
    rt_timer_detach                          0x0800b8e1   Thumb Code   102  timer.o(.text)
    rt_timer_create                          0x0800b947   Thumb Code    84  timer.o(.text)
    rt_timer_delete                          0x0800b99b   Thumb Code   102  timer.o(.text)
    rt_timer_start                           0x0800ba01   Thumb Code   174  timer.o(.text)
    rt_timer_stop                            0x0800baaf   Thumb Code    96  timer.o(.text)
    rt_timer_control                         0x0800bb0f   Thumb Code   148  timer.o(.text)
    rt_timer_check                           0x0800bba3   Thumb Code   156  timer.o(.text)
    rt_timer_next_timeout_tick               0x0800bc3f   Thumb Code   310  timer.o(.text)
    rt_system_timer_init                     0x0800bd75   Thumb Code     8  timer.o(.text)
    rt_system_timer_thread_init              0x0800bd7d   Thumb Code     2  timer.o(.text)
    SystemInit                               0x0800be6f   Thumb Code    78  system_gd32f30x.o(.text)
    SystemCoreClockUpdate                    0x0800bebd   Thumb Code   144  system_gd32f30x.o(.text)
    rcu_flag_get                             0x0800bf81   Thumb Code    28  gd32f30x_rcu.o(.text)
    rcu_osci_stab_wait                       0x0800bf9d   Thumb Code   206  gd32f30x_rcu.o(.text)
    rcu_deinit                               0x0800c06b   Thumb Code    58  gd32f30x_rcu.o(.text)
    rcu_periph_clock_enable                  0x0800c0a5   Thumb Code    22  gd32f30x_rcu.o(.text)
    rcu_periph_clock_disable                 0x0800c0bb   Thumb Code    22  gd32f30x_rcu.o(.text)
    rcu_periph_clock_sleep_enable            0x0800c0d1   Thumb Code    22  gd32f30x_rcu.o(.text)
    rcu_periph_clock_sleep_disable           0x0800c0e7   Thumb Code    22  gd32f30x_rcu.o(.text)
    rcu_periph_reset_enable                  0x0800c0fd   Thumb Code    22  gd32f30x_rcu.o(.text)
    rcu_periph_reset_disable                 0x0800c113   Thumb Code    22  gd32f30x_rcu.o(.text)
    rcu_bkp_reset_enable                     0x0800c129   Thumb Code    12  gd32f30x_rcu.o(.text)
    rcu_bkp_reset_disable                    0x0800c135   Thumb Code    12  gd32f30x_rcu.o(.text)
    rcu_system_clock_source_config           0x0800c141   Thumb Code    14  gd32f30x_rcu.o(.text)
    rcu_system_clock_source_get              0x0800c14f   Thumb Code    10  gd32f30x_rcu.o(.text)
    rcu_ahb_clock_config                     0x0800c159   Thumb Code    14  gd32f30x_rcu.o(.text)
    rcu_apb1_clock_config                    0x0800c167   Thumb Code    14  gd32f30x_rcu.o(.text)
    rcu_apb2_clock_config                    0x0800c175   Thumb Code    14  gd32f30x_rcu.o(.text)
    rcu_ckout0_config                        0x0800c183   Thumb Code    14  gd32f30x_rcu.o(.text)
    rcu_pll_config                           0x0800c191   Thumb Code    18  gd32f30x_rcu.o(.text)
    rcu_pllpresel_config                     0x0800c1a3   Thumb Code    14  gd32f30x_rcu.o(.text)
    rcu_predv0_config                        0x0800c1b1   Thumb Code    20  gd32f30x_rcu.o(.text)
    rcu_adc_clock_config                     0x0800c1c5   Thumb Code    74  gd32f30x_rcu.o(.text)
    rcu_usb_clock_config                     0x0800c20f   Thumb Code    14  gd32f30x_rcu.o(.text)
    rcu_rtc_clock_config                     0x0800c21d   Thumb Code    14  gd32f30x_rcu.o(.text)
    rcu_ck48m_clock_config                   0x0800c22b   Thumb Code    16  gd32f30x_rcu.o(.text)
    rcu_all_reset_flag_clear                 0x0800c23b   Thumb Code    12  gd32f30x_rcu.o(.text)
    rcu_interrupt_flag_get                   0x0800c247   Thumb Code    28  gd32f30x_rcu.o(.text)
    rcu_interrupt_flag_clear                 0x0800c263   Thumb Code    22  gd32f30x_rcu.o(.text)
    rcu_interrupt_enable                     0x0800c279   Thumb Code    22  gd32f30x_rcu.o(.text)
    rcu_interrupt_disable                    0x0800c28f   Thumb Code    22  gd32f30x_rcu.o(.text)
    rcu_lxtal_drive_capability_config        0x0800c2a5   Thumb Code    14  gd32f30x_rcu.o(.text)
    rcu_osci_on                              0x0800c2b3   Thumb Code    22  gd32f30x_rcu.o(.text)
    rcu_osci_off                             0x0800c2c9   Thumb Code    22  gd32f30x_rcu.o(.text)
    rcu_osci_bypass_mode_enable              0x0800c2df   Thumb Code    54  gd32f30x_rcu.o(.text)
    rcu_osci_bypass_mode_disable             0x0800c315   Thumb Code    54  gd32f30x_rcu.o(.text)
    rcu_hxtal_clock_monitor_enable           0x0800c34b   Thumb Code    12  gd32f30x_rcu.o(.text)
    rcu_hxtal_clock_monitor_disable          0x0800c357   Thumb Code    38  gd32f30x_rcu.o(.text)
    rcu_irc8m_adjust_value_set               0x0800c37d   Thumb Code    20  gd32f30x_rcu.o(.text)
    rcu_deepsleep_voltage_set                0x0800c391   Thumb Code    10  gd32f30x_rcu.o(.text)
    rcu_clock_freq_get                       0x0800c39b   Thumb Code   230  gd32f30x_rcu.o(.text)
    usart_deinit                             0x0800c4a1   Thumb Code    80  gd32f30x_usart.o(.text)
    usart_baudrate_set                       0x0800c4f1   Thumb Code    78  gd32f30x_usart.o(.text)
    usart_parity_config                      0x0800c53f   Thumb Code    16  gd32f30x_usart.o(.text)
    usart_word_length_set                    0x0800c54f   Thumb Code    16  gd32f30x_usart.o(.text)
    usart_stop_bit_set                       0x0800c55f   Thumb Code    16  gd32f30x_usart.o(.text)
    usart_enable                             0x0800c56f   Thumb Code    10  gd32f30x_usart.o(.text)
    usart_disable                            0x0800c579   Thumb Code    10  gd32f30x_usart.o(.text)
    usart_transmit_config                    0x0800c583   Thumb Code    12  gd32f30x_usart.o(.text)
    usart_receive_config                     0x0800c58f   Thumb Code    12  gd32f30x_usart.o(.text)
    usart_data_first_config                  0x0800c59b   Thumb Code    18  gd32f30x_usart.o(.text)
    usart_invert_config                      0x0800c5ad   Thumb Code    76  gd32f30x_usart.o(.text)
    usart_receiver_timeout_enable            0x0800c5f9   Thumb Code    12  gd32f30x_usart.o(.text)
    usart_receiver_timeout_disable           0x0800c605   Thumb Code    12  gd32f30x_usart.o(.text)
    usart_receiver_timeout_threshold_config  0x0800c611   Thumb Code    18  gd32f30x_usart.o(.text)
    usart_data_transmit                      0x0800c623   Thumb Code     8  gd32f30x_usart.o(.text)
    usart_data_receive                       0x0800c62b   Thumb Code     8  gd32f30x_usart.o(.text)
    usart_address_config                     0x0800c633   Thumb Code    20  gd32f30x_usart.o(.text)
    usart_mute_mode_enable                   0x0800c647   Thumb Code    10  gd32f30x_usart.o(.text)
    usart_mute_mode_disable                  0x0800c651   Thumb Code    10  gd32f30x_usart.o(.text)
    usart_mute_mode_wakeup_config            0x0800c65b   Thumb Code    16  gd32f30x_usart.o(.text)
    usart_lin_mode_enable                    0x0800c66b   Thumb Code    10  gd32f30x_usart.o(.text)
    usart_lin_mode_disable                   0x0800c675   Thumb Code    10  gd32f30x_usart.o(.text)
    usart_lin_break_detection_length_config  0x0800c67f   Thumb Code    20  gd32f30x_usart.o(.text)
    usart_send_break                         0x0800c693   Thumb Code    10  gd32f30x_usart.o(.text)
    usart_halfduplex_enable                  0x0800c69d   Thumb Code    10  gd32f30x_usart.o(.text)
    usart_halfduplex_disable                 0x0800c6a7   Thumb Code    10  gd32f30x_usart.o(.text)
    usart_synchronous_clock_enable           0x0800c6b1   Thumb Code    10  gd32f30x_usart.o(.text)
    usart_synchronous_clock_disable          0x0800c6bb   Thumb Code    10  gd32f30x_usart.o(.text)
    usart_synchronous_clock_config           0x0800c6c5   Thumb Code    30  gd32f30x_usart.o(.text)
    usart_guard_time_config                  0x0800c6e3   Thumb Code    24  gd32f30x_usart.o(.text)
    usart_smartcard_mode_enable              0x0800c6fb   Thumb Code    10  gd32f30x_usart.o(.text)
    usart_smartcard_mode_disable             0x0800c705   Thumb Code    10  gd32f30x_usart.o(.text)
    usart_smartcard_mode_nack_enable         0x0800c70f   Thumb Code    10  gd32f30x_usart.o(.text)
    usart_smartcard_mode_nack_disable        0x0800c719   Thumb Code    10  gd32f30x_usart.o(.text)
    usart_smartcard_autoretry_config         0x0800c723   Thumb Code    24  gd32f30x_usart.o(.text)
    usart_block_length_config                0x0800c73b   Thumb Code    20  gd32f30x_usart.o(.text)
    usart_irda_mode_enable                   0x0800c74f   Thumb Code    10  gd32f30x_usart.o(.text)
    usart_irda_mode_disable                  0x0800c759   Thumb Code    10  gd32f30x_usart.o(.text)
    usart_prescaler_config                   0x0800c763   Thumb Code    16  gd32f30x_usart.o(.text)
    usart_irda_lowpower_config               0x0800c773   Thumb Code    20  gd32f30x_usart.o(.text)
    usart_hardware_flow_rts_config           0x0800c787   Thumb Code    12  gd32f30x_usart.o(.text)
    usart_hardware_flow_cts_config           0x0800c793   Thumb Code    12  gd32f30x_usart.o(.text)
    usart_dma_receive_config                 0x0800c79f   Thumb Code    12  gd32f30x_usart.o(.text)
    usart_dma_transmit_config                0x0800c7ab   Thumb Code    12  gd32f30x_usart.o(.text)
    usart_flag_get                           0x0800c7b7   Thumb Code    22  gd32f30x_usart.o(.text)
    usart_flag_clear                         0x0800c7cd   Thumb Code    20  gd32f30x_usart.o(.text)
    usart_interrupt_enable                   0x0800c7e1   Thumb Code    20  gd32f30x_usart.o(.text)
    usart_interrupt_disable                  0x0800c7f5   Thumb Code    20  gd32f30x_usart.o(.text)
    usart_interrupt_flag_get                 0x0800c809   Thumb Code    46  gd32f30x_usart.o(.text)
    usart_interrupt_flag_clear               0x0800c837   Thumb Code    20  gd32f30x_usart.o(.text)
    exti_deinit                              0x0800c855   Thumb Code    24  gd32f30x_exti.o(.text)
    exti_init                                0x0800c86d   Thumb Code    98  gd32f30x_exti.o(.text)
    exti_interrupt_enable                    0x0800c8cf   Thumb Code    10  gd32f30x_exti.o(.text)
    exti_event_enable                        0x0800c8d9   Thumb Code    12  gd32f30x_exti.o(.text)
    exti_interrupt_disable                   0x0800c8e5   Thumb Code    10  gd32f30x_exti.o(.text)
    exti_event_disable                       0x0800c8ef   Thumb Code    12  gd32f30x_exti.o(.text)
    exti_flag_get                            0x0800c8fb   Thumb Code    18  gd32f30x_exti.o(.text)
    exti_flag_clear                          0x0800c90d   Thumb Code     8  gd32f30x_exti.o(.text)
    exti_interrupt_flag_get                  0x0800c915   Thumb Code    28  gd32f30x_exti.o(.text)
    exti_interrupt_flag_clear                0x0800c931   Thumb Code     8  gd32f30x_exti.o(.text)
    exti_software_interrupt_enable           0x0800c939   Thumb Code    12  gd32f30x_exti.o(.text)
    exti_software_interrupt_disable          0x0800c945   Thumb Code    12  gd32f30x_exti.o(.text)
    gpio_deinit                              0x0800c955   Thumb Code   102  gd32f30x_gpio.o(.text)
    gpio_afio_deinit                         0x0800c9bb   Thumb Code    22  gd32f30x_gpio.o(.text)
    gpio_init                                0x0800c9d1   Thumb Code   166  gd32f30x_gpio.o(.text)
    gpio_bit_set                             0x0800ca77   Thumb Code     4  gd32f30x_gpio.o(.text)
    gpio_bit_reset                           0x0800ca7b   Thumb Code     4  gd32f30x_gpio.o(.text)
    gpio_bit_write                           0x0800ca7f   Thumb Code    10  gd32f30x_gpio.o(.text)
    gpio_port_write                          0x0800ca89   Thumb Code     4  gd32f30x_gpio.o(.text)
    gpio_input_bit_get                       0x0800ca8d   Thumb Code    10  gd32f30x_gpio.o(.text)
    gpio_input_port_get                      0x0800ca97   Thumb Code     6  gd32f30x_gpio.o(.text)
    gpio_output_bit_get                      0x0800ca9d   Thumb Code    10  gd32f30x_gpio.o(.text)
    gpio_output_port_get                     0x0800caa7   Thumb Code     6  gd32f30x_gpio.o(.text)
    gpio_pin_remap_config                    0x0800caad   Thumb Code    82  gd32f30x_gpio.o(.text)
    gpio_exti_source_select                  0x0800caff   Thumb Code    82  gd32f30x_gpio.o(.text)
    gpio_event_output_config                 0x0800cb51   Thumb Code    18  gd32f30x_gpio.o(.text)
    gpio_event_output_enable                 0x0800cb63   Thumb Code    12  gd32f30x_gpio.o(.text)
    gpio_event_output_disable                0x0800cb6f   Thumb Code    12  gd32f30x_gpio.o(.text)
    gpio_pin_lock                            0x0800cb7b   Thumb Code    16  gd32f30x_gpio.o(.text)
    gpio_compensation_config                 0x0800cb8b   Thumb Code    14  gd32f30x_gpio.o(.text)
    gpio_compensation_flag_get               0x0800cb99   Thumb Code    16  gd32f30x_gpio.o(.text)
    nvic_priority_group_set                  0x0800cbb5   Thumb Code    10  gd32f30x_misc.o(.text)
    nvic_irq_enable                          0x0800cbbf   Thumb Code   144  gd32f30x_misc.o(.text)
    nvic_irq_disable                         0x0800cc4f   Thumb Code    22  gd32f30x_misc.o(.text)
    nvic_vector_table_set                    0x0800cc65   Thumb Code    14  gd32f30x_misc.o(.text)
    system_lowpower_set                      0x0800cc73   Thumb Code    12  gd32f30x_misc.o(.text)
    system_lowpower_reset                    0x0800cc7f   Thumb Code    12  gd32f30x_misc.o(.text)
    systick_clksource_set                    0x0800cc8b   Thumb Code    24  gd32f30x_misc.o(.text)
    dbg_deinit                               0x0800ccb1   Thumb Code     8  gd32f30x_dbg.o(.text)
    dbg_id_get                               0x0800ccb9   Thumb Code     6  gd32f30x_dbg.o(.text)
    dbg_low_power_enable                     0x0800ccbf   Thumb Code    10  gd32f30x_dbg.o(.text)
    dbg_low_power_disable                    0x0800ccc9   Thumb Code    10  gd32f30x_dbg.o(.text)
    dbg_periph_enable                        0x0800ccd3   Thumb Code    22  gd32f30x_dbg.o(.text)
    dbg_periph_disable                       0x0800cce9   Thumb Code    22  gd32f30x_dbg.o(.text)
    dbg_trace_pin_enable                     0x0800ccff   Thumb Code    12  gd32f30x_dbg.o(.text)
    dbg_trace_pin_disable                    0x0800cd0b   Thumb Code    12  gd32f30x_dbg.o(.text)
    dbg_trace_pin_mode_set                   0x0800cd17   Thumb Code    18  gd32f30x_dbg.o(.text)
    spi_i2s_deinit                           0x0800cd2d   Thumb Code    54  gd32f30x_spi.o(.text)
    spi_struct_para_init                     0x0800cd63   Thumb Code    18  gd32f30x_spi.o(.text)
    spi_init                                 0x0800cd75   Thumb Code    46  gd32f30x_spi.o(.text)
    spi_enable                               0x0800cda3   Thumb Code    10  gd32f30x_spi.o(.text)
    spi_disable                              0x0800cdad   Thumb Code    10  gd32f30x_spi.o(.text)
    i2s_init                                 0x0800cdb7   Thumb Code    24  gd32f30x_spi.o(.text)
    i2s_psc_config                           0x0800cdcf   Thumb Code   106  gd32f30x_spi.o(.text)
    i2s_enable                               0x0800ce39   Thumb Code    10  gd32f30x_spi.o(.text)
    i2s_disable                              0x0800ce43   Thumb Code    10  gd32f30x_spi.o(.text)
    spi_nss_output_enable                    0x0800ce4d   Thumb Code    10  gd32f30x_spi.o(.text)
    spi_nss_output_disable                   0x0800ce57   Thumb Code    10  gd32f30x_spi.o(.text)
    spi_nss_internal_high                    0x0800ce61   Thumb Code    10  gd32f30x_spi.o(.text)
    spi_nss_internal_low                     0x0800ce6b   Thumb Code    10  gd32f30x_spi.o(.text)
    spi_dma_enable                           0x0800ce75   Thumb Code    20  gd32f30x_spi.o(.text)
    spi_dma_disable                          0x0800ce89   Thumb Code    20  gd32f30x_spi.o(.text)
    spi_i2s_data_frame_format_config         0x0800ce9d   Thumb Code    16  gd32f30x_spi.o(.text)
    spi_i2s_data_transmit                    0x0800cead   Thumb Code     4  gd32f30x_spi.o(.text)
    spi_i2s_data_receive                     0x0800ceb1   Thumb Code     6  gd32f30x_spi.o(.text)
    spi_bidirectional_transfer_config        0x0800ceb7   Thumb Code    22  gd32f30x_spi.o(.text)
    spi_crc_polynomial_set                   0x0800cecd   Thumb Code     4  gd32f30x_spi.o(.text)
    spi_crc_polynomial_get                   0x0800ced1   Thumb Code     6  gd32f30x_spi.o(.text)
    spi_crc_on                               0x0800ced7   Thumb Code    10  gd32f30x_spi.o(.text)
    spi_crc_off                              0x0800cee1   Thumb Code    10  gd32f30x_spi.o(.text)
    spi_crc_next                             0x0800ceeb   Thumb Code    10  gd32f30x_spi.o(.text)
    spi_crc_get                              0x0800cef5   Thumb Code    12  gd32f30x_spi.o(.text)
    spi_ti_mode_enable                       0x0800cf01   Thumb Code    10  gd32f30x_spi.o(.text)
    spi_ti_mode_disable                      0x0800cf0b   Thumb Code    10  gd32f30x_spi.o(.text)
    spi_nssp_mode_enable                     0x0800cf15   Thumb Code    10  gd32f30x_spi.o(.text)
    spi_nssp_mode_disable                    0x0800cf1f   Thumb Code    10  gd32f30x_spi.o(.text)
    qspi_enable                              0x0800cf29   Thumb Code    12  gd32f30x_spi.o(.text)
    qspi_disable                             0x0800cf35   Thumb Code    12  gd32f30x_spi.o(.text)
    qspi_write_enable                        0x0800cf41   Thumb Code    12  gd32f30x_spi.o(.text)
    qspi_read_enable                         0x0800cf4d   Thumb Code    12  gd32f30x_spi.o(.text)
    qspi_io23_output_enable                  0x0800cf59   Thumb Code    12  gd32f30x_spi.o(.text)
    qspi_io23_output_disable                 0x0800cf65   Thumb Code    12  gd32f30x_spi.o(.text)
    spi_i2s_interrupt_enable                 0x0800cf71   Thumb Code    36  gd32f30x_spi.o(.text)
    spi_i2s_interrupt_disable                0x0800cf95   Thumb Code    36  gd32f30x_spi.o(.text)
    spi_i2s_interrupt_flag_get               0x0800cfb9   Thumb Code    84  gd32f30x_spi.o(.text)
    spi_i2s_flag_get                         0x0800d00d   Thumb Code    10  gd32f30x_spi.o(.text)
    spi_crc_error_clear                      0x0800d017   Thumb Code    10  gd32f30x_spi.o(.text)
    can_deinit                               0x0800d025   Thumb Code    30  gd32f30x_can.o(.text)
    can_struct_para_init                     0x0800d043   Thumb Code   124  gd32f30x_can.o(.text)
    can_init                                 0x0800d0bf   Thumb Code   254  gd32f30x_can.o(.text)
    can_filter_init                          0x0800d1bd   Thumb Code   200  gd32f30x_can.o(.text)
    can1_filter_start_bank                   0x0800d285   Thumb Code    42  gd32f30x_can.o(.text)
    can_debug_freeze_enable                  0x0800d2af   Thumb Code    24  gd32f30x_can.o(.text)
    can_debug_freeze_disable                 0x0800d2c7   Thumb Code    24  gd32f30x_can.o(.text)
    can_time_trigger_mode_enable             0x0800d2df   Thumb Code    36  gd32f30x_can.o(.text)
    can_time_trigger_mode_disable            0x0800d303   Thumb Code    36  gd32f30x_can.o(.text)
    can_message_transmit                     0x0800d327   Thumb Code   156  gd32f30x_can.o(.text)
    can_transmit_states                      0x0800d3c3   Thumb Code    98  gd32f30x_can.o(.text)
    can_transmission_stop                    0x0800d425   Thumb Code    58  gd32f30x_can.o(.text)
    can_message_receive                      0x0800d45f   Thumb Code   142  gd32f30x_can.o(.text)
    can_fifo_release                         0x0800d4ed   Thumb Code    28  gd32f30x_can.o(.text)
    can_receive_message_length_get           0x0800d509   Thumb Code    22  gd32f30x_can.o(.text)
    can_working_mode_set                     0x0800d51f   Thumb Code   134  gd32f30x_can.o(.text)
    can_wakeup                               0x0800d5a5   Thumb Code    40  gd32f30x_can.o(.text)
    can_error_get                            0x0800d5cd   Thumb Code     8  gd32f30x_can.o(.text)
    can_receive_error_number_get             0x0800d5d5   Thumb Code     6  gd32f30x_can.o(.text)
    can_transmit_error_number_get            0x0800d5db   Thumb Code     8  gd32f30x_can.o(.text)
    can_interrupt_enable                     0x0800d5e3   Thumb Code     8  gd32f30x_can.o(.text)
    can_interrupt_disable                    0x0800d5eb   Thumb Code     8  gd32f30x_can.o(.text)
    can_flag_get                             0x0800d5f3   Thumb Code    22  gd32f30x_can.o(.text)
    can_flag_clear                           0x0800d609   Thumb Code    16  gd32f30x_can.o(.text)
    can_interrupt_flag_get                   0x0800d619   Thumb Code    92  gd32f30x_can.o(.text)
    can_interrupt_flag_clear                 0x0800d675   Thumb Code    16  gd32f30x_can.o(.text)
    __semihosting$guard                      0x0800d685   Thumb Code     0  use_no_semi.o(.text)
    __use_no_semihosting_swi                 0x0800d685   Thumb Code     2  use_no_semi.o(.text)
    memcmp                                   0x0800d687   Thumb Code    88  memcmp.o(.text)
    strcpy                                   0x0800d6df   Thumb Code    72  strcpy.o(.text)
    strlen                                   0x0800d727   Thumb Code    62  strlen.o(.text)
    strncmp                                  0x0800d765   Thumb Code   150  strncmp.o(.text)
    strcat                                   0x0800d7fb   Thumb Code    24  strcat.o(.text)
    __aeabi_memcpy4                          0x0800d813   Thumb Code     0  rt_memcpy_w.o(.text)
    __aeabi_memcpy8                          0x0800d813   Thumb Code     0  rt_memcpy_w.o(.text)
    __rt_memcpy_w                            0x0800d813   Thumb Code   100  rt_memcpy_w.o(.text)
    _memcpy_lastbytes_aligned                0x0800d85b   Thumb Code     0  rt_memcpy_w.o(.text)
    __aeabi_memclr4                          0x0800d877   Thumb Code     0  rt_memclr_w.o(.text)
    __aeabi_memclr8                          0x0800d877   Thumb Code     0  rt_memclr_w.o(.text)
    __rt_memclr_w                            0x0800d877   Thumb Code    78  rt_memclr_w.o(.text)
    _memset_w                                0x0800d87b   Thumb Code     0  rt_memclr_w.o(.text)
    strncpy                                  0x0800d8c5   Thumb Code    86  strncpy.o(.text)
    strcmp                                   0x0800d91d   Thumb Code   128  strcmpv7m.o(.text)
    __use_two_region_memory                  0x0800d99d   Thumb Code     2  heapauxi.o(.text)
    __rt_heap_escrow$2region                 0x0800d99f   Thumb Code     2  heapauxi.o(.text)
    __rt_heap_expand$2region                 0x0800d9a1   Thumb Code     2  heapauxi.o(.text)
    __aeabi_memclr                           0x0800d9a3   Thumb Code     0  rt_memclr.o(.text)
    __rt_memclr                              0x0800d9a3   Thumb Code    68  rt_memclr.o(.text)
    _memset                                  0x0800d9a7   Thumb Code     0  rt_memclr.o(.text)
    __user_setup_stackheap                   0x0800d9e7   Thumb Code    74  sys_stackheap_outer.o(.text)
    exit                                     0x0800da31   Thumb Code    18  exit.o(.text)
    __user_libspace                          0x0800da45   Thumb Code     8  libspace.o(.text)
    __user_perproc_libspace                  0x0800da45   Thumb Code     0  libspace.o(.text)
    __user_perthread_libspace                0x0800da45   Thumb Code     0  libspace.o(.text)
    _fp_init                                 0x0800da4d   Thumb Code    10  fpinit.o(x$fpl$fpinit)
    __fplib_config_fpu_vfp                   0x0800da55   Thumb Code     0  fpinit.o(x$fpl$fpinit)
    __fplib_config_pureend_doubles           0x0800da55   Thumb Code     0  fpinit.o(x$fpl$fpinit)
    __stdin_name                             0x0800da70   Data           6  syscalls.o(.constdata)
    __stdout_name                            0x0800da76   Data           7  syscalls.o(.constdata)
    __stderr_name                            0x0800da7d   Data           7  syscalls.o(.constdata)
    __lowest_bit_bitmap                      0x0800ebc1   Data         256  kservice.o(.constdata)
    __fsym_canstat_name                      0x0800f736   Data           8  can.o(.rodata.name)
    __fsym_canstat_desc                      0x0800f73e   Data          23  can.o(.rodata.name)
    __fsym_help_name                         0x0800f755   Data           5  msh.o(.rodata.name)
    __fsym_help_desc                         0x0800f75a   Data          22  msh.o(.rodata.name)
    __fsym_ps_name                           0x0800f770   Data           3  msh.o(.rodata.name)
    __fsym_ps_desc                           0x0800f773   Data          28  msh.o(.rodata.name)
    __fsym_free_name                         0x0800f78f   Data           5  msh.o(.rodata.name)
    __fsym_free_desc                         0x0800f794   Data          37  msh.o(.rodata.name)
    __fsym_clear_name                        0x0800f7b9   Data           6  cmd.o(.rodata.name)
    __fsym_clear_desc                        0x0800f7bf   Data          26  cmd.o(.rodata.name)
    __fsym_version_name                      0x0800f7d9   Data           8  cmd.o(.rodata.name)
    __fsym_version_desc                      0x0800f7e1   Data          35  cmd.o(.rodata.name)
    __fsym_list_thread_name                  0x0800f804   Data          12  cmd.o(.rodata.name)
    __fsym_list_thread_desc                  0x0800f810   Data          12  cmd.o(.rodata.name)
    __fsym_list_sem_name                     0x0800f81c   Data           9  cmd.o(.rodata.name)
    __fsym_list_sem_desc                     0x0800f825   Data          25  cmd.o(.rodata.name)
    __fsym_list_event_name                   0x0800f83e   Data          11  cmd.o(.rodata.name)
    __fsym_list_event_desc                   0x0800f849   Data          21  cmd.o(.rodata.name)
    __fsym_list_mutex_name                   0x0800f85e   Data          11  cmd.o(.rodata.name)
    __fsym_list_mutex_desc                   0x0800f869   Data          21  cmd.o(.rodata.name)
    __fsym_list_mailbox_name                 0x0800f87e   Data          13  cmd.o(.rodata.name)
    __fsym_list_mailbox_desc                 0x0800f88b   Data          24  cmd.o(.rodata.name)
    __fsym_list_msgqueue_name                0x0800f8a3   Data          14  cmd.o(.rodata.name)
    __fsym_list_msgqueue_desc                0x0800f8b1   Data          29  cmd.o(.rodata.name)
    __fsym_list_mempool_name                 0x0800f8ce   Data          13  cmd.o(.rodata.name)
    __fsym_list_mempool_desc                 0x0800f8db   Data          27  cmd.o(.rodata.name)
    __fsym_list_timer_name                   0x0800f8f6   Data          11  cmd.o(.rodata.name)
    __fsym_list_timer_desc                   0x0800f901   Data          21  cmd.o(.rodata.name)
    __fsym_list_device_name                  0x0800f916   Data          12  cmd.o(.rodata.name)
    __fsym_list_device_desc                  0x0800f922   Data          22  cmd.o(.rodata.name)
    __rt_init_rti_start                      0x0800f938   Data           4  components.o(.rti_fn.0)
    __rt_init_rti_board_start                0x0800f93c   Data           4  components.o(.rti_fn.0.end)
    __rt_init_rt_hw_can_init                 0x0800f940   Data           4  drv_can.o(.rti_fn.1)
    __rt_init_rt_hw_pin_init                 0x0800f944   Data           4  drv_gpio.o(.rti_fn.1)
    __rt_init_rt_hw_spi_init                 0x0800f948   Data           4  drv_spi.o(.rti_fn.1)
    __rt_init_gd32_hw_usart_init             0x0800f94c   Data           4  drv_usart.o(.rti_fn.1)
    __rt_init_rti_board_end                  0x0800f950   Data           4  components.o(.rti_fn.1.end)
    __rt_init_rt_work_sys_workqueue_init     0x0800f954   Data           4  workqueue.o(.rti_fn.2)
    __rt_init_spi_recv_sample                0x0800f958   Data           4  spi_sample.o(.rti_fn.6)
    __rt_init_finsh_system_init              0x0800f95c   Data           4  shell.o(.rti_fn.6)
    __rt_init_rti_end                        0x0800f960   Data           4  components.o(.rti_fn.6.end)
    FSymTab$$Base                            0x0800f964   Number         0  can.o(FSymTab)
    __fsym_canstat                           0x0800f964   Data          12  can.o(FSymTab)
    __fsym_help                              0x0800f970   Data          12  msh.o(FSymTab)
    __fsym_ps                                0x0800f97c   Data          12  msh.o(FSymTab)
    __fsym_free                              0x0800f988   Data          12  msh.o(FSymTab)
    __fsym_clear                             0x0800f994   Data          12  cmd.o(FSymTab)
    __fsym_version                           0x0800f9a0   Data          12  cmd.o(FSymTab)
    __fsym_list_thread                       0x0800f9ac   Data          12  cmd.o(FSymTab)
    __fsym_list_sem                          0x0800f9b8   Data          12  cmd.o(FSymTab)
    __fsym_list_event                        0x0800f9c4   Data          12  cmd.o(FSymTab)
    __fsym_list_mutex                        0x0800f9d0   Data          12  cmd.o(FSymTab)
    __fsym_list_mailbox                      0x0800f9dc   Data          12  cmd.o(FSymTab)
    __fsym_list_msgqueue                     0x0800f9e8   Data          12  cmd.o(FSymTab)
    __fsym_list_mempool                      0x0800f9f4   Data          12  cmd.o(FSymTab)
    __fsym_list_timer                        0x0800fa00   Data          12  cmd.o(FSymTab)
    __fsym_list_device                       0x0800fa0c   Data          12  cmd.o(FSymTab)
    FSymTab$$Limit                           0x0800fa18   Number         0  cmd.o(FSymTab)
    Region$$Table$$Base                      0x0800fa18   Number         0  anon$$obj.o(Region$$Table)
    Region$$Table$$Limit                     0x0800fa38   Number         0  anon$$obj.o(Region$$Table)
    send1_1                                  0x20000000   Data           1  spi_sample.o(.data)
    send1_2                                  0x20000001   Data           1  spi_sample.o(.data)
    recv1_1                                  0x20000002   Data           1  spi_sample.o(.data)
    recv1_2                                  0x20000003   Data           1  spi_sample.o(.data)
    send2_1                                  0x20000004   Data           1  spi_sample.o(.data)
    send2_2                                  0x20000005   Data           1  spi_sample.o(.data)
    recv2_1                                  0x20000006   Data           1  spi_sample.o(.data)
    recv2_2                                  0x20000007   Data           1  spi_sample.o(.data)
    send3_1                                  0x20000008   Data           1  spi_sample.o(.data)
    send3_2                                  0x20000009   Data           1  spi_sample.o(.data)
    send3_3                                  0x2000000a   Data           1  spi_sample.o(.data)
    send3_4                                  0x2000000b   Data           1  spi_sample.o(.data)
    recv3_1                                  0x2000000c   Data           1  spi_sample.o(.data)
    recv3_2                                  0x2000000d   Data           1  spi_sample.o(.data)
    recv3_3                                  0x2000000e   Data           1  spi_sample.o(.data)
    recv3_4                                  0x2000000f   Data           1  spi_sample.o(.data)
    send4_1                                  0x20000010   Data           1  spi_sample.o(.data)
    send4_2                                  0x20000011   Data           1  spi_sample.o(.data)
    recv4_1                                  0x20000012   Data           1  spi_sample.o(.data)
    recv4_2                                  0x20000013   Data           1  spi_sample.o(.data)
    Factory_Baud_Rate                        0x20000014   Data           4  spi_sample.o(.data)
    spi_dev_recv                             0x20000018   Data           4  spi_sample.o(.data)
    Factory_Position_Offset                  0x2000001c   Data           4  spi_sample.o(.data)
    CMD                                      0x20000020   Data           1  uart_sample.o(.data)
    Position_EW                              0x20000021   Data           3  uart_sample.o(.data)
    size_count                               0x20000024   Data           4  uart_sample.o(.data)
    baud_rate                                0x20000028   Data           4  uart_sample.o(.data)
    position_offset                          0x2000002c   Data           4  uart_sample.o(.data)
    rt_interrupt_from_thread                 0x2000003c   Data           4  cpuport.o(.data)
    rt_interrupt_to_thread                   0x20000040   Data           4  cpuport.o(.data)
    rt_thread_switch_interrupt_flag          0x20000044   Data           4  cpuport.o(.data)
    pin_irq_hdr_tab                          0x20000078   Data         192  drv_gpio.o(.data)
    _syscall_table_begin                     0x20000148   Data           4  shell.o(.data)
    _syscall_table_end                       0x2000014c   Data           4  shell.o(.data)
    shell                                    0x20000154   Data           4  shell.o(.data)
    rt_interrupt_nest                        0x20000168   Data           1  irq.o(.data)
    rt_assert_hook                           0x20000188   Data           4  kservice.o(.data)
    rt_object_trytake_hook                   0x20000194   Data           4  object.o(.data)
    rt_object_take_hook                      0x20000198   Data           4  object.o(.data)
    rt_object_put_hook                       0x2000019c   Data           4  object.o(.data)
    rt_current_priority                      0x20000240   Data           1  scheduler.o(.data)
    rt_current_thread                        0x20000244   Data           4  scheduler.o(.data)
    rt_thread_ready_priority_group           0x20000248   Data           4  scheduler.o(.data)
    SystemCoreClock                          0x20000274   Data           4  system_gd32f30x.o(.data)
    msg1                                     0x20000278   Data          20  spi_sample.o(.bss)
    msg2                                     0x2000028c   Data          20  spi_sample.o(.bss)
    msg3                                     0x200002a0   Data          20  spi_sample.o(.bss)
    msg4                                     0x200002b4   Data          20  spi_sample.o(.bss)
    rx_sem                                   0x200002c8   Data          32  uart_sample.o(.bss)
    tx_sem                                   0x200002e8   Data          32  uart_sample.o(.bss)
    spi_sem                                  0x20000308   Data          32  uart_sample.o(.bss)
    serial1                                  0x20000530   Data          84  drv_usart.o(.bss)
    serial2                                  0x20000584   Data          84  drv_usart.o(.bss)
    rt_thread_priority_table                 0x20000890   Data         256  scheduler.o(.bss)
    __libspace_start                         0x20000990   Data          96  libspace.o(.bss)
    __temporary_stack_top$libspace           0x200009f0   Data           0  libspace.o(.bss)
    Image$$RW_IRAM1$$ZI$$Limit               0x200011f0   Number         0  anon$$obj.o ABSOLUTE



==============================================================================

Memory Map of the image

  Image Entry point : 0x08000131

  Load Region LR_IROM1 (Base: 0x08000000, Size: 0x0000fcb0, Max: 0x00020000, ABSOLUTE, COMPRESSED[0x0000fadc])

    Execution Region ER_IROM1 (Exec base: 0x08000000, Load base: 0x08000000, Size: 0x0000fa38, Max: 0x00020000, ABSOLUTE)

    Exec Addr    Load Addr    Size         Type   Attr      Idx    E Section Name        Object

    0x08000000   0x08000000   0x00000130   Data   RO          729    RESET               startup_gd32f30x_hd.o
    0x08000130   0x08000130   0x00000008   Code   RO         1410  * !!!main             c_w.l(__main.o)
    0x08000138   0x08000138   0x00000034   Code   RO         1562    !!!scatter          c_w.l(__scatter.o)
    0x0800016c   0x0800016c   0x0000005a   Code   RO         1560    !!dczerorl2         c_w.l(__dczerorl2.o)
    0x080001c6   0x080001c6   0x00000002   PAD
    0x080001c8   0x080001c8   0x0000001c   Code   RO         1564    !!handler_zi        c_w.l(__scatter_zi.o)
    0x080001e4   0x080001e4   0x00000002   Code   RO         1439    .ARM.Collect$$libinit$$00000000  c_w.l(libinit.o)
    0x080001e6   0x080001e6   0x00000004   Code   RO         1445    .ARM.Collect$$libinit$$00000001  c_w.l(libinit2.o)
    0x080001ea   0x080001ea   0x00000000   Code   RO         1448    .ARM.Collect$$libinit$$00000004  c_w.l(libinit2.o)
    0x080001ea   0x080001ea   0x00000000   Code   RO         1451    .ARM.Collect$$libinit$$0000000A  c_w.l(libinit2.o)
    0x080001ea   0x080001ea   0x00000000   Code   RO         1453    .ARM.Collect$$libinit$$0000000C  c_w.l(libinit2.o)
    0x080001ea   0x080001ea   0x00000000   Code   RO         1455    .ARM.Collect$$libinit$$0000000E  c_w.l(libinit2.o)
    0x080001ea   0x080001ea   0x00000000   Code   RO         1458    .ARM.Collect$$libinit$$00000011  c_w.l(libinit2.o)
    0x080001ea   0x080001ea   0x00000000   Code   RO         1460    .ARM.Collect$$libinit$$00000013  c_w.l(libinit2.o)
    0x080001ea   0x080001ea   0x00000000   Code   RO         1462    .ARM.Collect$$libinit$$00000015  c_w.l(libinit2.o)
    0x080001ea   0x080001ea   0x00000000   Code   RO         1464    .ARM.Collect$$libinit$$00000017  c_w.l(libinit2.o)
    0x080001ea   0x080001ea   0x00000000   Code   RO         1466    .ARM.Collect$$libinit$$00000019  c_w.l(libinit2.o)
    0x080001ea   0x080001ea   0x00000000   Code   RO         1468    .ARM.Collect$$libinit$$0000001B  c_w.l(libinit2.o)
    0x080001ea   0x080001ea   0x00000000   Code   RO         1470    .ARM.Collect$$libinit$$0000001D  c_w.l(libinit2.o)
    0x080001ea   0x080001ea   0x00000000   Code   RO         1472    .ARM.Collect$$libinit$$0000001F  c_w.l(libinit2.o)
    0x080001ea   0x080001ea   0x00000000   Code   RO         1474    .ARM.Collect$$libinit$$00000021  c_w.l(libinit2.o)
    0x080001ea   0x080001ea   0x00000000   Code   RO         1476    .ARM.Collect$$libinit$$00000023  c_w.l(libinit2.o)
    0x080001ea   0x080001ea   0x00000000   Code   RO         1478    .ARM.Collect$$libinit$$00000025  c_w.l(libinit2.o)
    0x080001ea   0x080001ea   0x00000000   Code   RO         1482    .ARM.Collect$$libinit$$0000002C  c_w.l(libinit2.o)
    0x080001ea   0x080001ea   0x00000000   Code   RO         1484    .ARM.Collect$$libinit$$0000002E  c_w.l(libinit2.o)
    0x080001ea   0x080001ea   0x00000000   Code   RO         1486    .ARM.Collect$$libinit$$00000030  c_w.l(libinit2.o)
    0x080001ea   0x080001ea   0x00000000   Code   RO         1488    .ARM.Collect$$libinit$$00000032  c_w.l(libinit2.o)
    0x080001ea   0x080001ea   0x00000002   Code   RO         1489    .ARM.Collect$$libinit$$00000033  c_w.l(libinit2.o)
    0x080001ec   0x080001ec   0x00000002   Code   RO         1507    .ARM.Collect$$libshutdown$$00000000  c_w.l(libshutdown.o)
    0x080001ee   0x080001ee   0x00000000   Code   RO         1515    .ARM.Collect$$libshutdown$$00000002  c_w.l(libshutdown2.o)
    0x080001ee   0x080001ee   0x00000000   Code   RO         1517    .ARM.Collect$$libshutdown$$00000004  c_w.l(libshutdown2.o)
    0x080001ee   0x080001ee   0x00000000   Code   RO         1520    .ARM.Collect$$libshutdown$$00000007  c_w.l(libshutdown2.o)
    0x080001ee   0x080001ee   0x00000000   Code   RO         1523    .ARM.Collect$$libshutdown$$0000000A  c_w.l(libshutdown2.o)
    0x080001ee   0x080001ee   0x00000000   Code   RO         1525    .ARM.Collect$$libshutdown$$0000000C  c_w.l(libshutdown2.o)
    0x080001ee   0x080001ee   0x00000000   Code   RO         1528    .ARM.Collect$$libshutdown$$0000000F  c_w.l(libshutdown2.o)
    0x080001ee   0x080001ee   0x00000002   Code   RO         1529    .ARM.Collect$$libshutdown$$00000010  c_w.l(libshutdown2.o)
    0x080001f0   0x080001f0   0x00000000   Code   RO         1412    .ARM.Collect$$rtentry$$00000000  c_w.l(__rtentry.o)
    0x080001f0   0x080001f0   0x00000000   Code   RO         1416    .ARM.Collect$$rtentry$$00000002  c_w.l(__rtentry2.o)
    0x080001f0   0x080001f0   0x00000006   Code   RO         1428    .ARM.Collect$$rtentry$$00000004  c_w.l(__rtentry4.o)
    0x080001f6   0x080001f6   0x00000000   Code   RO         1418    .ARM.Collect$$rtentry$$00000009  c_w.l(__rtentry2.o)
    0x080001f6   0x080001f6   0x00000004   Code   RO         1419    .ARM.Collect$$rtentry$$0000000A  c_w.l(__rtentry2.o)
    0x080001fa   0x080001fa   0x00000000   Code   RO         1421    .ARM.Collect$$rtentry$$0000000C  c_w.l(__rtentry2.o)
    0x080001fa   0x080001fa   0x00000008   Code   RO         1422    .ARM.Collect$$rtentry$$0000000D  c_w.l(__rtentry2.o)
    0x08000202   0x08000202   0x00000002   Code   RO         1443    .ARM.Collect$$rtexit$$00000000  c_w.l(rtexit.o)
    0x08000204   0x08000204   0x00000000   Code   RO         1491    .ARM.Collect$$rtexit$$00000002  c_w.l(rtexit2.o)
    0x08000204   0x08000204   0x00000004   Code   RO         1492    .ARM.Collect$$rtexit$$00000003  c_w.l(rtexit2.o)
    0x08000208   0x08000208   0x00000006   Code   RO         1493    .ARM.Collect$$rtexit$$00000004  c_w.l(rtexit2.o)
    0x0800020e   0x0800020e   0x00000048   Code   RO            3    .text               main.o
    0x08000256   0x08000256   0x00000002   PAD
    0x08000258   0x08000258   0x000006cc   Code   RO          209    .text               spi_sample.o
    0x08000924   0x08000924   0x000002b4   Code   RO          298    .text               uart_sample.o
    0x08000bd8   0x08000bd8   0x000001b4   Code   RO          331    .text               syscalls.o
    0x08000d8c   0x08000d8c   0x00000078   Code   RO          379    .text               stdlib.o
    0x08000e04   0x08000e04   0x0000013c   Code   RO          459    .text               context_rvds.o
    0x08000f40   0x08000f40   0x0000058c   Code   RO          463    .text               cpuport.o
    0x080014cc   0x080014cc   0x00000f50   Code   RO          482    .text               can.o
    0x0800241c   0x0800241c   0x00000264   Code   RO          505    .text               completion.o
    0x08002680   0x08002680   0x000006c0   Code   RO          521    .text               dataqueue.o
    0x08002d40   0x08002d40   0x00000570   Code   RO          605    .text               workqueue.o
    0x080032b0   0x080032b0   0x00000250   Code   RO          625    .text               pin.o
    0x08003500   0x08003500   0x00000b6c   Code   RO          640    .text               serial.o
    0x0800406c   0x0800406c   0x000004fc   Code   RO          655    .text               spi_core.o
    0x08004568   0x08004568   0x000001d0   Code   RO          687    .text               spi_dev.o
    0x08004738   0x08004738   0x000000ac   Code   RO          702    .text               board.o
    0x080047e4   0x080047e4   0x00000040   Code   RO          730    .text               startup_gd32f30x_hd.o
    0x08004824   0x08004824   0x00000994   Code   RO          736    .text               drv_can.o
    0x080051b8   0x080051b8   0x00000370   Code   RO          792    .text               drv_gpio.o
    0x08005528   0x08005528   0x00000390   Code   RO          818    .text               drv_spi.o
    0x080058b8   0x080058b8   0x000002e8   Code   RO          849    .text               drv_usart.o
    0x08005ba0   0x08005ba0   0x000006dc   Code   RO          877    .text               shell.o
    0x0800627c   0x0800627c   0x00000328   Code   RO          910    .text               msh.o
    0x080065a4   0x080065a4   0x00000c40   Code   RO          932    .text               cmd.o
    0x080071e4   0x080071e4   0x000000b0   Code   RO          974    .text               clock.o
    0x08007294   0x08007294   0x000000d4   Code   RO          988    .text               components.o
    0x08007368   0x08007368   0x00000498   Code   RO         1008    .text               device.o
    0x08007800   0x08007800   0x0000013c   Code   RO         1022    .text               idle.o
    0x0800793c   0x0800793c   0x00001ed0   Code   RO         1040    .text               ipc.o
    0x0800980c   0x0800980c   0x00000064   Code   RO         1055    .text               irq.o
    0x08009870   0x08009870   0x00000a38   Code   RO         1070    .text               kservice.o
    0x0800a2a8   0x0800a2a8   0x00000738   Code   RO         1092    .text               mem.o
    0x0800a9e0   0x0800a9e0   0x000003bc   Code   RO         1124    .text               object.o
    0x0800ad9c   0x0800ad9c   0x00000320   Code   RO         1141    .text               scheduler.o
    0x0800b0bc   0x0800b0bc   0x000007bc   Code   RO         1159    .text               thread.o
    0x0800b878   0x0800b878   0x0000054c   Code   RO         1179    .text               timer.o
    0x0800bdc4   0x0800bdc4   0x000001bc   Code   RO         1197    .text               system_gd32f30x.o
    0x0800bf80   0x0800bf80   0x00000520   Code   RO         1223    .text               gd32f30x_rcu.o
    0x0800c4a0   0x0800c4a0   0x000003b4   Code   RO         1244    .text               gd32f30x_usart.o
    0x0800c854   0x0800c854   0x00000100   Code   RO         1264    .text               gd32f30x_exti.o
    0x0800c954   0x0800c954   0x00000260   Code   RO         1284    .text               gd32f30x_gpio.o
    0x0800cbb4   0x0800cbb4   0x000000fc   Code   RO         1304    .text               gd32f30x_misc.o
    0x0800ccb0   0x0800ccb0   0x0000007c   Code   RO         1325    .text               gd32f30x_dbg.o
    0x0800cd2c   0x0800cd2c   0x000002f8   Code   RO         1345    .text               gd32f30x_spi.o
    0x0800d024   0x0800d024   0x00000660   Code   RO         1365    .text               gd32f30x_can.o
    0x0800d684   0x0800d684   0x00000002   Code   RO         1386    .text               c_w.l(use_no_semi.o)
    0x0800d686   0x0800d686   0x00000058   Code   RO         1390    .text               c_w.l(memcmp.o)
    0x0800d6de   0x0800d6de   0x00000048   Code   RO         1392    .text               c_w.l(strcpy.o)
    0x0800d726   0x0800d726   0x0000003e   Code   RO         1394    .text               c_w.l(strlen.o)
    0x0800d764   0x0800d764   0x00000096   Code   RO         1396    .text               c_w.l(strncmp.o)
    0x0800d7fa   0x0800d7fa   0x00000018   Code   RO         1398    .text               c_w.l(strcat.o)
    0x0800d812   0x0800d812   0x00000064   Code   RO         1400    .text               c_w.l(rt_memcpy_w.o)
    0x0800d876   0x0800d876   0x0000004e   Code   RO         1402    .text               c_w.l(rt_memclr_w.o)
    0x0800d8c4   0x0800d8c4   0x00000056   Code   RO         1404    .text               c_w.l(strncpy.o)
    0x0800d91a   0x0800d91a   0x00000002   PAD
    0x0800d91c   0x0800d91c   0x00000080   Code   RO         1406    .text               c_w.l(strcmpv7m.o)
    0x0800d99c   0x0800d99c   0x00000006   Code   RO         1408    .text               c_w.l(heapauxi.o)
    0x0800d9a2   0x0800d9a2   0x00000044   Code   RO         1413    .text               c_w.l(rt_memclr.o)
    0x0800d9e6   0x0800d9e6   0x0000004a   Code   RO         1430    .text               c_w.l(sys_stackheap_outer.o)
    0x0800da30   0x0800da30   0x00000012   Code   RO         1432    .text               c_w.l(exit.o)
    0x0800da42   0x0800da42   0x00000002   PAD
    0x0800da44   0x0800da44   0x00000008   Code   RO         1440    .text               c_w.l(libspace.o)
    0x0800da4c   0x0800da4c   0x0000000a   Code   RO         1499    x$fpl$fpinit        fz_wm.l(fpinit.o)
    0x0800da56   0x0800da56   0x00000002   PAD
    0x0800da58   0x0800da58   0x00000018   Data   RO          300    .constdata          uart_sample.o
    0x0800da70   0x0800da70   0x00000059   Data   RO          332    .constdata          syscalls.o
    0x0800dac9   0x0800dac9   0x00000013   Data   RO          464    .constdata          cpuport.o
    0x0800dadc   0x0800dadc   0x000000a2   Data   RO          483    .constdata          can.o
    0x0800db7e   0x0800db7e   0x00000039   Data   RO          506    .constdata          completion.o
    0x0800dbb7   0x0800dbb7   0x00000086   Data   RO          522    .constdata          dataqueue.o
    0x0800dc3d   0x0800dc3d   0x0000010d   Data   RO          606    .constdata          workqueue.o
    0x0800dd4a   0x0800dd4a   0x00000088   Data   RO          627    .constdata          pin.o
    0x0800ddd2   0x0800ddd2   0x0000012a   Data   RO          641    .constdata          serial.o
    0x0800defc   0x0800defc   0x000000a3   Data   RO          656    .constdata          spi_core.o
    0x0800df9f   0x0800df9f   0x00000081   Data   RO          688    .constdata          spi_dev.o
    0x0800e020   0x0800e020   0x00000144   Data   RO          738    .constdata          drv_can.o
    0x0800e164   0x0800e164   0x0000053c   Data   RO          793    .constdata          drv_gpio.o
    0x0800e6a0   0x0800e6a0   0x00000056   Data   RO          821    .constdata          drv_spi.o
    0x0800e6f6   0x0800e6f6   0x00000002   PAD
    0x0800e6f8   0x0800e6f8   0x000000d0   Data   RO          851    .constdata          drv_usart.o
    0x0800e7c8   0x0800e7c8   0x00000087   Data   RO          879    .constdata          shell.o
    0x0800e84f   0x0800e84f   0x0000000e   Data   RO          911    .constdata          msh.o
    0x0800e85d   0x0800e85d   0x00000003   PAD
    0x0800e860   0x0800e860   0x00000078   Data   RO          933    .constdata          cmd.o
    0x0800e8d8   0x0800e8d8   0x00000014   Data   RO          989    .constdata          components.o
    0x0800e8ec   0x0800e8ec   0x000000ba   Data   RO         1009    .constdata          device.o
    0x0800e9a6   0x0800e9a6   0x0000021b   Data   RO         1041    .constdata          ipc.o
    0x0800ebc1   0x0800ebc1   0x00000143   Data   RO         1072    .constdata          kservice.o
    0x0800ed04   0x0800ed04   0x00000045   Data   RO         1093    .constdata          mem.o
    0x0800ed49   0x0800ed49   0x00000080   Data   RO         1125    .constdata          object.o
    0x0800edc9   0x0800edc9   0x0000004b   Data   RO         1143    .constdata          scheduler.o
    0x0800ee14   0x0800ee14   0x000000bb   Data   RO         1160    .constdata          thread.o
    0x0800eecf   0x0800eecf   0x0000006c   Data   RO         1180    .constdata          timer.o
    0x0800ef3b   0x0800ef3b   0x00000001   PAD
    0x0800ef3c   0x0800ef3c   0x000001d6   Data   RO          484    .conststring        can.o
    0x0800f112   0x0800f112   0x00000002   PAD
    0x0800f114   0x0800f114   0x00000063   Data   RO          642    .conststring        serial.o
    0x0800f177   0x0800f177   0x00000001   PAD
    0x0800f178   0x0800f178   0x00000005   Data   RO          739    .conststring        drv_can.o
    0x0800f17d   0x0800f17d   0x00000003   PAD
    0x0800f180   0x0800f180   0x00000005   Data   RO          822    .conststring        drv_spi.o
    0x0800f185   0x0800f185   0x00000003   PAD
    0x0800f188   0x0800f188   0x0000000e   Data   RO          852    .conststring        drv_usart.o
    0x0800f196   0x0800f196   0x00000002   PAD
    0x0800f198   0x0800f198   0x000001e5   Data   RO          934    .conststring        cmd.o
    0x0800f37d   0x0800f37d   0x00000003   PAD
    0x0800f380   0x0800f380   0x0000015a   Data   RO         1042    .conststring        ipc.o
    0x0800f4da   0x0800f4da   0x00000002   PAD
    0x0800f4dc   0x0800f4dc   0x0000006f   Data   RO         1073    .conststring        kservice.o
    0x0800f54b   0x0800f54b   0x00000001   PAD
    0x0800f54c   0x0800f54c   0x000001a8   Data   RO         1094    .conststring        mem.o
    0x0800f6f4   0x0800f6f4   0x00000042   Data   RO         1161    .conststring        thread.o
    0x0800f736   0x0800f736   0x00000008   Data   RO          486    .rodata.name        can.o
    0x0800f73e   0x0800f73e   0x00000017   Data   RO          487    .rodata.name        can.o
    0x0800f755   0x0800f755   0x00000005   Data   RO          912    .rodata.name        msh.o
    0x0800f75a   0x0800f75a   0x00000016   Data   RO          913    .rodata.name        msh.o
    0x0800f770   0x0800f770   0x00000003   Data   RO          914    .rodata.name        msh.o
    0x0800f773   0x0800f773   0x0000001c   Data   RO          915    .rodata.name        msh.o
    0x0800f78f   0x0800f78f   0x00000005   Data   RO          916    .rodata.name        msh.o
    0x0800f794   0x0800f794   0x00000025   Data   RO          917    .rodata.name        msh.o
    0x0800f7b9   0x0800f7b9   0x00000006   Data   RO          935    .rodata.name        cmd.o
    0x0800f7bf   0x0800f7bf   0x0000001a   Data   RO          936    .rodata.name        cmd.o
    0x0800f7d9   0x0800f7d9   0x00000008   Data   RO          937    .rodata.name        cmd.o
    0x0800f7e1   0x0800f7e1   0x00000023   Data   RO          938    .rodata.name        cmd.o
    0x0800f804   0x0800f804   0x0000000c   Data   RO          939    .rodata.name        cmd.o
    0x0800f810   0x0800f810   0x0000000c   Data   RO          940    .rodata.name        cmd.o
    0x0800f81c   0x0800f81c   0x00000009   Data   RO          941    .rodata.name        cmd.o
    0x0800f825   0x0800f825   0x00000019   Data   RO          942    .rodata.name        cmd.o
    0x0800f83e   0x0800f83e   0x0000000b   Data   RO          943    .rodata.name        cmd.o
    0x0800f849   0x0800f849   0x00000015   Data   RO          944    .rodata.name        cmd.o
    0x0800f85e   0x0800f85e   0x0000000b   Data   RO          945    .rodata.name        cmd.o
    0x0800f869   0x0800f869   0x00000015   Data   RO          946    .rodata.name        cmd.o
    0x0800f87e   0x0800f87e   0x0000000d   Data   RO          947    .rodata.name        cmd.o
    0x0800f88b   0x0800f88b   0x00000018   Data   RO          948    .rodata.name        cmd.o
    0x0800f8a3   0x0800f8a3   0x0000000e   Data   RO          949    .rodata.name        cmd.o
    0x0800f8b1   0x0800f8b1   0x0000001d   Data   RO          950    .rodata.name        cmd.o
    0x0800f8ce   0x0800f8ce   0x0000000d   Data   RO          951    .rodata.name        cmd.o
    0x0800f8db   0x0800f8db   0x0000001b   Data   RO          952    .rodata.name        cmd.o
    0x0800f8f6   0x0800f8f6   0x0000000b   Data   RO          953    .rodata.name        cmd.o
    0x0800f901   0x0800f901   0x00000015   Data   RO          954    .rodata.name        cmd.o
    0x0800f916   0x0800f916   0x0000000c   Data   RO          955    .rodata.name        cmd.o
    0x0800f922   0x0800f922   0x00000016   Data   RO          956    .rodata.name        cmd.o
    0x0800f938   0x0800f938   0x00000004   Data   RO          990    .rti_fn.0           components.o
    0x0800f93c   0x0800f93c   0x00000004   Data   RO          991    .rti_fn.0.end       components.o
    0x0800f940   0x0800f940   0x00000004   Data   RO          741    .rti_fn.1           drv_can.o
    0x0800f944   0x0800f944   0x00000004   Data   RO          795    .rti_fn.1           drv_gpio.o
    0x0800f948   0x0800f948   0x00000004   Data   RO          824    .rti_fn.1           drv_spi.o
    0x0800f94c   0x0800f94c   0x00000004   Data   RO          853    .rti_fn.1           drv_usart.o
    0x0800f950   0x0800f950   0x00000004   Data   RO          992    .rti_fn.1.end       components.o
    0x0800f954   0x0800f954   0x00000004   Data   RO          608    .rti_fn.2           workqueue.o
    0x0800f958   0x0800f958   0x00000004   Data   RO          213    .rti_fn.6           spi_sample.o
    0x0800f95c   0x0800f95c   0x00000004   Data   RO          881    .rti_fn.6           shell.o
    0x0800f960   0x0800f960   0x00000004   Data   RO          993    .rti_fn.6.end       components.o
    0x0800f964   0x0800f964   0x0000000c   Data   RO          488    FSymTab             can.o
    0x0800f970   0x0800f970   0x00000024   Data   RO          918    FSymTab             msh.o
    0x0800f994   0x0800f994   0x00000084   Data   RO          957    FSymTab             cmd.o
    0x0800fa18   0x0800fa18   0x00000020   Data   RO         1558    Region$$Table       anon$$obj.o


    Execution Region RW_IRAM1 (Exec base: 0x20000000, Load base: 0x0800fa38, Size: 0x000011f0, Max: 0x00008000, ABSOLUTE, COMPRESSED[0x000000a4])

    Exec Addr    Load Addr    Size         Type   Attr      Idx    E Section Name        Object

    0x20000000   COMPRESSED   0x0000001c   Data   RW          211    .data               spi_sample.o
    0x2000001c   COMPRESSED   0x00000004   Data   RW          212    .data               spi_sample.o
    0x20000020   COMPRESSED   0x00000018   Data   RW          301    .data               uart_sample.o
    0x20000038   COMPRESSED   0x00000004   Data   RW          465    .data               cpuport.o
    0x2000003c   COMPRESSED   0x00000004   Data   RW          466    .data               cpuport.o
    0x20000040   COMPRESSED   0x00000004   Data   RW          467    .data               cpuport.o
    0x20000044   COMPRESSED   0x00000004   Data   RW          468    .data               cpuport.o
    0x20000048   COMPRESSED   0x00000010   Data   RW          485    .data               can.o
    0x20000058   COMPRESSED   0x00000004   Data   RW          607    .data               workqueue.o
    0x2000005c   COMPRESSED   0x00000004   Data   RW          643    .data               serial.o
    0x20000060   COMPRESSED   0x00000018   Data   RW          740    .data               drv_can.o
    0x20000078   COMPRESSED   0x000000c0   Data   RW          794    .data               drv_gpio.o
    0x20000138   COMPRESSED   0x00000010   Data   RW          823    .data               drv_spi.o
    0x20000148   COMPRESSED   0x00000010   Data   RW          880    .data               shell.o
    0x20000158   COMPRESSED   0x00000008   Data   RW          975    .data               clock.o
    0x20000160   COMPRESSED   0x00000008   Data   RW         1024    .data               idle.o
    0x20000168   COMPRESSED   0x0000000c   Data   RW         1056    .data               irq.o
    0x20000174   COMPRESSED   0x00000018   Data   RW         1074    .data               kservice.o
    0x2000018c   COMPRESSED   0x000000b4   Data   RW         1126    .data               object.o
    0x20000240   COMPRESSED   0x00000014   Data   RW         1144    .data               scheduler.o
    0x20000254   COMPRESSED   0x0000000c   Data   RW         1162    .data               thread.o
    0x20000260   COMPRESSED   0x00000014   Data   RW         1181    .data               timer.o
    0x20000274   COMPRESSED   0x00000004   Data   RW         1198    .data               system_gd32f30x.o
    0x20000278        -       0x00000050   Zero   RW          210    .bss                spi_sample.o
    0x200002c8        -       0x00000060   Zero   RW          299    .bss                uart_sample.o
    0x20000328        -       0x00000044   Zero   RW          626    .bss                pin.o
    0x2000036c        -       0x00000104   Zero   RW          737    .bss                drv_can.o
    0x20000470        -       0x00000050   Zero   RW          819    .bss                drv_spi.o
    0x200004c0        -       0x00000070   Zero   RW          820    .bss                drv_spi.o
    0x20000530        -       0x000000a8   Zero   RW          850    .bss                drv_usart.o
    0x200005d8        -       0x00000081   Zero   RW          878    .bss                shell.o
    0x20000659   COMPRESSED   0x00000003   PAD
    0x2000065c        -       0x00000190   Zero   RW         1023    .bss                idle.o
    0x200007ec        -       0x000000a4   Zero   RW         1071    .bss                kservice.o
    0x20000890        -       0x00000100   Zero   RW         1142    .bss                scheduler.o
    0x20000990        -       0x00000060   Zero   RW         1441    .bss                c_w.l(libspace.o)
    0x200009f0        -       0x00000400   Zero   RW          728    HEAP                startup_gd32f30x_hd.o
    0x20000df0        -       0x00000400   Zero   RW          727    STACK               startup_gd32f30x_hd.o


==============================================================================

Image component sizes


      Code (inc. data)   RO Data    RW Data    ZI Data      Debug   Object Name

       172         26          0          0          0      27771   board.o
      3920        546        675         16          0      13452   can.o
       176          6          0          8          0       2392   clock.o
      3136       1222       1120          0          0      13431   cmd.o
       612        222         57          0          0       4843   completion.o
       212         40         36          0          0       2624   components.o
       316         28          0          0          0        828   context_rvds.o
      1420        740         19         16          0       5259   cpuport.o
      1728        262        134          0          0       5828   dataqueue.o
      1176        250        186          0          0       5281   device.o
      2452        190        333         24        260       7763   drv_can.o
       880         28       1344        192          0       6081   drv_gpio.o
       912        216         95         16        192       3805   drv_spi.o
       744         86        226          0        168      30435   drv_usart.o
      1632         34          0          0          0       8687   gd32f30x_can.o
       124          4          0          0          0       2002   gd32f30x_dbg.o
       256          4          0          0          0       2853   gd32f30x_exti.o
       608         12          0          0          0       5212   gd32f30x_gpio.o
       252         14          0          0          0       2715   gd32f30x_misc.o
      1312         70          0          0          0       9334   gd32f30x_rcu.o
       760         12          0          0          0       9282   gd32f30x_spi.o
       948         16          0          0          0      10940   gd32f30x_usart.o
       316         24          0          8        400       5950   idle.o
      7888       1050        885          0          0      22609   ipc.o
       100          6          0         12          0       2128   irq.o
      2616        304        434         24        164      17279   kservice.o
        72          0          0          0          0      75197   main.o
      1848        660        493          0          0       4977   mem.o
       808        176        150          0          0       4884   msh.o
       956        156        128        180          0       7387   object.o
       592         76        136          0         68       4891   pin.o
       800        142         75         20        256       5175   scheduler.o
      2924        374        397          4          0      10733   serial.o
      1756        176        139         16        129       7919   shell.o
      1276         86        163          0          0      20754   spi_core.o
       464        128        129          0          0       3319   spi_dev.o
      1740        208          4         32         80      31829   spi_sample.o
        64         26        304          0       2048        996   startup_gd32f30x_hd.o
       120         48          0          0          0        888   stdlib.o
       436         94         89          0          0       4796   syscalls.o
       444         52          0          4          0       2673   system_gd32f30x.o
      1980        390        253         12          0      11052   thread.o
      1356        292        108         20          0       6991   timer.o
       692         72         24         24         96       2719   uart_sample.o
         0          0          0          0          0       2532   waitqueue.o
      1392        160        273          4          0       9738   workqueue.o

    ----------------------------------------------------------------------
     54390       8728       8464        632       3864     448234   Object Totals
         0          0         32          0          0          0   (incl. Generated)
         2          0         23          0          3          0   (incl. Padding)

    ----------------------------------------------------------------------

      Code (inc. data)   RO Data    RW Data    ZI Data      Debug   Library Member Name

        90          0          0          0          0          0   __dczerorl2.o
         8          0          0          0          0         68   __main.o
         0          0          0          0          0          0   __rtentry.o
        12          0          0          0          0          0   __rtentry2.o
         6          0          0          0          0          0   __rtentry4.o
        52          8          0          0          0          0   __scatter.o
        28          0          0          0          0          0   __scatter_zi.o
        18          0          0          0          0         80   exit.o
         6          0          0          0          0        152   heapauxi.o
         2          0          0          0          0          0   libinit.o
         6          0          0          0          0          0   libinit2.o
         2          0          0          0          0          0   libshutdown.o
         2          0          0          0          0          0   libshutdown2.o
         8          4          0          0         96         68   libspace.o
        88          0          0          0          0         76   memcmp.o
        68          0          0          0          0         68   rt_memclr.o
        78          0          0          0          0         80   rt_memclr_w.o
       100          0          0          0          0         80   rt_memcpy_w.o
         2          0          0          0          0          0   rtexit.o
        10          0          0          0          0          0   rtexit2.o
        24          0          0          0          0         68   strcat.o
       128          0          0          0          0         68   strcmpv7m.o
        72          0          0          0          0         80   strcpy.o
        62          0          0          0          0         76   strlen.o
       150          0          0          0          0         80   strncmp.o
        86          0          0          0          0         76   strncpy.o
        74          0          0          0          0         80   sys_stackheap_outer.o
         2          0          0          0          0         68   use_no_semi.o
        10          0          0          0          0        116   fpinit.o

    ----------------------------------------------------------------------
      1202         12          0          0         96       1384   Library Totals
         8          0          0          0          0          0   (incl. Padding)

    ----------------------------------------------------------------------

      Code (inc. data)   RO Data    RW Data    ZI Data      Debug   Library Name

      1184         12          0          0         96       1268   c_w.l
        10          0          0          0          0        116   fz_wm.l

    ----------------------------------------------------------------------
      1202         12          0          0         96       1384   Library Totals

    ----------------------------------------------------------------------

==============================================================================


      Code (inc. data)   RO Data    RW Data    ZI Data      Debug   

     55592       8740       8464        632       3960     439794   Grand Totals
     55592       8740       8464        164       3960     439794   ELF Image Totals (compressed)
     55592       8740       8464        164          0          0   ROM Totals

==============================================================================

    Total RO  Size (Code + RO Data)                64056 (  62.55kB)
    Total RW  Size (RW Data + ZI Data)              4592 (   4.48kB)
    Total ROM Size (Code + RO Data + RW Data)      64220 (  62.71kB)

==============================================================================

